Archive member included because of file (symbol)

./mbed/TARGET_NUCLEO_F401RE/TOOLCHAIN_GCC_ARM/libmbed.a(serial_api.o)
                              mbed/TARGET_NUCLEO_F401RE/TOOLCHAIN_GCC_ARM/retarget.o (serial_init)
./mbed/TARGET_NUCLEO_F401RE/TOOLCHAIN_GCC_ARM/libmbed.a(us_ticker.o)
                              mbed/TARGET_NUCLEO_F401RE/TOOLCHAIN_GCC_ARM/mbed_overrides.o (us_ticker_read)
./mbed/TARGET_NUCLEO_F401RE/TOOLCHAIN_GCC_ARM/libmbed.a(FilePath.o)
                              mbed/TARGET_NUCLEO_F401RE/TOOLCHAIN_GCC_ARM/retarget.o (mbed::FilePath::FilePath(char const*))
./mbed/TARGET_NUCLEO_F401RE/TOOLCHAIN_GCC_ARM/libmbed.a(FileSystemLike.o)
                              mbed/TARGET_NUCLEO_F401RE/TOOLCHAIN_GCC_ARM/retarget.o (mbed::FileSystemLike::opendir())
./mbed/TARGET_NUCLEO_F401RE/TOOLCHAIN_GCC_ARM/libmbed.a(Serial.o)
                              main.o (mbed::Serial::Serial(PinName, PinName, char const*))
./mbed/TARGET_NUCLEO_F401RE/TOOLCHAIN_GCC_ARM/libmbed.a(SerialBase.o)
                              ./mbed/TARGET_NUCLEO_F401RE/TOOLCHAIN_GCC_ARM/libmbed.a(Serial.o) (mbed::SerialBase::SerialBase(PinName, PinName))
./mbed/TARGET_NUCLEO_F401RE/TOOLCHAIN_GCC_ARM/libmbed.a(Stream.o)
                              ./mbed/TARGET_NUCLEO_F401RE/TOOLCHAIN_GCC_ARM/libmbed.a(Serial.o) (mbed::Stream::close())
./mbed/TARGET_NUCLEO_F401RE/TOOLCHAIN_GCC_ARM/libmbed.a(assert.o)
                              mbed/TARGET_NUCLEO_F401RE/TOOLCHAIN_GCC_ARM/board.o (mbed_assert_internal)
./mbed/TARGET_NUCLEO_F401RE/TOOLCHAIN_GCC_ARM/libmbed.a(error.o)
                              mbed-rtos/rtx/TARGET_CORTEX_M/RTX_Conf_CM.o (error)
./mbed/TARGET_NUCLEO_F401RE/TOOLCHAIN_GCC_ARM/libmbed.a(gpio.o)
                              main.o (gpio_init_out)
./mbed/TARGET_NUCLEO_F401RE/TOOLCHAIN_GCC_ARM/libmbed.a(pinmap_common.o)
                              ./mbed/TARGET_NUCLEO_F401RE/TOOLCHAIN_GCC_ARM/libmbed.a(serial_api.o) (pinmap_pinout)
./mbed/TARGET_NUCLEO_F401RE/TOOLCHAIN_GCC_ARM/libmbed.a(us_ticker_api.o)
                              mbed/TARGET_NUCLEO_F401RE/TOOLCHAIN_GCC_ARM/hal_tick.o (us_ticker_irq_handler)
./mbed/TARGET_NUCLEO_F401RE/TOOLCHAIN_GCC_ARM/libmbed.a(ticker_api.o)
                              ./mbed/TARGET_NUCLEO_F401RE/TOOLCHAIN_GCC_ARM/libmbed.a(us_ticker_api.o) (ticker_irq_handler)
./mbed/TARGET_NUCLEO_F401RE/TOOLCHAIN_GCC_ARM/libmbed.a(wait_api.o)
                              ./mbed/TARGET_NUCLEO_F401RE/TOOLCHAIN_GCC_ARM/libmbed.a(SerialBase.o) (wait_us)
./mbed/TARGET_NUCLEO_F401RE/TOOLCHAIN_GCC_ARM/libmbed.a(PeripheralPins.o)
                              ./mbed/TARGET_NUCLEO_F401RE/TOOLCHAIN_GCC_ARM/libmbed.a(serial_api.o) (PinMap_UART_CTS)
./mbed/TARGET_NUCLEO_F401RE/TOOLCHAIN_GCC_ARM/libmbed.a(gpio_api.o)
                              ./mbed/TARGET_NUCLEO_F401RE/TOOLCHAIN_GCC_ARM/libmbed.a(gpio.o) (gpio_init)
./mbed/TARGET_NUCLEO_F401RE/TOOLCHAIN_GCC_ARM/libmbed.a(pinmap.o)
                              ./mbed/TARGET_NUCLEO_F401RE/TOOLCHAIN_GCC_ARM/libmbed.a(gpio_api.o) (Set_GPIO_Clock)
./mbed/TARGET_NUCLEO_F401RE/TOOLCHAIN_GCC_ARM/libmbed.a(FileBase.o)
                              ./mbed/TARGET_NUCLEO_F401RE/TOOLCHAIN_GCC_ARM/libmbed.a(FileSystemLike.o) (mbed::FileBase::~FileBase())
./mbed/TARGET_NUCLEO_F401RE/TOOLCHAIN_GCC_ARM/libmbed.a(FileLike.o)
                              ./mbed/TARGET_NUCLEO_F401RE/TOOLCHAIN_GCC_ARM/libmbed.a(Stream.o) (mbed::FileLike::FileLike(char const*))
/usr/bin/../lib/gcc/arm-none-eabi/4.9.3/../../../../arm-none-eabi/lib/armv7e-m/softfp/libstdc++_nano.a(del_op.o)
                              main.o (operator delete(void*))
/usr/bin/../lib/gcc/arm-none-eabi/4.9.3/../../../../arm-none-eabi/lib/armv7e-m/softfp/libstdc++_nano.a(new_op.o)
                              ./mbed/TARGET_NUCLEO_F401RE/TOOLCHAIN_GCC_ARM/libmbed.a(FileSystemLike.o) (operator new(unsigned int))
/usr/bin/../lib/gcc/arm-none-eabi/4.9.3/../../../../arm-none-eabi/lib/armv7e-m/softfp/libstdc++_nano.a(del_opv.o)
                              mbed-rtos/rtos/Thread.o (operator delete[](void*))
/usr/bin/../lib/gcc/arm-none-eabi/4.9.3/../../../../arm-none-eabi/lib/armv7e-m/softfp/libstdc++_nano.a(atexit_arm.o)
                              main.o (__aeabi_atexit)
/usr/bin/../lib/gcc/arm-none-eabi/4.9.3/../../../../arm-none-eabi/lib/armv7e-m/softfp/libstdc++_nano.a(new_opv.o)
                              mbed-rtos/rtos/Thread.o (operator new[](unsigned int))
/usr/bin/../lib/gcc/arm-none-eabi/4.9.3/../../../../arm-none-eabi/lib/armv7e-m/softfp/libstdc++_nano.a(new_handler.o)
                              /usr/bin/../lib/gcc/arm-none-eabi/4.9.3/../../../../arm-none-eabi/lib/armv7e-m/softfp/libstdc++_nano.a(new_op.o) (std::get_new_handler())
/usr/bin/../lib/gcc/arm-none-eabi/4.9.3/../../../../arm-none-eabi/lib/armv7e-m/softfp/libc_nano.a(lib_a-abort.o)
[...]
Memory Configuration

Name             Origin             Length             Attributes
FLASH            0x0000000008000000 0x0000000000080000 xr
RAM              0x0000000020000194 0x0000000000017e6c xrw
*default*        0x0000000000000000 0xffffffffffffffff

Linker script and memory map

LOAD /usr/bin/../lib/gcc/arm-none-eabi/4.9.3/armv7e-m/softfp/crti.o
LOAD /usr/bin/../lib/gcc/arm-none-eabi/4.9.3/armv7e-m/softfp/crtbegin.o
LOAD /usr/bin/../lib/gcc/arm-none-eabi/4.9.3/../../../../arm-none-eabi/lib/armv7e-m/softfp/crt0.o
LOAD mbed-rtos/rtx/TARGET_CORTEX_M/TARGET_RTOS_M4_M7/TOOLCHAIN_GCC/HAL_CM4.o
LOAD mbed-rtos/rtx/TARGET_CORTEX_M/TARGET_RTOS_M4_M7/TOOLCHAIN_GCC/SVC_Table.o
LOAD mbed-rtos/rtos/rtos_idle.o
LOAD mbed-rtos/rtx/TARGET_CORTEX_M/HAL_CM.o
LOAD mbed-rtos/rtx/TARGET_CORTEX_M/RTX_Conf_CM.o
LOAD mbed-rtos/rtx/TARGET_CORTEX_M/rt_CMSIS.o
LOAD mbed-rtos/rtx/TARGET_CORTEX_M/rt_Event.o
LOAD mbed-rtos/rtx/TARGET_CORTEX_M/rt_List.o
LOAD mbed-rtos/rtx/TARGET_CORTEX_M/rt_Mailbox.o
LOAD mbed-rtos/rtx/TARGET_CORTEX_M/rt_MemBox.o
LOAD mbed-rtos/rtx/TARGET_CORTEX_M/rt_Memory.o
LOAD mbed-rtos/rtx/TARGET_CORTEX_M/rt_Mutex.o
LOAD mbed-rtos/rtx/TARGET_CORTEX_M/rt_Robin.o
LOAD mbed-rtos/rtx/TARGET_CORTEX_M/rt_Semaphore.o
LOAD mbed-rtos/rtx/TARGET_CORTEX_M/rt_System.o
LOAD mbed-rtos/rtx/TARGET_CORTEX_M/rt_Task.o
LOAD mbed-rtos/rtx/TARGET_CORTEX_M/rt_Time.o
LOAD mbed-rtos/rtx/TARGET_CORTEX_M/rt_Timer.o
LOAD main.o
LOAD mbed-rtos/rtos/Mutex.o
LOAD mbed-rtos/rtos/RtosTimer.o
LOAD mbed-rtos/rtos/Semaphore.o
LOAD mbed-rtos/rtos/Thread.o
LOAD mbed/TARGET_NUCLEO_F401RE/TOOLCHAIN_GCC_ARM/stm32f4xx_hal_flash_ramfunc.o
LOAD mbed/TARGET_NUCLEO_F401RE/TOOLCHAIN_GCC_ARM/board.o
LOAD mbed/TARGET_NUCLEO_F401RE/TOOLCHAIN_GCC_ARM/cmsis_nvic.o
LOAD mbed/TARGET_NUCLEO_F401RE/TOOLCHAIN_GCC_ARM/hal_tick.o
LOAD mbed/TARGET_NUCLEO_F401RE/TOOLCHAIN_GCC_ARM/mbed_overrides.o
LOAD mbed/TARGET_NUCLEO_F401RE/TOOLCHAIN_GCC_ARM/retarget.o
LOAD mbed/TARGET_NUCLEO_F401RE/TOOLCHAIN_GCC_ARM/startup_stm32f401xe.o
LOAD mbed/TARGET_NUCLEO_F401RE/TOOLCHAIN_GCC_ARM/stm32f4xx_hal.o
LOAD mbed/TARGET_NUCLEO_F401RE/TOOLCHAIN_GCC_ARM/stm32f4xx_hal_adc.o
LOAD mbed/TARGET_NUCLEO_F401RE/TOOLCHAIN_GCC_ARM/stm32f4xx_hal_adc_ex.o
LOAD mbed/TARGET_NUCLEO_F401RE/TOOLCHAIN_GCC_ARM/stm32f4xx_hal_can.o
LOAD mbed/TARGET_NUCLEO_F401RE/TOOLCHAIN_GCC_ARM/stm32f4xx_hal_cec.o
LOAD mbed/TARGET_NUCLEO_F401RE/TOOLCHAIN_GCC_ARM/stm32f4xx_hal_cortex.o
LOAD mbed/TARGET_NUCLEO_F401RE/TOOLCHAIN_GCC_ARM/stm32f4xx_hal_crc.o
LOAD mbed/TARGET_NUCLEO_F401RE/TOOLCHAIN_GCC_ARM/stm32f4xx_hal_cryp.o
LOAD mbed/TARGET_NUCLEO_F401RE/TOOLCHAIN_GCC_ARM/stm32f4xx_hal_cryp_ex.o
LOAD mbed/TARGET_NUCLEO_F401RE/TOOLCHAIN_GCC_ARM/stm32f4xx_hal_dac.o
LOAD mbed/TARGET_NUCLEO_F401RE/TOOLCHAIN_GCC_ARM/stm32f4xx_hal_dac_ex.o
LOAD mbed/TARGET_NUCLEO_F401RE/TOOLCHAIN_GCC_ARM/stm32f4xx_hal_dcmi.o
LOAD mbed/TARGET_NUCLEO_F401RE/TOOLCHAIN_GCC_ARM/stm32f4xx_hal_dcmi_ex.o
LOAD mbed/TARGET_NUCLEO_F401RE/TOOLCHAIN_GCC_ARM/stm32f4xx_hal_dma.o
LOAD mbed/TARGET_NUCLEO_F401RE/TOOLCHAIN_GCC_ARM/stm32f4xx_hal_dma2d.o
LOAD mbed/TARGET_NUCLEO_F401RE/TOOLCHAIN_GCC_ARM/stm32f4xx_hal_dma_ex.o
LOAD mbed/TARGET_NUCLEO_F401RE/TOOLCHAIN_GCC_ARM/stm32f4xx_hal_dsi.o
LOAD mbed/TARGET_NUCLEO_F401RE/TOOLCHAIN_GCC_ARM/stm32f4xx_hal_eth.o
LOAD mbed/TARGET_NUCLEO_F401RE/TOOLCHAIN_GCC_ARM/stm32f4xx_hal_flash.o
LOAD mbed/TARGET_NUCLEO_F401RE/TOOLCHAIN_GCC_ARM/stm32f4xx_hal_flash_ex.o
LOAD mbed/TARGET_NUCLEO_F401RE/TOOLCHAIN_GCC_ARM/stm32f4xx_hal_fmpi2c_ex.o
LOAD mbed/TARGET_NUCLEO_F401RE/TOOLCHAIN_GCC_ARM/stm32f4xx_hal_fmpi2c.o
LOAD mbed/TARGET_NUCLEO_F401RE/TOOLCHAIN_GCC_ARM/stm32f4xx_hal_msp_template.o
LOAD mbed/TARGET_NUCLEO_F401RE/TOOLCHAIN_GCC_ARM/stm32f4xx_hal_gpio.o
LOAD mbed/TARGET_NUCLEO_F401RE/TOOLCHAIN_GCC_ARM/stm32f4xx_hal_hash.o
LOAD mbed/TARGET_NUCLEO_F401RE/TOOLCHAIN_GCC_ARM/stm32f4xx_hal_hash_ex.o
LOAD mbed/TARGET_NUCLEO_F401RE/TOOLCHAIN_GCC_ARM/stm32f4xx_hal_hcd.o
LOAD mbed/TARGET_NUCLEO_F401RE/TOOLCHAIN_GCC_ARM/stm32f4xx_hal_i2c.o
LOAD mbed/TARGET_NUCLEO_F401RE/TOOLCHAIN_GCC_ARM/stm32f4xx_hal_i2c_ex.o
LOAD mbed/TARGET_NUCLEO_F401RE/TOOLCHAIN_GCC_ARM/stm32f4xx_hal_i2s.o
LOAD mbed/TARGET_NUCLEO_F401RE/TOOLCHAIN_GCC_ARM/stm32f4xx_hal_i2s_ex.o
LOAD mbed/TARGET_NUCLEO_F401RE/TOOLCHAIN_GCC_ARM/stm32f4xx_hal_irda.o
LOAD mbed/TARGET_NUCLEO_F401RE/TOOLCHAIN_GCC_ARM/stm32f4xx_hal_iwdg.o
LOAD mbed/TARGET_NUCLEO_F401RE/TOOLCHAIN_GCC_ARM/stm32f4xx_hal_lptim.o
LOAD mbed/TARGET_NUCLEO_F401RE/TOOLCHAIN_GCC_ARM/stm32f4xx_hal_ltdc.o
LOAD mbed/TARGET_NUCLEO_F401RE/TOOLCHAIN_GCC_ARM/stm32f4xx_hal_ltdc_ex.o
LOAD mbed/TARGET_NUCLEO_F401RE/TOOLCHAIN_GCC_ARM/stm32f4xx_hal_smartcard.o
LOAD mbed/TARGET_NUCLEO_F401RE/TOOLCHAIN_GCC_ARM/stm32f4xx_hal_nand.o
LOAD mbed/TARGET_NUCLEO_F401RE/TOOLCHAIN_GCC_ARM/stm32f4xx_hal_nor.o
LOAD mbed/TARGET_NUCLEO_F401RE/TOOLCHAIN_GCC_ARM/stm32f4xx_hal_pccard.o
LOAD mbed/TARGET_NUCLEO_F401RE/TOOLCHAIN_GCC_ARM/stm32f4xx_hal_pcd.o
LOAD mbed/TARGET_NUCLEO_F401RE/TOOLCHAIN_GCC_ARM/stm32f4xx_hal_pcd_ex.o
LOAD mbed/TARGET_NUCLEO_F401RE/TOOLCHAIN_GCC_ARM/stm32f4xx_hal_pwr.o
LOAD mbed/TARGET_NUCLEO_F401RE/TOOLCHAIN_GCC_ARM/stm32f4xx_hal_pwr_ex.o
LOAD mbed/TARGET_NUCLEO_F401RE/TOOLCHAIN_GCC_ARM/stm32f4xx_hal_qspi.o
LOAD mbed/TARGET_NUCLEO_F401RE/TOOLCHAIN_GCC_ARM/stm32f4xx_hal_rcc.o
LOAD mbed/TARGET_NUCLEO_F401RE/TOOLCHAIN_GCC_ARM/stm32f4xx_hal_rcc_ex.o
LOAD mbed/TARGET_NUCLEO_F401RE/TOOLCHAIN_GCC_ARM/stm32f4xx_hal_rng.o
LOAD mbed/TARGET_NUCLEO_F401RE/TOOLCHAIN_GCC_ARM/stm32f4xx_hal_rtc.o
LOAD mbed/TARGET_NUCLEO_F401RE/TOOLCHAIN_GCC_ARM/stm32f4xx_hal_rtc_ex.o
LOAD mbed/TARGET_NUCLEO_F401RE/TOOLCHAIN_GCC_ARM/stm32f4xx_hal_sai.o
LOAD mbed/TARGET_NUCLEO_F401RE/TOOLCHAIN_GCC_ARM/stm32f4xx_hal_sai_ex.o
LOAD mbed/TARGET_NUCLEO_F401RE/TOOLCHAIN_GCC_ARM/stm32f4xx_hal_sd.o
LOAD mbed/TARGET_NUCLEO_F401RE/TOOLCHAIN_GCC_ARM/stm32f4xx_hal_sdram.o
LOAD mbed/TARGET_NUCLEO_F401RE/TOOLCHAIN_GCC_ARM/stm32f4xx_hal_spdifrx.o
LOAD mbed/TARGET_NUCLEO_F401RE/TOOLCHAIN_GCC_ARM/stm32f4xx_hal_spi.o
LOAD mbed/TARGET_NUCLEO_F401RE/TOOLCHAIN_GCC_ARM/stm32f4xx_hal_sram.o
LOAD mbed/TARGET_NUCLEO_F401RE/TOOLCHAIN_GCC_ARM/stm32f4xx_hal_tim.o
LOAD mbed/TARGET_NUCLEO_F401RE/TOOLCHAIN_GCC_ARM/stm32f4xx_hal_tim_ex.o
LOAD mbed/TARGET_NUCLEO_F401RE/TOOLCHAIN_GCC_ARM/stm32f4xx_hal_uart.o
LOAD mbed/TARGET_NUCLEO_F401RE/TOOLCHAIN_GCC_ARM/stm32f4xx_hal_usart.o
LOAD mbed/TARGET_NUCLEO_F401RE/TOOLCHAIN_GCC_ARM/stm32f4xx_hal_wwdg.o
LOAD mbed/TARGET_NUCLEO_F401RE/TOOLCHAIN_GCC_ARM/stm32f4xx_ll_fmc.o
LOAD mbed/TARGET_NUCLEO_F401RE/TOOLCHAIN_GCC_ARM/stm32f4xx_ll_fsmc.o
LOAD mbed/TARGET_NUCLEO_F401RE/TOOLCHAIN_GCC_ARM/stm32f4xx_ll_sdmmc.o
LOAD mbed/TARGET_NUCLEO_F401RE/TOOLCHAIN_GCC_ARM/stm32f4xx_ll_usb.o
LOAD mbed/TARGET_NUCLEO_F401RE/TOOLCHAIN_GCC_ARM/system_stm32f4xx.o
START GROUP
LOAD ./mbed/TARGET_NUCLEO_F401RE/TOOLCHAIN_GCC_ARM/libmbed.a
LOAD /usr/bin/../lib/gcc/arm-none-eabi/4.9.3/../../../../arm-none-eabi/lib/armv7e-m/softfp/libstdc++_nano.a
LOAD /usr/bin/../lib/gcc/arm-none-eabi/4.9.3/../../../../arm-none-eabi/lib/armv7e-m/softfp/libsupc++_nano.a
LOAD /usr/bin/../lib/gcc/arm-none-eabi/4.9.3/../../../../arm-none-eabi/lib/armv7e-m/softfp/libm.a
LOAD /usr/bin/../lib/gcc/arm-none-eabi/4.9.3/../../../../arm-none-eabi/lib/armv7e-m/softfp/libc_nano.a
LOAD /usr/bin/../lib/gcc/arm-none-eabi/4.9.3/armv7e-m/softfp/libgcc.a
LOAD /usr/bin/../lib/gcc/arm-none-eabi/4.9.3/../../../../arm-none-eabi/lib/armv7e-m/softfp/libnosys.a
END GROUP
START GROUP
LOAD /usr/bin/../lib/gcc/arm-none-eabi/4.9.3/armv7e-m/softfp/libgcc.a
LOAD /usr/bin/../lib/gcc/arm-none-eabi/4.9.3/../../../../arm-none-eabi/lib/armv7e-m/softfp/libc_nano.a
END GROUP
START GROUP
LOAD /usr/bin/../lib/gcc/arm-none-eabi/4.9.3/armv7e-m/softfp/libgcc.a
LOAD /usr/bin/../lib/gcc/arm-none-eabi/4.9.3/../../../../arm-none-eabi/lib/armv7e-m/softfp/libc_nano.a
END GROUP
LOAD /usr/bin/../lib/gcc/arm-none-eabi/4.9.3/armv7e-m/softfp/crtend.o
LOAD /usr/bin/../lib/gcc/arm-none-eabi/4.9.3/armv7e-m/softfp/crtn.o

.text           0x0000000008000000     0x9c10
 *(.isr_vector)
 .isr_vector    0x0000000008000000      0x194 mbed/TARGET_NUCLEO_F401RE/TOOLCHAIN_GCC_ARM/startup_stm32f401xe.o
                0x0000000008000000                g_pfnVectors
 *(.text*)
 .text          0x0000000008000194       0x5c /usr/bin/../lib/gcc/arm-none-eabi/4.9.3/armv7e-m/softfp/crtbegin.o
 .text          0x00000000080001f0       0x74 /usr/bin/../lib/gcc/arm-none-eabi/4.9.3/../../../../arm-none-eabi/lib/armv7e-m/softfp/crt0.o
                0x00000000080001f0                _mainCRTStartup
                0x00000000080001f0                _start
 .text          0x0000000008000264      0x188 mbed-rtos/rtx/TARGET_CORTEX_M/TARGET_RTOS_M4_M7/TOOLCHAIN_GCC/HAL_CM4.o
                0x0000000008000264                rt_set_PSP
                0x000000000800026a                rt_get_PSP
                0x0000000008000270                os_set_env
                0x0000000008000288                _alloc_box
                0x00000000080002a4                _free_box
                0x00000000080002c0                SVC_Handler
                0x000000000800035e                PendSV_Handler
                0x0000000008000364                Sys_Switch
                0x00000000080003b6                SysTick_Handler
                0x00000000080003c0                OS_Tick_Handler
 .text.default_idle_hook
                0x00000000080003ec        0x2 mbed-rtos/rtos/rtos_idle.o
 *fill*         0x00000000080003ee        0x2 
 .text.rtos_idle_loop
                0x00000000080003f0       0x10 mbed-rtos/rtos/rtos_idle.o
                0x00000000080003f0                rtos_idle_loop
 .text.rt_init_stack
                0x0000000008000400       0x94 mbed-rtos/rtx/TARGET_CORTEX_M/HAL_CM.o
                0x0000000008000400                rt_init_stack
 .text.rt_ret_val
                0x0000000008000494       0x12 mbed-rtos/rtx/TARGET_CORTEX_M/HAL_CM.o
                0x0000000008000494                rt_ret_val
 .text.rt_ret_val2
                0x00000000080004a6       0x16 mbed-rtos/rtx/TARGET_CORTEX_M/HAL_CM.o
                0x00000000080004a6                rt_ret_val2
 .text.pre_main
                0x00000000080004bc       0x1c mbed-rtos/rtx/TARGET_CORTEX_M/RTX_Conf_CM.o
                0x00000000080004bc                pre_main
 .text.os_idle_demon
                0x00000000080004d8        0x4 mbed-rtos/rtx/TARGET_CORTEX_M/RTX_Conf_CM.o
                0x00000000080004d8                os_idle_demon
 .text.os_error
                0x00000000080004dc       0x1c mbed-rtos/rtx/TARGET_CORTEX_M/RTX_Conf_CM.o
                0x00000000080004dc                os_error
 .text.set_main_stack
                0x00000000080004f8       0x1c mbed-rtos/rtx/TARGET_CORTEX_M/RTX_Conf_CM.o
                0x00000000080004f8                set_main_stack
 .text.software_init_hook
                0x0000000008000514       0x1c mbed-rtos/rtx/TARGET_CORTEX_M/RTX_Conf_CM.o
                0x0000000008000514                software_init_hook
 .text.osThreadExit
                0x0000000008000530       0x18 mbed-rtos/rtx/TARGET_CORTEX_M/rt_CMSIS.o
                0x0000000008000530                osThreadExit
 .text.rt_timer_insert
                0x0000000008000548       0x34 mbed-rtos/rtx/TARGET_CORTEX_M/rt_CMSIS.o
 .text.rt_ms2tick
                0x000000000800057c       0x40 mbed-rtos/rtx/TARGET_CORTEX_M/rt_CMSIS.o
 .text.rt_tid2ptcb
                0x00000000080005bc       0x14 mbed-rtos/rtx/TARGET_CORTEX_M/rt_CMSIS.o
                0x00000000080005bc                rt_tid2ptcb
 .text.svcKernelStart
                0x00000000080005d0       0x44 mbed-rtos/rtx/TARGET_CORTEX_M/rt_CMSIS.o
                0x00000000080005d0                svcKernelStart
 .text.osKernelStart
                0x0000000008000614       0x6c mbed-rtos/rtx/TARGET_CORTEX_M/rt_CMSIS.o
                0x0000000008000614                osKernelStart
 .text.svcThreadCreate
                0x0000000008000680       0x50 mbed-rtos/rtx/TARGET_CORTEX_M/rt_CMSIS.o
                0x0000000008000680                svcThreadCreate
 .text.svcThreadGetId
                0x00000000080006d0       0x18 mbed-rtos/rtx/TARGET_CORTEX_M/rt_CMSIS.o
                0x00000000080006d0                svcThreadGetId
 .text.svcThreadTerminate
                0x00000000080006e8       0x1c mbed-rtos/rtx/TARGET_CORTEX_M/rt_CMSIS.o
                0x00000000080006e8                svcThreadTerminate
 .text.osThreadCreate
                0x0000000008000704       0x3c mbed-rtos/rtx/TARGET_CORTEX_M/rt_CMSIS.o
                0x0000000008000704                osThreadCreate
 .text.osThreadTerminate
                0x0000000008000740       0x18 mbed-rtos/rtx/TARGET_CORTEX_M/rt_CMSIS.o
                0x0000000008000740                osThreadTerminate
 .text.svcDelay
                0x0000000008000758       0x12 mbed-rtos/rtx/TARGET_CORTEX_M/rt_CMSIS.o
                0x0000000008000758                svcDelay
 *fill*         0x000000000800076a        0x2 
 .text.osDelay  0x000000000800076c       0x18 mbed-rtos/rtx/TARGET_CORTEX_M/rt_CMSIS.o
                0x000000000800076c                osDelay
 .text.svcTimerCall
                0x0000000008000784       0x1a mbed-rtos/rtx/TARGET_CORTEX_M/rt_CMSIS.o
                0x0000000008000784                svcTimerCall
 *fill*         0x000000000800079e        0x2 
 .text.osTimerCall
                0x00000000080007a0       0x18 mbed-rtos/rtx/TARGET_CORTEX_M/rt_CMSIS.o
                0x00000000080007a0                osTimerCall
 .text.svcMessageCreate
                0x00000000080007b8       0x2a mbed-rtos/rtx/TARGET_CORTEX_M/rt_CMSIS.o
                0x00000000080007b8                svcMessageCreate
 *fill*         0x00000000080007e2        0x2 
 .text.svcKernelInitialize
                0x00000000080007e4       0x58 mbed-rtos/rtx/TARGET_CORTEX_M/rt_CMSIS.o
                0x00000000080007e4                svcKernelInitialize
 .text.osKernelInitialize
                0x000000000800083c       0x28 mbed-rtos/rtx/TARGET_CORTEX_M/rt_CMSIS.o
                0x000000000800083c                osKernelInitialize
 .text.svcMessageGet
                0x0000000008000864       0x68 mbed-rtos/rtx/TARGET_CORTEX_M/rt_CMSIS.o
                0x0000000008000864                svcMessageGet
 .text.isrMessagePut
                0x00000000080008cc       0x2c mbed-rtos/rtx/TARGET_CORTEX_M/rt_CMSIS.o
                0x00000000080008cc                isrMessagePut
 .text.sysTimerTick
                0x00000000080008f8       0x50 mbed-rtos/rtx/TARGET_CORTEX_M/rt_CMSIS.o
                0x00000000080008f8                sysTimerTick
 .text.isrMessageGet
                0x0000000008000948       0x3a mbed-rtos/rtx/TARGET_CORTEX_M/rt_CMSIS.o
                0x0000000008000948                isrMessageGet
 *fill*         0x0000000008000982        0x2 
 .text.osMessageGet
                0x0000000008000984       0x28 mbed-rtos/rtx/TARGET_CORTEX_M/rt_CMSIS.o
                0x0000000008000984                osMessageGet
 .text.osTimerThread
                0x00000000080009ac       0x30 mbed-rtos/rtx/TARGET_CORTEX_M/rt_CMSIS.o
                0x00000000080009ac                osTimerThread
 .text.rt_evt_psh
                0x00000000080009dc       0x54 mbed-rtos/rtx/TARGET_CORTEX_M/rt_Event.o
                0x00000000080009dc                rt_evt_psh
 .text.rt_put_prio
                0x0000000008000a30       0x30 mbed-rtos/rtx/TARGET_CORTEX_M/rt_List.o
                0x0000000008000a30                rt_put_prio
 .text.rt_get_first
                0x0000000008000a60       0x22 mbed-rtos/rtx/TARGET_CORTEX_M/rt_List.o
                0x0000000008000a60                rt_get_first
 *fill*         0x0000000008000a82        0x2 
 .text.rt_put_rdy_first
                0x0000000008000a84       0x14 mbed-rtos/rtx/TARGET_CORTEX_M/rt_List.o
                0x0000000008000a84                rt_put_rdy_first
 .text.rt_put_dly
                0x0000000008000a98       0x4c mbed-rtos/rtx/TARGET_CORTEX_M/rt_List.o
                0x0000000008000a98                rt_put_dly
 .text.rt_dec_dly
                0x0000000008000ae4       0x74 mbed-rtos/rtx/TARGET_CORTEX_M/rt_List.o
                0x0000000008000ae4                rt_dec_dly
 .text.rt_rmv_list
                0x0000000008000b58       0x2c mbed-rtos/rtx/TARGET_CORTEX_M/rt_List.o
                0x0000000008000b58                rt_rmv_list
 .text.rt_resort_prio
                0x0000000008000b84       0x34 mbed-rtos/rtx/TARGET_CORTEX_M/rt_List.o
                0x0000000008000b84                rt_resort_prio
 .text.rt_rmv_dly
                0x0000000008000bb8       0x26 mbed-rtos/rtx/TARGET_CORTEX_M/rt_List.o
                0x0000000008000bb8                rt_rmv_dly
 *fill*         0x0000000008000bde        0x2 
 .text.rt_psq_enq
                0x0000000008000be0       0x40 mbed-rtos/rtx/TARGET_CORTEX_M/rt_List.o
                0x0000000008000be0                rt_psq_enq
 .text.rt_mbx_init
                0x0000000008000c20       0x1a mbed-rtos/rtx/TARGET_CORTEX_M/rt_Mailbox.o
                0x0000000008000c20                rt_mbx_init
 *fill*         0x0000000008000c3a        0x2 
 .text.rt_mbx_wait
                0x0000000008000c3c       0xa4 mbed-rtos/rtx/TARGET_CORTEX_M/rt_Mailbox.o
                0x0000000008000c3c                rt_mbx_wait
 .text.rt_mbx_check
                0x0000000008000ce0        0x8 mbed-rtos/rtx/TARGET_CORTEX_M/rt_Mailbox.o
                0x0000000008000ce0                rt_mbx_check
 .text.isr_mbx_send
                0x0000000008000ce8        0xe mbed-rtos/rtx/TARGET_CORTEX_M/rt_Mailbox.o
                0x0000000008000ce8                isr_mbx_send
 .text.isr_mbx_receive
                0x0000000008000cf6       0x4c mbed-rtos/rtx/TARGET_CORTEX_M/rt_Mailbox.o
                0x0000000008000cf6                isr_mbx_receive
 *fill*         0x0000000008000d42        0x2 
 .text.rt_mbx_psh
                0x0000000008000d44       0xdc mbed-rtos/rtx/TARGET_CORTEX_M/rt_Mailbox.o
                0x0000000008000d44                rt_mbx_psh
 .text._init_box
                0x0000000008000e20       0x4a mbed-rtos/rtx/TARGET_CORTEX_M/rt_MemBox.o
                0x0000000008000e20                _init_box
 .text.rt_alloc_box
                0x0000000008000e6a       0x1a mbed-rtos/rtx/TARGET_CORTEX_M/rt_MemBox.o
                0x0000000008000e6a                rt_alloc_box
 .text.rt_free_box
                0x0000000008000e84       0x2a mbed-rtos/rtx/TARGET_CORTEX_M/rt_MemBox.o
                0x0000000008000e84                rt_free_box
 *fill*         0x0000000008000eae        0x2 
 .text.rt_init_robin
                0x0000000008000eb0       0x18 mbed-rtos/rtx/TARGET_CORTEX_M/rt_Robin.o
                0x0000000008000eb0                rt_init_robin
 .text.rt_chk_robin
                0x0000000008000ec8       0x50 mbed-rtos/rtx/TARGET_CORTEX_M/rt_Robin.o
                0x0000000008000ec8                rt_chk_robin
 .text.rt_sem_psh
                0x0000000008000f18       0x34 mbed-rtos/rtx/TARGET_CORTEX_M/rt_Semaphore.o
                0x0000000008000f18                rt_sem_psh
 .text.rt_psh_req
                0x0000000008000f4c       0x24 mbed-rtos/rtx/TARGET_CORTEX_M/rt_System.o
                0x0000000008000f4c                rt_psh_req
 .text.rt_pop_req
                0x0000000008000f70       0x70 mbed-rtos/rtx/TARGET_CORTEX_M/rt_System.o
                0x0000000008000f70                rt_pop_req
 .text.os_tick_init
                0x0000000008000fe0       0x30 mbed-rtos/rtx/TARGET_CORTEX_M/rt_System.o
                0x0000000008000fe0                os_tick_init
 .text.os_tick_irqack
                0x0000000008001010        0x2 mbed-rtos/rtx/TARGET_CORTEX_M/rt_System.o
                0x0000000008001010                os_tick_irqack
 *fill*         0x0000000008001012        0x2 
 .text.rt_systick
                0x0000000008001014       0x3c mbed-rtos/rtx/TARGET_CORTEX_M/rt_System.o
                0x0000000008001014                rt_systick
 .text.rt_stk_check
                0x0000000008001050       0x2c mbed-rtos/rtx/TARGET_CORTEX_M/rt_System.o
                0x0000000008001050                rt_stk_check
 .text.rt_dispatch.part.0
                0x000000000800107c       0x1c mbed-rtos/rtx/TARGET_CORTEX_M/rt_Task.o
 .text.rt_switch_req
                0x0000000008001098       0x10 mbed-rtos/rtx/TARGET_CORTEX_M/rt_Task.o
                0x0000000008001098                rt_switch_req
 .text.rt_dispatch
                0x00000000080010a8       0x44 mbed-rtos/rtx/TARGET_CORTEX_M/rt_Task.o
                0x00000000080010a8                rt_dispatch
 .text.rt_block
                0x00000000080010ec       0x34 mbed-rtos/rtx/TARGET_CORTEX_M/rt_Task.o
                0x00000000080010ec                rt_block
 .text.rt_tsk_self
                0x0000000008001120       0x10 mbed-rtos/rtx/TARGET_CORTEX_M/rt_Task.o
                0x0000000008001120                rt_tsk_self
 .text.rt_tsk_prio
                0x0000000008001130       0x7c mbed-rtos/rtx/TARGET_CORTEX_M/rt_Task.o
                0x0000000008001130                rt_tsk_prio
 .text.rt_tsk_create
                0x00000000080011ac       0xa4 mbed-rtos/rtx/TARGET_CORTEX_M/rt_Task.o
                0x00000000080011ac                rt_tsk_create
 .text.rt_tsk_delete
                0x0000000008001250      0x14c mbed-rtos/rtx/TARGET_CORTEX_M/rt_Task.o
                0x0000000008001250                rt_tsk_delete
 .text.rt_sys_init
                0x000000000800139c       0xf0 mbed-rtos/rtx/TARGET_CORTEX_M/rt_Task.o
                0x000000000800139c                rt_sys_init
 .text.rt_sys_start
                0x000000000800148c       0x8c mbed-rtos/rtx/TARGET_CORTEX_M/rt_Task.o
                0x000000000800148c                rt_sys_start
 .text.rt_dly_wait
                0x0000000008001518        0x6 mbed-rtos/rtx/TARGET_CORTEX_M/rt_Time.o
                0x0000000008001518                rt_dly_wait
 .text._ZN4mbed10SerialBaseD2Ev
                0x000000000800151e        0x2 main.o
                0x000000000800151e                mbed::SerialBase::~SerialBase()
                0x000000000800151e                mbed::SerialBase::~SerialBase()
 .text._Z11echo_threadPKv
                0x0000000008001520       0x3c main.o
                0x0000000008001520                echo_thread(void const*)
 .text._ZN4mbed6SerialD2Ev
                0x000000000800155c       0x20 main.o
                0x000000000800155c                mbed::Serial::~Serial()
                0x000000000800155c                mbed::Serial::~Serial()
 .text._ZN4mbed6SerialD1Ev
                0x000000000800157c       0x10 main.o
                0x000000000800157c                non-virtual thunk to mbed::Serial::~Serial()
                0x0000000008001584                non-virtual thunk to mbed::Serial::~Serial()
 .text._ZN4mbed10SerialBaseD0Ev
                0x000000000800158c        0xc main.o
                0x000000000800158c                mbed::SerialBase::~SerialBase()
 .text.startup.main
                0x0000000008001598       0x30 main.o
                0x0000000008001598                main
 .text._ZN4mbed6SerialD0Ev
                0x00000000080015c8       0x1e main.o
                0x00000000080015c8                mbed::Serial::~Serial()
                0x00000000080015da                non-virtual thunk to mbed::Serial::~Serial()
                0x00000000080015e0                non-virtual thunk to mbed::Serial::~Serial()
 *fill*         0x00000000080015e6        0x2 
 .text.startup._GLOBAL__sub_I_pc
                0x00000000080015e8       0x44 main.o
 .text._ZN4rtos6ThreadC2EPFvPKvEPv10osPrioritymPh
                0x000000000800162c       0x60 mbed-rtos/rtos/Thread.o
                0x000000000800162c                rtos::Thread::Thread(void (*)(void const*), void*, osPriority, unsigned long, unsigned char*)
                0x000000000800162c                rtos::Thread::Thread(void (*)(void const*), void*, osPriority, unsigned long, unsigned char*)
 .text._ZN4rtos6Thread9terminateEv
                0x000000000800168c        0x6 mbed-rtos/rtos/Thread.o
                0x000000000800168c                rtos::Thread::terminate()
 *fill*         0x0000000008001692        0x2 
 .text._ZN4rtos6ThreadD2Ev
                0x0000000008001694       0x20 mbed-rtos/rtos/Thread.o
                0x0000000008001694                rtos::Thread::~Thread()
                0x0000000008001694                rtos::Thread::~Thread()
 .text._ZN4rtos6ThreadD0Ev
                0x00000000080016b4       0x12 mbed-rtos/rtos/Thread.o
                0x00000000080016b4                rtos::Thread::~Thread()
 .text._ZN4rtos6Thread4waitEm
                0x00000000080016c6        0x4 mbed-rtos/rtos/Thread.o
                0x00000000080016c6                rtos::Thread::wait(unsigned long)
 *fill*         0x00000000080016ca        0x2 
 .text.mbed_die
                0x00000000080016cc       0x5c mbed/TARGET_NUCLEO_F401RE/TOOLCHAIN_GCC_ARM/board.o
                0x00000000080016cc                mbed_die
 .text.NVIC_SetVector
                0x0000000008001728       0x48 mbed/TARGET_NUCLEO_F401RE/TOOLCHAIN_GCC_ARM/cmsis_nvic.o
                0x0000000008001728                NVIC_SetVector
 .text.timer_irq_handler
                0x0000000008001770       0x50 mbed/TARGET_NUCLEO_F401RE/TOOLCHAIN_GCC_ARM/hal_tick.o
                0x0000000008001770                timer_irq_handler
 .text.HAL_InitTick
                0x00000000080017c0       0xb4 mbed/TARGET_NUCLEO_F401RE/TOOLCHAIN_GCC_ARM/hal_tick.o
                0x00000000080017c0                HAL_InitTick
 .text.mbed_sdk_init
                0x0000000008001874       0x10 mbed/TARGET_NUCLEO_F401RE/TOOLCHAIN_GCC_ARM/mbed_overrides.o
                0x0000000008001874                mbed_sdk_init
 .text._ZN4mbed10FileHandle4flenEv
                0x0000000008001884       0x34 mbed/TARGET_NUCLEO_F401RE/TOOLCHAIN_GCC_ARM/retarget.o
                0x0000000008001884                mbed::FileHandle::flen()
 .text._ZL11init_serialv.part.0
                0x00000000080018b8       0x10 mbed/TARGET_NUCLEO_F401RE/TOOLCHAIN_GCC_ARM/retarget.o
 .text._ZN4mbed10FileHandleD2Ev
                0x00000000080018c8       0x2c mbed/TARGET_NUCLEO_F401RE/TOOLCHAIN_GCC_ARM/retarget.o
                0x00000000080018c8                mbed::FileHandle::~FileHandle()
                0x00000000080018c8                mbed::FileHandle::~FileHandle()
 .text._open    0x00000000080018f4       0xfc mbed/TARGET_NUCLEO_F401RE/TOOLCHAIN_GCC_ARM/retarget.o
                0x00000000080018f4                _open
 .text._close   0x00000000080019f0       0x28 mbed/TARGET_NUCLEO_F401RE/TOOLCHAIN_GCC_ARM/retarget.o
                0x00000000080019f0                _close
 .text._write   0x0000000008001a18       0x4c mbed/TARGET_NUCLEO_F401RE/TOOLCHAIN_GCC_ARM/retarget.o
                0x0000000008001a18                _write
 .text._read    0x0000000008001a64       0x44 mbed/TARGET_NUCLEO_F401RE/TOOLCHAIN_GCC_ARM/retarget.o
                0x0000000008001a64                _read
 .text._isatty  0x0000000008001aa8       0x24 mbed/TARGET_NUCLEO_F401RE/TOOLCHAIN_GCC_ARM/retarget.o
                0x0000000008001aa8                _isatty
 .text._lseek   0x0000000008001acc       0x24 mbed/TARGET_NUCLEO_F401RE/TOOLCHAIN_GCC_ARM/retarget.o
                0x0000000008001acc                _lseek
 .text._fstat   0x0000000008001af0       0x20 mbed/TARGET_NUCLEO_F401RE/TOOLCHAIN_GCC_ARM/retarget.o
                0x0000000008001af0                _fstat
 .text.__cxa_pure_virtual
                0x0000000008001b10        0x8 mbed/TARGET_NUCLEO_F401RE/TOOLCHAIN_GCC_ARM/retarget.o
                0x0000000008001b10                __cxa_pure_virtual
 .text.mbed_main
                0x0000000008001b18        0x4 mbed/TARGET_NUCLEO_F401RE/TOOLCHAIN_GCC_ARM/retarget.o
                0x0000000008001b18                mbed_main
 .text.__wrap_main
                0x0000000008001b1c       0x14 mbed/TARGET_NUCLEO_F401RE/TOOLCHAIN_GCC_ARM/retarget.o
                0x0000000008001b1c                __wrap_main
 .text._sbrk    0x0000000008001b30       0x28 mbed/TARGET_NUCLEO_F401RE/TOOLCHAIN_GCC_ARM/retarget.o
                0x0000000008001b30                _sbrk
 .text._exit    0x0000000008001b58       0x24 mbed/TARGET_NUCLEO_F401RE/TOOLCHAIN_GCC_ARM/retarget.o
                0x0000000008001b58                _exit
 .text._ZN4mbed26mbed_set_unbuffered_streamEP7__sFILE
                0x0000000008001b7c        0x8 mbed/TARGET_NUCLEO_F401RE/TOOLCHAIN_GCC_ARM/retarget.o
                0x0000000008001b7c                mbed::mbed_set_unbuffered_stream(__sFILE*)
 .text.Reset_Handler
                0x0000000008001b84       0x4c mbed/TARGET_NUCLEO_F401RE/TOOLCHAIN_GCC_ARM/startup_stm32f401xe.o
                0x0000000008001b84                Reset_Handler
 .text.Default_Handler
                0x0000000008001bd0        0x2 mbed/TARGET_NUCLEO_F401RE/TOOLCHAIN_GCC_ARM/startup_stm32f401xe.o
                0x0000000008001bd0                RTC_Alarm_IRQHandler
                0x0000000008001bd0                EXTI2_IRQHandler
                0x0000000008001bd0                DebugMon_Handler
                0x0000000008001bd0                SPI4_IRQHandler
                0x0000000008001bd0                TIM1_CC_IRQHandler
                0x0000000008001bd0                DMA2_Stream5_IRQHandler
                0x0000000008001bd0                HardFault_Handler
                0x0000000008001bd0                DMA1_Stream5_IRQHandler
                0x0000000008001bd0                PVD_IRQHandler
                0x0000000008001bd0                SDIO_IRQHandler
                0x0000000008001bd0                TAMP_STAMP_IRQHandler
                0x0000000008001bd0                NMI_Handler
                0x0000000008001bd0                EXTI3_IRQHandler
                0x0000000008001bd0                TIM1_UP_TIM10_IRQHandler
                0x0000000008001bd0                I2C3_ER_IRQHandler
                0x0000000008001bd0                EXTI0_IRQHandler
                0x0000000008001bd0                I2C2_EV_IRQHandler
                0x0000000008001bd0                DMA1_Stream2_IRQHandler
                0x0000000008001bd0                FPU_IRQHandler
                0x0000000008001bd0                UsageFault_Handler
                0x0000000008001bd0                DMA2_Stream2_IRQHandler
                0x0000000008001bd0                SPI1_IRQHandler
                0x0000000008001bd0                TIM1_BRK_TIM9_IRQHandler
                0x0000000008001bd0                DMA2_Stream3_IRQHandler
                0x0000000008001bd0                USART6_IRQHandler
                0x0000000008001bd0                DMA2_Stream0_IRQHandler
                0x0000000008001bd0                TIM4_IRQHandler
                0x0000000008001bd0                I2C1_EV_IRQHandler
                0x0000000008001bd0                DMA1_Stream6_IRQHandler
                0x0000000008001bd0                DMA1_Stream1_IRQHandler
                0x0000000008001bd0                TIM3_IRQHandler
                0x0000000008001bd0                RCC_IRQHandler
                0x0000000008001bd0                Default_Handler
                0x0000000008001bd0                EXTI15_10_IRQHandler
                0x0000000008001bd0                ADC_IRQHandler
                0x0000000008001bd0                DMA1_Stream7_IRQHandler
                0x0000000008001bd0                TIM5_IRQHandler
                0x0000000008001bd0                DMA2_Stream7_IRQHandler
                0x0000000008001bd0                I2C3_EV_IRQHandler
                0x0000000008001bd0                EXTI9_5_IRQHandler
                0x0000000008001bd0                RTC_WKUP_IRQHandler
                0x0000000008001bd0                SPI2_IRQHandler
                0x0000000008001bd0                MemManage_Handler
                0x0000000008001bd0                DMA1_Stream0_IRQHandler
                0x0000000008001bd0                EXTI4_IRQHandler
                0x0000000008001bd0                WWDG_IRQHandler
                0x0000000008001bd0                TIM2_IRQHandler
                0x0000000008001bd0                OTG_FS_WKUP_IRQHandler
                0x0000000008001bd0                TIM1_TRG_COM_TIM11_IRQHandler
                0x0000000008001bd0                EXTI1_IRQHandler
                0x0000000008001bd0                USART2_IRQHandler
                0x0000000008001bd0                I2C2_ER_IRQHandler
                0x0000000008001bd0                DMA2_Stream1_IRQHandler
                0x0000000008001bd0                FLASH_IRQHandler
                0x0000000008001bd0                DMA2_Stream4_IRQHandler
                0x0000000008001bd0                BusFault_Handler
                0x0000000008001bd0                USART1_IRQHandler
                0x0000000008001bd0                OTG_FS_IRQHandler
                0x0000000008001bd0                SPI3_IRQHandler
                0x0000000008001bd0                DMA1_Stream4_IRQHandler
                0x0000000008001bd0                I2C1_ER_IRQHandler
                0x0000000008001bd0                DMA2_Stream6_IRQHandler
                0x0000000008001bd0                DMA1_Stream3_IRQHandler
 *fill*         0x0000000008001bd2        0x2 
 .text.HAL_Init
                0x0000000008001bd4       0x34 mbed/TARGET_NUCLEO_F401RE/TOOLCHAIN_GCC_ARM/stm32f4xx_hal.o
                0x0000000008001bd4                HAL_Init
 .text.HAL_IncTick
                0x0000000008001c08       0x10 mbed/TARGET_NUCLEO_F401RE/TOOLCHAIN_GCC_ARM/stm32f4xx_hal.o
                0x0000000008001c08                HAL_IncTick
 .text.HAL_GetTick
                0x0000000008001c18        0xc mbed/TARGET_NUCLEO_F401RE/TOOLCHAIN_GCC_ARM/stm32f4xx_hal.o
                0x0000000008001c18                HAL_GetTick
 .text.HAL_NVIC_SetPriorityGrouping
                0x0000000008001c24       0x24 mbed/TARGET_NUCLEO_F401RE/TOOLCHAIN_GCC_ARM/stm32f4xx_hal_cortex.o
                0x0000000008001c24                HAL_NVIC_SetPriorityGrouping
 .text.HAL_MspInit
                0x0000000008001c48        0x4 mbed/TARGET_NUCLEO_F401RE/TOOLCHAIN_GCC_ARM/stm32f4xx_hal_msp_template.o
                0x0000000008001c48                HAL_MspInit
 .text.HAL_GPIO_Init
                0x0000000008001c4c      0x1dc mbed/TARGET_NUCLEO_F401RE/TOOLCHAIN_GCC_ARM/stm32f4xx_hal_gpio.o
                0x0000000008001c4c                HAL_GPIO_Init
 .text.HAL_RCC_OscConfig
                0x0000000008001e28      0x358 mbed/TARGET_NUCLEO_F401RE/TOOLCHAIN_GCC_ARM/stm32f4xx_hal_rcc.o
                0x0000000008001e28                HAL_RCC_OscConfig
 .text.HAL_RCC_ClockConfig
                0x0000000008002180      0x1fc mbed/TARGET_NUCLEO_F401RE/TOOLCHAIN_GCC_ARM/stm32f4xx_hal_rcc.o
                0x0000000008002180                HAL_RCC_ClockConfig
 .text.HAL_RCC_GetSysClockFreq
                0x000000000800237c       0x80 mbed/TARGET_NUCLEO_F401RE/TOOLCHAIN_GCC_ARM/stm32f4xx_hal_rcc.o
                0x000000000800237c                HAL_RCC_GetSysClockFreq
 .text.HAL_RCC_GetHCLKFreq
                0x00000000080023fc       0x34 mbed/TARGET_NUCLEO_F401RE/TOOLCHAIN_GCC_ARM/stm32f4xx_hal_rcc.o
                0x00000000080023fc                HAL_RCC_GetHCLKFreq
 .text.HAL_RCC_GetPCLK1Freq
                0x0000000008002430       0x2c mbed/TARGET_NUCLEO_F401RE/TOOLCHAIN_GCC_ARM/stm32f4xx_hal_rcc.o
                0x0000000008002430                HAL_RCC_GetPCLK1Freq
 .text.HAL_RCC_GetPCLK2Freq
                0x000000000800245c       0x2c mbed/TARGET_NUCLEO_F401RE/TOOLCHAIN_GCC_ARM/stm32f4xx_hal_rcc.o
                0x000000000800245c                HAL_RCC_GetPCLK2Freq
 .text.HAL_TIM_OC_MspInit
                0x0000000008002488        0x4 mbed/TARGET_NUCLEO_F401RE/TOOLCHAIN_GCC_ARM/stm32f4xx_hal_tim.o
                0x0000000008002488                HAL_TIM_OC_MspInit
 .text.HAL_TIM_OC_Start
                0x000000000800248c       0x3c mbed/TARGET_NUCLEO_F401RE/TOOLCHAIN_GCC_ARM/stm32f4xx_hal_tim.o
                0x000000000800248c                HAL_TIM_OC_Start
 .text.TIM_Base_SetConfig
                0x00000000080024c8       0xa0 mbed/TARGET_NUCLEO_F401RE/TOOLCHAIN_GCC_ARM/stm32f4xx_hal_tim.o
                0x00000000080024c8                TIM_Base_SetConfig
 .text.HAL_TIM_OC_Init
                0x0000000008002568       0x38 mbed/TARGET_NUCLEO_F401RE/TOOLCHAIN_GCC_ARM/stm32f4xx_hal_tim.o
                0x0000000008002568                HAL_TIM_OC_Init
 .text.UART_SetConfig
                0x00000000080025a0      0x194 mbed/TARGET_NUCLEO_F401RE/TOOLCHAIN_GCC_ARM/stm32f4xx_hal_uart.o
 .text.HAL_UART_MspInit
                0x0000000008002734        0x4 mbed/TARGET_NUCLEO_F401RE/TOOLCHAIN_GCC_ARM/stm32f4xx_hal_uart.o
                0x0000000008002734                HAL_UART_MspInit
 .text.HAL_UART_Init
                0x0000000008002738       0x5c mbed/TARGET_NUCLEO_F401RE/TOOLCHAIN_GCC_ARM/stm32f4xx_hal_uart.o
                0x0000000008002738                HAL_UART_Init
 .text.SystemCoreClockUpdate
                0x0000000008002794       0x78 mbed/TARGET_NUCLEO_F401RE/TOOLCHAIN_GCC_ARM/system_stm32f4xx.o
                0x0000000008002794                SystemCoreClockUpdate
 .text.SetSysClock_PLL_HSE
                0x000000000800280c       0x90 mbed/TARGET_NUCLEO_F401RE/TOOLCHAIN_GCC_ARM/system_stm32f4xx.o
                0x000000000800280c                SetSysClock_PLL_HSE
 .text.SetSysClock_PLL_HSI
                0x000000000800289c       0x98 mbed/TARGET_NUCLEO_F401RE/TOOLCHAIN_GCC_ARM/system_stm32f4xx.o
                0x000000000800289c                SetSysClock_PLL_HSI
 .text.SetSysClock
                0x0000000008002934       0x20 mbed/TARGET_NUCLEO_F401RE/TOOLCHAIN_GCC_ARM/system_stm32f4xx.o
                0x0000000008002934                SetSysClock
 .text.SystemInit
                0x0000000008002954       0x74 mbed/TARGET_NUCLEO_F401RE/TOOLCHAIN_GCC_ARM/system_stm32f4xx.o
                0x0000000008002954                SystemInit
 .text.init_uart
                0x00000000080029c8       0x80 ./mbed/TARGET_NUCLEO_F401RE/TOOLCHAIN_GCC_ARM/libmbed.a(serial_api.o)
 .text.serial_init
                0x0000000008002a48      0x158 ./mbed/TARGET_NUCLEO_F401RE/TOOLCHAIN_GCC_ARM/libmbed.a(serial_api.o)
                0x0000000008002a48                serial_init
 .text.serial_irq_handler
                0x0000000008002ba0       0x1c ./mbed/TARGET_NUCLEO_F401RE/TOOLCHAIN_GCC_ARM/libmbed.a(serial_api.o)
                0x0000000008002ba0                serial_irq_handler
 .text.serial_getc
                0x0000000008002bbc       0x1c ./mbed/TARGET_NUCLEO_F401RE/TOOLCHAIN_GCC_ARM/libmbed.a(serial_api.o)
                0x0000000008002bbc                serial_getc
 .text.serial_putc
                0x0000000008002bd8       0x1c ./mbed/TARGET_NUCLEO_F401RE/TOOLCHAIN_GCC_ARM/libmbed.a(serial_api.o)
                0x0000000008002bd8                serial_putc
 .text.us_ticker_init
                0x0000000008002bf4       0x24 ./mbed/TARGET_NUCLEO_F401RE/TOOLCHAIN_GCC_ARM/libmbed.a(us_ticker.o)
                0x0000000008002bf4                us_ticker_init
 .text.us_ticker_read
                0x0000000008002c18       0x28 ./mbed/TARGET_NUCLEO_F401RE/TOOLCHAIN_GCC_ARM/libmbed.a(us_ticker.o)
                0x0000000008002c18                us_ticker_read
 .text.us_ticker_set_interrupt
                0x0000000008002c40       0x14 ./mbed/TARGET_NUCLEO_F401RE/TOOLCHAIN_GCC_ARM/libmbed.a(us_ticker.o)
                0x0000000008002c40                us_ticker_set_interrupt
 .text.us_ticker_disable_interrupt
                0x0000000008002c54       0x14 ./mbed/TARGET_NUCLEO_F401RE/TOOLCHAIN_GCC_ARM/libmbed.a(us_ticker.o)
                0x0000000008002c54                us_ticker_disable_interrupt
 .text.us_ticker_clear_interrupt
                0x0000000008002c68       0x10 ./mbed/TARGET_NUCLEO_F401RE/TOOLCHAIN_GCC_ARM/libmbed.a(us_ticker.o)
                0x0000000008002c68                us_ticker_clear_interrupt
 .text._ZN4mbed8FilePathC2EPKc
                0x0000000008002c78       0x54 ./mbed/TARGET_NUCLEO_F401RE/TOOLCHAIN_GCC_ARM/libmbed.a(FilePath.o)
                0x0000000008002c78                mbed::FilePath::FilePath(char const*)
                0x0000000008002c78                mbed::FilePath::FilePath(char const*)
 .text._ZN4mbed8FilePath8fileNameEv
                0x0000000008002ccc        0x4 ./mbed/TARGET_NUCLEO_F401RE/TOOLCHAIN_GCC_ARM/libmbed.a(FilePath.o)
                0x0000000008002ccc                mbed::FilePath::fileName()
 .text._ZN4mbed8FilePath10fileSystemEv
                0x0000000008002cd0       0x20 ./mbed/TARGET_NUCLEO_F401RE/TOOLCHAIN_GCC_ARM/libmbed.a(FilePath.o)
                0x0000000008002cd0                mbed::FilePath::fileSystem()
 .text._ZN4mbed8FilePath6isFileEv
                0x0000000008002cf0       0x14 ./mbed/TARGET_NUCLEO_F401RE/TOOLCHAIN_GCC_ARM/libmbed.a(FilePath.o)
                0x0000000008002cf0                mbed::FilePath::isFile()
 .text._ZN4mbed8FilePath4fileEv
                0x0000000008002d04       0x20 ./mbed/TARGET_NUCLEO_F401RE/TOOLCHAIN_GCC_ARM/libmbed.a(FilePath.o)
                0x0000000008002d04                mbed::FilePath::file()
 .text._ZN4mbed8FilePath6existsEv
                0x0000000008002d24        0xc ./mbed/TARGET_NUCLEO_F401RE/TOOLCHAIN_GCC_ARM/libmbed.a(FilePath.o)
                0x0000000008002d24                mbed::FilePath::exists()
 .text._ZN4mbed6Serial5_getcEv
                0x0000000008002d30        0x4 ./mbed/TARGET_NUCLEO_F401RE/TOOLCHAIN_GCC_ARM/libmbed.a(Serial.o)
                0x0000000008002d30                mbed::Serial::_getc()
 .text._ZThn92_N4mbed6Serial5_getcEv
                0x0000000008002d34        0x8 ./mbed/TARGET_NUCLEO_F401RE/TOOLCHAIN_GCC_ARM/libmbed.a(Serial.o)
                0x0000000008002d34                non-virtual thunk to mbed::Serial::_getc()
 .text._ZN4mbed6Serial5_putcEi
                0x0000000008002d3c        0x4 ./mbed/TARGET_NUCLEO_F401RE/TOOLCHAIN_GCC_ARM/libmbed.a(Serial.o)
                0x0000000008002d3c                mbed::Serial::_putc(int)
 .text._ZThn92_N4mbed6Serial5_putcEi
                0x0000000008002d40        0x8 ./mbed/TARGET_NUCLEO_F401RE/TOOLCHAIN_GCC_ARM/libmbed.a(Serial.o)
                0x0000000008002d40                non-virtual thunk to mbed::Serial::_putc(int)
 .text._ZN4mbed6SerialC2E7PinNameS1_PKc
                0x0000000008002d48       0x30 ./mbed/TARGET_NUCLEO_F401RE/TOOLCHAIN_GCC_ARM/libmbed.a(Serial.o)
                0x0000000008002d48                mbed::Serial::Serial(PinName, PinName, char const*)
                0x0000000008002d48                mbed::Serial::Serial(PinName, PinName, char const*)
 .text._ZN4mbed10SerialBase12_irq_handlerEm9SerialIrq
                0x0000000008002d78       0x20 ./mbed/TARGET_NUCLEO_F401RE/TOOLCHAIN_GCC_ARM/libmbed.a(SerialBase.o)
                0x0000000008002d78                mbed::SerialBase::_irq_handler(unsigned long, SerialIrq)
 .text._ZN4mbed10SerialBaseC2E7PinNameS1_
                0x0000000008002d98       0x50 ./mbed/TARGET_NUCLEO_F401RE/TOOLCHAIN_GCC_ARM/libmbed.a(SerialBase.o)
                0x0000000008002d98                mbed::SerialBase::SerialBase(PinName, PinName)
                0x0000000008002d98                mbed::SerialBase::SerialBase(PinName, PinName)
 .text._ZN4mbed10SerialBase10_base_getcEv
                0x0000000008002de8        0x8 ./mbed/TARGET_NUCLEO_F401RE/TOOLCHAIN_GCC_ARM/libmbed.a(SerialBase.o)
                0x0000000008002de8                mbed::SerialBase::_base_getc()
 .text._ZN4mbed10SerialBase10_base_putcEi
                0x0000000008002df0       0x10 ./mbed/TARGET_NUCLEO_F401RE/TOOLCHAIN_GCC_ARM/libmbed.a(SerialBase.o)
                0x0000000008002df0                mbed::SerialBase::_base_putc(int)
 .text._ZN4mbed6Stream5closeEv
                0x0000000008002e00        0x4 ./mbed/TARGET_NUCLEO_F401RE/TOOLCHAIN_GCC_ARM/libmbed.a(Stream.o)
                0x0000000008002e00                mbed::Stream::close()
 .text._ZN4mbed6Stream5writeEPKvj
                0x0000000008002e04       0x2c ./mbed/TARGET_NUCLEO_F401RE/TOOLCHAIN_GCC_ARM/libmbed.a(Stream.o)
                0x0000000008002e04                mbed::Stream::write(void const*, unsigned int)
 .text._ZN4mbed6Stream4readEPvj
                0x0000000008002e30       0x2c ./mbed/TARGET_NUCLEO_F401RE/TOOLCHAIN_GCC_ARM/libmbed.a(Stream.o)
                0x0000000008002e30                mbed::Stream::read(void*, unsigned int)
 .text._ZN4mbed6Stream5lseekEli
                0x0000000008002e5c        0x4 ./mbed/TARGET_NUCLEO_F401RE/TOOLCHAIN_GCC_ARM/libmbed.a(Stream.o)
                0x0000000008002e5c                mbed::Stream::lseek(long, int)
 .text._ZN4mbed6Stream6isattyEv
                0x0000000008002e60        0x4 ./mbed/TARGET_NUCLEO_F401RE/TOOLCHAIN_GCC_ARM/libmbed.a(Stream.o)
                0x0000000008002e60                mbed::Stream::isatty()
 .text._ZN4mbed6Stream5fsyncEv
                0x0000000008002e64        0x4 ./mbed/TARGET_NUCLEO_F401RE/TOOLCHAIN_GCC_ARM/libmbed.a(Stream.o)
                0x0000000008002e64                mbed::Stream::fsync()
 .text._ZN4mbed6Stream4flenEv
                0x0000000008002e68        0x4 ./mbed/TARGET_NUCLEO_F401RE/TOOLCHAIN_GCC_ARM/libmbed.a(Stream.o)
                0x0000000008002e68                mbed::Stream::flen()
 .text._ZN4mbed6StreamC2EPKc
                0x0000000008002e6c       0x44 ./mbed/TARGET_NUCLEO_F401RE/TOOLCHAIN_GCC_ARM/libmbed.a(Stream.o)
                0x0000000008002e6c                mbed::Stream::Stream(char const*)
                0x0000000008002e6c                mbed::Stream::Stream(char const*)
 .text._ZN4mbed6StreamD2Ev
                0x0000000008002eb0       0x24 ./mbed/TARGET_NUCLEO_F401RE/TOOLCHAIN_GCC_ARM/libmbed.a(Stream.o)
                0x0000000008002eb0                mbed::Stream::~Stream()
                0x0000000008002eb0                mbed::Stream::~Stream()
 .text.mbed_assert_internal
                0x0000000008002ed4       0x18 ./mbed/TARGET_NUCLEO_F401RE/TOOLCHAIN_GCC_ARM/libmbed.a(assert.o)
                0x0000000008002ed4                mbed_assert_internal
 .text.error    0x0000000008002eec       0x24 ./mbed/TARGET_NUCLEO_F401RE/TOOLCHAIN_GCC_ARM/libmbed.a(error.o)
                0x0000000008002eec                error
 .text.gpio_init_out
                0x0000000008002f10       0x48 ./mbed/TARGET_NUCLEO_F401RE/TOOLCHAIN_GCC_ARM/libmbed.a(gpio.o)
                0x0000000008002f10                gpio_init_out
 .text.pinmap_pinout
                0x0000000008002f58       0x44 ./mbed/TARGET_NUCLEO_F401RE/TOOLCHAIN_GCC_ARM/libmbed.a(pinmap_common.o)
                0x0000000008002f58                pinmap_pinout
 .text.pinmap_merge
                0x0000000008002f9c       0x24 ./mbed/TARGET_NUCLEO_F401RE/TOOLCHAIN_GCC_ARM/libmbed.a(pinmap_common.o)
                0x0000000008002f9c                pinmap_merge
 .text.pinmap_peripheral
                0x0000000008002fc0       0x38 ./mbed/TARGET_NUCLEO_F401RE/TOOLCHAIN_GCC_ARM/libmbed.a(pinmap_common.o)
                0x0000000008002fc0                pinmap_peripheral
 .text.us_ticker_irq_handler
                0x0000000008002ff8        0xc ./mbed/TARGET_NUCLEO_F401RE/TOOLCHAIN_GCC_ARM/libmbed.a(us_ticker_api.o)
                0x0000000008002ff8                us_ticker_irq_handler
 .text.ticker_irq_handler
                0x0000000008003004       0x4c ./mbed/TARGET_NUCLEO_F401RE/TOOLCHAIN_GCC_ARM/libmbed.a(ticker_api.o)
                0x0000000008003004                ticker_irq_handler
 .text.wait_us  0x0000000008003050       0x18 ./mbed/TARGET_NUCLEO_F401RE/TOOLCHAIN_GCC_ARM/libmbed.a(wait_api.o)
                0x0000000008003050                wait_us
 .text.wait_ms  0x0000000008003068        0xc ./mbed/TARGET_NUCLEO_F401RE/TOOLCHAIN_GCC_ARM/libmbed.a(wait_api.o)
                0x0000000008003068                wait_ms
 .text.gpio_set
                0x0000000008003074       0x30 ./mbed/TARGET_NUCLEO_F401RE/TOOLCHAIN_GCC_ARM/libmbed.a(gpio_api.o)
                0x0000000008003074                gpio_set
 .text.gpio_init
                0x00000000080030a4       0x2c ./mbed/TARGET_NUCLEO_F401RE/TOOLCHAIN_GCC_ARM/libmbed.a(gpio_api.o)
                0x00000000080030a4                gpio_init
 .text.gpio_mode
                0x00000000080030d0        0x8 ./mbed/TARGET_NUCLEO_F401RE/TOOLCHAIN_GCC_ARM/libmbed.a(gpio_api.o)
                0x00000000080030d0                gpio_mode
 .text.gpio_dir
                0x00000000080030d8       0x40 ./mbed/TARGET_NUCLEO_F401RE/TOOLCHAIN_GCC_ARM/libmbed.a(gpio_api.o)
                0x00000000080030d8                gpio_dir
 .text.Set_GPIO_Clock
                0x0000000008003118       0xec ./mbed/TARGET_NUCLEO_F401RE/TOOLCHAIN_GCC_ARM/libmbed.a(pinmap.o)
                0x0000000008003118                Set_GPIO_Clock
 .text.pin_function
                0x0000000008003204       0x5c ./mbed/TARGET_NUCLEO_F401RE/TOOLCHAIN_GCC_ARM/libmbed.a(pinmap.o)
                0x0000000008003204                pin_function
 .text.pin_mode
                0x0000000008003260       0x48 ./mbed/TARGET_NUCLEO_F401RE/TOOLCHAIN_GCC_ARM/libmbed.a(pinmap.o)
                0x0000000008003260                pin_mode
 .text._ZN4mbed8FileBaseD2Ev
                0x00000000080032a8       0x30 ./mbed/TARGET_NUCLEO_F401RE/TOOLCHAIN_GCC_ARM/libmbed.a(FileBase.o)
                0x00000000080032a8                mbed::FileBase::~FileBase()
                0x00000000080032a8                mbed::FileBase::~FileBase()
 .text._ZN4mbed8FileBaseD0Ev
                0x00000000080032d8       0x3c ./mbed/TARGET_NUCLEO_F401RE/TOOLCHAIN_GCC_ARM/libmbed.a(FileBase.o)
                0x00000000080032d8                mbed::FileBase::~FileBase()
 .text._ZN4mbed8FileBaseC2EPKcNS_8PathTypeE
                0x0000000008003314       0x28 ./mbed/TARGET_NUCLEO_F401RE/TOOLCHAIN_GCC_ARM/libmbed.a(FileBase.o)
                0x0000000008003314                mbed::FileBase::FileBase(char const*, mbed::PathType)
                0x0000000008003314                mbed::FileBase::FileBase(char const*, mbed::PathType)
 .text._ZN4mbed8FileBase6lookupEPKcj
                0x000000000800333c       0x3c ./mbed/TARGET_NUCLEO_F401RE/TOOLCHAIN_GCC_ARM/libmbed.a(FileBase.o)
                0x000000000800333c                mbed::FileBase::lookup(char const*, unsigned int)
 .text._ZN4mbed8FileBase11getPathTypeEv
                0x0000000008003378        0x4 ./mbed/TARGET_NUCLEO_F401RE/TOOLCHAIN_GCC_ARM/libmbed.a(FileBase.o)
                0x0000000008003378                mbed::FileBase::getPathType()
 .text._ZN4mbed8FileLikeC2EPKc
                0x000000000800337c       0x28 ./mbed/TARGET_NUCLEO_F401RE/TOOLCHAIN_GCC_ARM/libmbed.a(FileLike.o)
                0x000000000800337c                mbed::FileLike::FileLike(char const*)
                0x000000000800337c                mbed::FileLike::FileLike(char const*)
 .text._ZN4mbed8FileLikeD2Ev
                0x00000000080033a4       0x24 ./mbed/TARGET_NUCLEO_F401RE/TOOLCHAIN_GCC_ARM/libmbed.a(FileLike.o)
                0x00000000080033a4                mbed::FileLike::~FileLike()
                0x00000000080033a4                mbed::FileLike::~FileLike()
 .text._ZdlPv   0x00000000080033c8        0x4 /usr/bin/../lib/gcc/arm-none-eabi/4.9.3/../../../../arm-none-eabi/lib/armv7e-m/softfp/libstdc++_nano.a(del_op.o)
                0x00000000080033c8                operator delete(void*)
 .text._Znwj    0x00000000080033cc       0x22 /usr/bin/../lib/gcc/arm-none-eabi/4.9.3/../../../../arm-none-eabi/lib/armv7e-m/softfp/libstdc++_nano.a(new_op.o)
                0x00000000080033cc                operator new(unsigned int)
 .text._ZdaPv   0x00000000080033ee        0x4 /usr/bin/../lib/gcc/arm-none-eabi/4.9.3/../../../../arm-none-eabi/lib/armv7e-m/softfp/libstdc++_nano.a(del_opv.o)
                0x00000000080033ee                operator delete[](void*)
 .text.__aeabi_atexit
                0x00000000080033f2        0xa /usr/bin/../lib/gcc/arm-none-eabi/4.9.3/../../../../arm-none-eabi/lib/armv7e-m/softfp/libstdc++_nano.a(atexit_arm.o)
                0x00000000080033f2                __aeabi_atexit
 .text._Znaj    0x00000000080033fc        0x4 /usr/bin/../lib/gcc/arm-none-eabi/4.9.3/../../../../arm-none-eabi/lib/armv7e-m/softfp/libstdc++_nano.a(new_opv.o)
                0x00000000080033fc                operator new[](unsigned int)
 .text._ZSt15get_new_handlerv
                0x0000000008003400       0x10 /usr/bin/../lib/gcc/arm-none-eabi/4.9.3/../../../../arm-none-eabi/lib/armv7e-m/softfp/libstdc++_nano.a(new_handler.o)
                0x0000000008003400                std::get_new_handler()
 .text.abort    0x0000000008003410        0xe /usr/bin/../lib/gcc/arm-none-eabi/4.9.3/../../../../arm-none-eabi/lib/armv7e-m/softfp/libc_nano.a(lib_a-abort.o)
                0x0000000008003410                abort
 .text.atexit   0x000000000800341e        0xc /usr/bin/../lib/gcc/arm-none-eabi/4.9.3/../../../../arm-none-eabi/lib/armv7e-m/softfp/libc_nano.a(lib_a-atexit.o)
                0x000000000800341e                atexit
 *fill*         0x000000000800342a        0x2 
 .text.__cxa_atexit
                0x000000000800342c       0x1c /usr/bin/../lib/gcc/arm-none-eabi/4.9.3/../../../../arm-none-eabi/lib/armv7e-m/softfp/libc_nano.a(lib_a-cxa_atexit.o)
                0x000000000800342c                __cxa_atexit
 .text.__errno  0x0000000008003448        0xc /usr/bin/../lib/gcc/arm-none-eabi/4.9.3/../../../../arm-none-eabi/lib/armv7e-m/softfp/libc_nano.a(lib_a-errno.o)
                0x0000000008003448                __errno
 .text.exit     0x0000000008003454       0x28 /usr/bin/../lib/gcc/arm-none-eabi/4.9.3/../../../../arm-none-eabi/lib/armv7e-m/softfp/libc_nano.a(lib_a-exit.o)
                0x0000000008003454                exit
 .text._fclose_r
                0x000000000800347c       0xa4 /usr/bin/../lib/gcc/arm-none-eabi/4.9.3/../../../../arm-none-eabi/lib/armv7e-m/softfp/libc_nano.a(lib_a-fclose.o)
                0x000000000800347c                _fclose_r
 .text.fclose   0x0000000008003520       0x10 /usr/bin/../lib/gcc/arm-none-eabi/4.9.3/../../../../arm-none-eabi/lib/armv7e-m/softfp/libc_nano.a(lib_a-fclose.o)
                0x0000000008003520                fclose
 .text.__sflush_r
                0x0000000008003530      0x108 /usr/bin/../lib/gcc/arm-none-eabi/4.9.3/../../../../arm-none-eabi/lib/armv7e-m/softfp/libc_nano.a(lib_a-fflush.o)
                0x0000000008003530                __sflush_r
 .text._fflush_r
                0x0000000008003638       0x54 /usr/bin/../lib/gcc/arm-none-eabi/4.9.3/../../../../arm-none-eabi/lib/armv7e-m/softfp/libc_nano.a(lib_a-fflush.o)
                0x0000000008003638                _fflush_r
 .text.fflush   0x000000000800368c       0x24 /usr/bin/../lib/gcc/arm-none-eabi/4.9.3/../../../../arm-none-eabi/lib/armv7e-m/softfp/libc_nano.a(lib_a-fflush.o)
                0x000000000800368c                fflush
 .text._cleanup_r
                0x00000000080036b0        0xc /usr/bin/../lib/gcc/arm-none-eabi/4.9.3/../../../../arm-none-eabi/lib/armv7e-m/softfp/libc_nano.a(lib_a-findfp.o)
                0x00000000080036b0                _cleanup_r
 .text.std.isra.0
                0x00000000080036bc       0x48 /usr/bin/../lib/gcc/arm-none-eabi/4.9.3/../../../../arm-none-eabi/lib/armv7e-m/softfp/libc_nano.a(lib_a-findfp.o)
 .text.__sfmoreglue
                0x0000000008003704       0x2c /usr/bin/../lib/gcc/arm-none-eabi/4.9.3/../../../../arm-none-eabi/lib/armv7e-m/softfp/libc_nano.a(lib_a-findfp.o)
                0x0000000008003704                __sfmoreglue
 .text.__sinit  0x0000000008003730       0x60 /usr/bin/../lib/gcc/arm-none-eabi/4.9.3/../../../../arm-none-eabi/lib/armv7e-m/softfp/libc_nano.a(lib_a-findfp.o)
                0x0000000008003730                __sinit
 .text.__sfp    0x0000000008003790       0x74 /usr/bin/../lib/gcc/arm-none-eabi/4.9.3/../../../../arm-none-eabi/lib/armv7e-m/softfp/libc_nano.a(lib_a-findfp.o)
                0x0000000008003790                __sfp
 .text.__sfp_lock_acquire
                0x0000000008003804        0x2 /usr/bin/../lib/gcc/arm-none-eabi/4.9.3/../../../../arm-none-eabi/lib/armv7e-m/softfp/libc_nano.a(lib_a-findfp.o)
                0x0000000008003804                __sfp_lock_acquire
 .text.__sfp_lock_release
                0x0000000008003806        0x2 /usr/bin/../lib/gcc/arm-none-eabi/4.9.3/../../../../arm-none-eabi/lib/armv7e-m/softfp/libc_nano.a(lib_a-findfp.o)
                0x0000000008003806                __sfp_lock_release
 .text.__libc_fini_array
                0x0000000008003808       0x28 /usr/bin/../lib/gcc/arm-none-eabi/4.9.3/../../../../arm-none-eabi/lib/armv7e-m/softfp/libc_nano.a(lib_a-fini.o)
                0x0000000008003808                __libc_fini_array
 .text._fopen_r
                0x0000000008003830       0x80 /usr/bin/../lib/gcc/arm-none-eabi/4.9.3/../../../../arm-none-eabi/lib/armv7e-m/softfp/libc_nano.a(lib_a-fopen.o)
                0x0000000008003830                _fopen_r
 .text.fopen    0x00000000080038b0       0x14 /usr/bin/../lib/gcc/arm-none-eabi/4.9.3/../../../../arm-none-eabi/lib/armv7e-m/softfp/libc_nano.a(lib_a-fopen.o)
                0x00000000080038b0                fopen
 .text._fseek_r
                0x00000000080038c4        0x4 /usr/bin/../lib/gcc/arm-none-eabi/4.9.3/../../../../arm-none-eabi/lib/armv7e-m/softfp/libc_nano.a(lib_a-fseek.o)
                0x00000000080038c4                _fseek_r
 .text._fseeko_r
                0x00000000080038c8      0x118 /usr/bin/../lib/gcc/arm-none-eabi/4.9.3/../../../../arm-none-eabi/lib/armv7e-m/softfp/libc_nano.a(lib_a-fseeko.o)
                0x00000000080038c8                _fseeko_r
 .text._fwalk_reent
                0x00000000080039e0       0x3c /usr/bin/../lib/gcc/arm-none-eabi/4.9.3/../../../../arm-none-eabi/lib/armv7e-m/softfp/libc_nano.a(lib_a-fwalk.o)
                0x00000000080039e0                _fwalk_reent
 .text.__libc_init_array
                0x0000000008003a1c       0x4c /usr/bin/../lib/gcc/arm-none-eabi/4.9.3/../../../../arm-none-eabi/lib/armv7e-m/softfp/libc_nano.a(lib_a-init.o)
                0x0000000008003a1c                __libc_init_array
 .text.__smakebuf_r
                0x0000000008003a68       0x9c /usr/bin/../lib/gcc/arm-none-eabi/4.9.3/../../../../arm-none-eabi/lib/armv7e-m/softfp/libc_nano.a(lib_a-makebuf.o)
                0x0000000008003a68                __smakebuf_r
 .text.malloc   0x0000000008003b04       0x10 /usr/bin/../lib/gcc/arm-none-eabi/4.9.3/../../../../arm-none-eabi/lib/armv7e-m/softfp/libc_nano.a(lib_a-malloc.o)
                0x0000000008003b04                malloc
 .text.free     0x0000000008003b14       0x10 /usr/bin/../lib/gcc/arm-none-eabi/4.9.3/../../../../arm-none-eabi/lib/armv7e-m/softfp/libc_nano.a(lib_a-malloc.o)
                0x0000000008003b14                free
 .text.memchr   0x0000000008003b24       0x1e /usr/bin/../lib/gcc/arm-none-eabi/4.9.3/../../../../arm-none-eabi/lib/armv7e-m/softfp/libc_nano.a(lib_a-memchr.o)
                0x0000000008003b24                memchr
 .text.memcpy   0x0000000008003b42       0x16 /usr/bin/../lib/gcc/arm-none-eabi/4.9.3/../../../../arm-none-eabi/lib/armv7e-m/softfp/libc_nano.a(lib_a-memcpy.o)
                0x0000000008003b42                memcpy
 .text.memset   0x0000000008003b58       0x10 /usr/bin/../lib/gcc/arm-none-eabi/4.9.3/../../../../arm-none-eabi/lib/armv7e-m/softfp/libc_nano.a(lib_a-memset.o)
                0x0000000008003b58                memset
 .text._free_r  0x0000000008003b68       0x88 /usr/bin/../lib/gcc/arm-none-eabi/4.9.3/../../../../arm-none-eabi/lib/armv7e-m/softfp/libc_nano.a(lib_a-nano-freer.o)
                0x0000000008003b68                _free_r
 .text._malloc_r
                0x0000000008003bf0       0xac /usr/bin/../lib/gcc/arm-none-eabi/4.9.3/../../../../arm-none-eabi/lib/armv7e-m/softfp/libc_nano.a(lib_a-nano-mallocr.o)
                0x0000000008003bf0                _malloc_r
 .text.__sfputc_r
                0x0000000008003c9c       0x2c /usr/bin/../lib/gcc/arm-none-eabi/4.9.3/../../../../arm-none-eabi/lib/armv7e-m/softfp/libc_nano.a(lib_a-nano-vfprintf.o)
 .text.__sfputs_r
                0x0000000008003cc8       0x24 /usr/bin/../lib/gcc/arm-none-eabi/4.9.3/../../../../arm-none-eabi/lib/armv7e-m/softfp/libc_nano.a(lib_a-nano-vfprintf.o)
                0x0000000008003cc8                __sfputs_r
 .text._vfprintf_r
                0x0000000008003cec      0x210 /usr/bin/../lib/gcc/arm-none-eabi/4.9.3/../../../../arm-none-eabi/lib/armv7e-m/softfp/libc_nano.a(lib_a-nano-vfprintf.o)
                0x0000000008003cec                _vfiprintf_r
                0x0000000008003cec                _vfprintf_r
 .text.vfprintf
                0x0000000008003efc       0x1c /usr/bin/../lib/gcc/arm-none-eabi/4.9.3/../../../../arm-none-eabi/lib/armv7e-m/softfp/libc_nano.a(lib_a-nano-vfprintf.o)
                0x0000000008003efc                vfiprintf
                0x0000000008003efc                vfprintf
 .text.__cvt    0x0000000008003f18       0xc0 /usr/bin/../lib/gcc/arm-none-eabi/4.9.3/../../../../arm-none-eabi/lib/armv7e-m/softfp/libc_nano.a(lib_a-nano-vfprintf_float.o)
                0x0000000008003f18                __cvt
 .text.__exponent
                0x0000000008003fd8       0x60 /usr/bin/../lib/gcc/arm-none-eabi/4.9.3/../../../../arm-none-eabi/lib/armv7e-m/softfp/libc_nano.a(lib_a-nano-vfprintf_float.o)
                0x0000000008003fd8                __exponent
 .text._printf_float
                0x0000000008004038      0x48c /usr/bin/../lib/gcc/arm-none-eabi/4.9.3/../../../../arm-none-eabi/lib/armv7e-m/softfp/libc_nano.a(lib_a-nano-vfprintf_float.o)
                0x0000000008004038                _printf_float
 .text._printf_common
                0x00000000080044c4       0xea /usr/bin/../lib/gcc/arm-none-eabi/4.9.3/../../../../arm-none-eabi/lib/armv7e-m/softfp/libc_nano.a(lib_a-nano-vfprintf_i.o)
                0x00000000080044c4                _printf_common
 *fill*         0x00000000080045ae        0x2 
 .text._printf_i
                0x00000000080045b0      0x240 /usr/bin/../lib/gcc/arm-none-eabi/4.9.3/../../../../arm-none-eabi/lib/armv7e-m/softfp/libc_nano.a(lib_a-nano-vfprintf_i.o)
                0x00000000080045b0                _printf_i
 .text._scanf_float
                0x00000000080047f0      0x3cc /usr/bin/../lib/gcc/arm-none-eabi/4.9.3/../../../../arm-none-eabi/lib/armv7e-m/softfp/libc_nano.a(lib_a-nano-vfscanf_float.o)
                0x00000000080047f0                _scanf_float
 .text._scanf_chars
                0x0000000008004bbc       0xc0 /usr/bin/../lib/gcc/arm-none-eabi/4.9.3/../../../../arm-none-eabi/lib/armv7e-m/softfp/libc_nano.a(lib_a-nano-vfscanf_i.o)
                0x0000000008004bbc                _scanf_chars
 .text._scanf_i
                0x0000000008004c7c      0x1e4 /usr/bin/../lib/gcc/arm-none-eabi/4.9.3/../../../../arm-none-eabi/lib/armv7e-m/softfp/libc_nano.a(lib_a-nano-vfscanf_i.o)
                0x0000000008004c7c                _scanf_i
 .text._open_r  0x0000000008004e60       0x24 /usr/bin/../lib/gcc/arm-none-eabi/4.9.3/../../../../arm-none-eabi/lib/armv7e-m/softfp/libc_nano.a(lib_a-openr.o)
                0x0000000008004e60                _open_r
 .text.printf   0x0000000008004e84       0x30 /usr/bin/../lib/gcc/arm-none-eabi/4.9.3/../../../../arm-none-eabi/lib/armv7e-m/softfp/libc_nano.a(lib_a-printf.o)
                0x0000000008004e84                printf
                0x0000000008004e84                iprintf
 .text._puts_r  0x0000000008004eb4       0xf0 /usr/bin/../lib/gcc/arm-none-eabi/4.9.3/../../../../arm-none-eabi/lib/armv7e-m/softfp/libc_nano.a(lib_a-puts.o)
                0x0000000008004eb4                _puts_r
 .text.puts     0x0000000008004fa4       0x10 /usr/bin/../lib/gcc/arm-none-eabi/4.9.3/../../../../arm-none-eabi/lib/armv7e-m/softfp/libc_nano.a(lib_a-puts.o)
                0x0000000008004fa4                puts
 .text.__fpclassifyd
                0x0000000008004fb4       0x54 /usr/bin/../lib/gcc/arm-none-eabi/4.9.3/../../../../arm-none-eabi/lib/armv7e-m/softfp/libc_nano.a(lib_a-s_fpclassify.o)
                0x0000000008004fb4                __fpclassifyd
 .text._sbrk_r  0x0000000008005008       0x20 /usr/bin/../lib/gcc/arm-none-eabi/4.9.3/../../../../arm-none-eabi/lib/armv7e-m/softfp/libc_nano.a(lib_a-sbrkr.o)
                0x0000000008005008                _sbrk_r
 .text.__sccl   0x0000000008005028       0x64 /usr/bin/../lib/gcc/arm-none-eabi/4.9.3/../../../../arm-none-eabi/lib/armv7e-m/softfp/libc_nano.a(lib_a-sccl.o)
                0x0000000008005028                __sccl
 .text.setbuf   0x000000000800508c       0x10 /usr/bin/../lib/gcc/arm-none-eabi/4.9.3/../../../../arm-none-eabi/lib/armv7e-m/softfp/libc_nano.a(lib_a-setbuf.o)
                0x000000000800508c                setbuf
 .text.setvbuf  0x000000000800509c      0x110 /usr/bin/../lib/gcc/arm-none-eabi/4.9.3/../../../../arm-none-eabi/lib/armv7e-m/softfp/libc_nano.a(lib_a-setvbuf.o)
                0x000000000800509c                setvbuf
 .text.nanf     0x00000000080051ac        0x8 /usr/bin/../lib/gcc/arm-none-eabi/4.9.3/../../../../arm-none-eabi/lib/armv7e-m/softfp/libc_nano.a(lib_a-sf_nan.o)
                0x00000000080051ac                nanf
 .text._raise_r
                0x00000000080051b4       0x50 /usr/bin/../lib/gcc/arm-none-eabi/4.9.3/../../../../arm-none-eabi/lib/armv7e-m/softfp/libc_nano.a(lib_a-signal.o)
                0x00000000080051b4                _raise_r
 .text.raise    0x0000000008005204       0x10 /usr/bin/../lib/gcc/arm-none-eabi/4.9.3/../../../../arm-none-eabi/lib/armv7e-m/softfp/libc_nano.a(lib_a-signal.o)
                0x0000000008005204                raise
 .text._kill_r  0x0000000008005214       0x24 /usr/bin/../lib/gcc/arm-none-eabi/4.9.3/../../../../arm-none-eabi/lib/armv7e-m/softfp/libc_nano.a(lib_a-signalr.o)
                0x0000000008005214                _kill_r
 .text._getpid_r
                0x0000000008005238        0x4 /usr/bin/../lib/gcc/arm-none-eabi/4.9.3/../../../../arm-none-eabi/lib/armv7e-m/softfp/libc_nano.a(lib_a-signalr.o)
                0x0000000008005238                _getpid_r
 .text.sprintf  0x000000000800523c       0x48 /usr/bin/../lib/gcc/arm-none-eabi/4.9.3/../../../../arm-none-eabi/lib/armv7e-m/softfp/libc_nano.a(lib_a-sprintf.o)
                0x000000000800523c                sprintf
                0x000000000800523c                siprintf
 .text.sscanf   0x0000000008005284       0x54 /usr/bin/../lib/gcc/arm-none-eabi/4.9.3/../../../../arm-none-eabi/lib/armv7e-m/softfp/libc_nano.a(lib_a-sscanf.o)
                0x0000000008005284                sscanf
                0x0000000008005284                siscanf
 .text.__sread  0x00000000080052d8       0x22 /usr/bin/../lib/gcc/arm-none-eabi/4.9.3/../../../../arm-none-eabi/lib/armv7e-m/softfp/libc_nano.a(lib_a-stdio.o)
                0x00000000080052d8                __sread
 .text.__seofread
                0x00000000080052fa        0x4 /usr/bin/../lib/gcc/arm-none-eabi/4.9.3/../../../../arm-none-eabi/lib/armv7e-m/softfp/libc_nano.a(lib_a-stdio.o)
                0x00000000080052fa                __seofread
 .text.__swrite
                0x00000000080052fe       0x38 /usr/bin/../lib/gcc/arm-none-eabi/4.9.3/../../../../arm-none-eabi/lib/armv7e-m/softfp/libc_nano.a(lib_a-stdio.o)
                0x00000000080052fe                __swrite
 .text.__sseek  0x0000000008005336       0x24 /usr/bin/../lib/gcc/arm-none-eabi/4.9.3/../../../../arm-none-eabi/lib/armv7e-m/softfp/libc_nano.a(lib_a-stdio.o)
                0x0000000008005336                __sseek
 .text.__sclose
                0x000000000800535a        0x8 /usr/bin/../lib/gcc/arm-none-eabi/4.9.3/../../../../arm-none-eabi/lib/armv7e-m/softfp/libc_nano.a(lib_a-stdio.o)
                0x000000000800535a                __sclose
 .text          0x0000000008005362       0x14 /usr/bin/../lib/gcc/arm-none-eabi/4.9.3/../../../../arm-none-eabi/lib/armv7e-m/softfp/libc_nano.a(lib_a-strcmp.o)
                0x0000000008005362                strcmp
 .text.strlen   0x0000000008005376       0x10 /usr/bin/../lib/gcc/arm-none-eabi/4.9.3/../../../../arm-none-eabi/lib/armv7e-m/softfp/libc_nano.a(lib_a-strlen.o)
                0x0000000008005376                strlen
 .text.strncmp  0x0000000008005386       0x34 /usr/bin/../lib/gcc/arm-none-eabi/4.9.3/../../../../arm-none-eabi/lib/armv7e-m/softfp/libc_nano.a(lib_a-strncmp.o)
                0x0000000008005386                strncmp
 .text.match    0x00000000080053ba       0x26 /usr/bin/../lib/gcc/arm-none-eabi/4.9.3/../../../../arm-none-eabi/lib/armv7e-m/softfp/libc_nano.a(lib_a-strtod.o)
 .text.sulp     0x00000000080053e0       0x42 /usr/bin/../lib/gcc/arm-none-eabi/4.9.3/../../../../arm-none-eabi/lib/armv7e-m/softfp/libc_nano.a(lib_a-strtod.o)
 *fill*         0x0000000008005422        0x6 
 .text._strtod_r
                0x0000000008005428      0xc24 /usr/bin/../lib/gcc/arm-none-eabi/4.9.3/../../../../arm-none-eabi/lib/armv7e-m/softfp/libc_nano.a(lib_a-strtod.o)
                0x0000000008005428                _strtod_r
 .text._strtol_r
                0x000000000800604c      0x10c /usr/bin/../lib/gcc/arm-none-eabi/4.9.3/../../../../arm-none-eabi/lib/armv7e-m/softfp/libc_nano.a(lib_a-strtol.o)
                0x000000000800604c                _strtol_r
 .text._strtoul_r
                0x0000000008006158       0xf8 /usr/bin/../lib/gcc/arm-none-eabi/4.9.3/../../../../arm-none-eabi/lib/armv7e-m/softfp/libc_nano.a(lib_a-strtoul.o)
                0x0000000008006158                _strtoul_r
 .text.__submore
                0x0000000008006250       0x76 /usr/bin/../lib/gcc/arm-none-eabi/4.9.3/../../../../arm-none-eabi/lib/armv7e-m/softfp/libc_nano.a(lib_a-ungetc.o)
                0x0000000008006250                __submore
 *fill*         0x00000000080062c6        0x2 
 .text.__swbuf_r
                0x00000000080062c8       0xa8 /usr/bin/../lib/gcc/arm-none-eabi/4.9.3/../../../../arm-none-eabi/lib/armv7e-m/softfp/libc_nano.a(lib_a-wbuf.o)
                0x00000000080062c8                __swbuf_r
 .text._write_r
                0x0000000008006370       0x24 /usr/bin/../lib/gcc/arm-none-eabi/4.9.3/../../../../arm-none-eabi/lib/armv7e-m/softfp/libc_nano.a(lib_a-writer.o)
                0x0000000008006370                _write_r
 .text.__swsetup_r
                0x0000000008006394       0xd8 /usr/bin/../lib/gcc/arm-none-eabi/4.9.3/../../../../arm-none-eabi/lib/armv7e-m/softfp/libc_nano.a(lib_a-wsetup.o)
                0x0000000008006394                __swsetup_r
 .text.__register_exitproc
                0x000000000800646c       0xb8 /usr/bin/../lib/gcc/arm-none-eabi/4.9.3/../../../../arm-none-eabi/lib/armv7e-m/softfp/libc_nano.a(lib_a-__atexit.o)
                0x000000000800646c                __register_exitproc
 .text.__call_exitprocs
                0x0000000008006524       0xd4 /usr/bin/../lib/gcc/arm-none-eabi/4.9.3/../../../../arm-none-eabi/lib/armv7e-m/softfp/libc_nano.a(lib_a-__call_atexit.o)
                0x0000000008006524                __call_exitprocs
 .text._close_r
                0x00000000080065f8       0x20 /usr/bin/../lib/gcc/arm-none-eabi/4.9.3/../../../../arm-none-eabi/lib/armv7e-m/softfp/libc_nano.a(lib_a-closer.o)
                0x00000000080065f8                _close_r
 .text.quorem   0x0000000008006618      0x11a /usr/bin/../lib/gcc/arm-none-eabi/4.9.3/../../../../arm-none-eabi/lib/armv7e-m/softfp/libc_nano.a(lib_a-dtoa.o)
 *fill*         0x0000000008006732        0x6 
 .text._dtoa_r  0x0000000008006738      0xb88 /usr/bin/../lib/gcc/arm-none-eabi/4.9.3/../../../../arm-none-eabi/lib/armv7e-m/softfp/libc_nano.a(lib_a-dtoa.o)
                0x0000000008006738                _dtoa_r
 .text.__sflags
                0x00000000080072c0       0x6e /usr/bin/../lib/gcc/arm-none-eabi/4.9.3/../../../../arm-none-eabi/lib/armv7e-m/softfp/libc_nano.a(lib_a-flags.o)
                0x00000000080072c0                __sflags
 *fill*         0x000000000800732e        0x2 
 .text._fstat_r
                0x0000000008007330       0x24 /usr/bin/../lib/gcc/arm-none-eabi/4.9.3/../../../../arm-none-eabi/lib/armv7e-m/softfp/libc_nano.a(lib_a-fstatr.o)
                0x0000000008007330                _fstat_r
 .text.rshift   0x0000000008007354       0x6c /usr/bin/../lib/gcc/arm-none-eabi/4.9.3/../../../../arm-none-eabi/lib/armv7e-m/softfp/libc_nano.a(lib_a-gdtoa-gethex.o)
 .text.__hexdig_fun
                0x00000000080073c0       0x2a /usr/bin/../lib/gcc/arm-none-eabi/4.9.3/../../../../arm-none-eabi/lib/armv7e-m/softfp/libc_nano.a(lib_a-gdtoa-gethex.o)
                0x00000000080073c0                __hexdig_fun
 .text.__gethex
                0x00000000080073ea      0x44a /usr/bin/../lib/gcc/arm-none-eabi/4.9.3/../../../../arm-none-eabi/lib/armv7e-m/softfp/libc_nano.a(lib_a-gdtoa-gethex.o)
                0x00000000080073ea                __gethex
 .text.L_shift  0x0000000008007834       0x24 /usr/bin/../lib/gcc/arm-none-eabi/4.9.3/../../../../arm-none-eabi/lib/armv7e-m/softfp/libc_nano.a(lib_a-gdtoa-hexnan.o)
 .text.__hexnan
                0x0000000008007858      0x114 /usr/bin/../lib/gcc/arm-none-eabi/4.9.3/../../../../arm-none-eabi/lib/armv7e-m/softfp/libc_nano.a(lib_a-gdtoa-hexnan.o)
                0x0000000008007858                __hexnan
 .text._isatty_r
                0x000000000800796c       0x20 /usr/bin/../lib/gcc/arm-none-eabi/4.9.3/../../../../arm-none-eabi/lib/armv7e-m/softfp/libc_nano.a(lib_a-isattyr.o)
                0x000000000800796c                _isatty_r
 .text._localeconv_r
                0x000000000800798c        0x8 /usr/bin/../lib/gcc/arm-none-eabi/4.9.3/../../../../arm-none-eabi/lib/armv7e-m/softfp/libc_nano.a(lib_a-locale.o)
                0x000000000800798c                _localeconv_r
 .text._lseek_r
                0x0000000008007994       0x24 /usr/bin/../lib/gcc/arm-none-eabi/4.9.3/../../../../arm-none-eabi/lib/armv7e-m/softfp/libc_nano.a(lib_a-lseekr.o)
                0x0000000008007994                _lseek_r
 .text.memmove  0x00000000080079b8       0x36 /usr/bin/../lib/gcc/arm-none-eabi/4.9.3/../../../../arm-none-eabi/lib/armv7e-m/softfp/libc_nano.a(lib_a-memmove.o)
                0x00000000080079b8                memmove
 .text._Balloc  0x00000000080079ee       0x6a /usr/bin/../lib/gcc/arm-none-eabi/4.9.3/../../../../arm-none-eabi/lib/armv7e-m/softfp/libc_nano.a(lib_a-mprec.o)
                0x00000000080079ee                _Balloc
 .text._Bfree   0x0000000008007a58       0x2e /usr/bin/../lib/gcc/arm-none-eabi/4.9.3/../../../../arm-none-eabi/lib/armv7e-m/softfp/libc_nano.a(lib_a-mprec.o)
                0x0000000008007a58                _Bfree
 .text.__multadd
                0x0000000008007a86       0x7c /usr/bin/../lib/gcc/arm-none-eabi/4.9.3/../../../../arm-none-eabi/lib/armv7e-m/softfp/libc_nano.a(lib_a-mprec.o)
                0x0000000008007a86                __multadd
 .text.__s2b    0x0000000008007b02       0x80 /usr/bin/../lib/gcc/arm-none-eabi/4.9.3/../../../../arm-none-eabi/lib/armv7e-m/softfp/libc_nano.a(lib_a-mprec.o)
                0x0000000008007b02                __s2b
 .text.__hi0bits
                0x0000000008007b82       0x40 /usr/bin/../lib/gcc/arm-none-eabi/4.9.3/../../../../arm-none-eabi/lib/armv7e-m/softfp/libc_nano.a(lib_a-mprec.o)
                0x0000000008007b82                __hi0bits
 .text.__lo0bits
                0x0000000008007bc2       0x5a /usr/bin/../lib/gcc/arm-none-eabi/4.9.3/../../../../arm-none-eabi/lib/armv7e-m/softfp/libc_nano.a(lib_a-mprec.o)
                0x0000000008007bc2                __lo0bits
 .text.__i2b    0x0000000008007c1c       0x12 /usr/bin/../lib/gcc/arm-none-eabi/4.9.3/../../../../arm-none-eabi/lib/armv7e-m/softfp/libc_nano.a(lib_a-mprec.o)
                0x0000000008007c1c                __i2b
 .text.__multiply
                0x0000000008007c2e      0x122 /usr/bin/../lib/gcc/arm-none-eabi/4.9.3/../../../../arm-none-eabi/lib/armv7e-m/softfp/libc_nano.a(lib_a-mprec.o)
                0x0000000008007c2e                __multiply
 .text.__pow5mult
                0x0000000008007d50       0x9c /usr/bin/../lib/gcc/arm-none-eabi/4.9.3/../../../../arm-none-eabi/lib/armv7e-m/softfp/libc_nano.a(lib_a-mprec.o)
                0x0000000008007d50                __pow5mult
 .text.__lshift
                0x0000000008007dec       0xa6 /usr/bin/../lib/gcc/arm-none-eabi/4.9.3/../../../../arm-none-eabi/lib/armv7e-m/softfp/libc_nano.a(lib_a-mprec.o)
                0x0000000008007dec                __lshift
 .text.__mcmp   0x0000000008007e92       0x38 /usr/bin/../lib/gcc/arm-none-eabi/4.9.3/../../../../arm-none-eabi/lib/armv7e-m/softfp/libc_nano.a(lib_a-mprec.o)
                0x0000000008007e92                __mcmp
 .text.__mdiff  0x0000000008007eca       0xbe /usr/bin/../lib/gcc/arm-none-eabi/4.9.3/../../../../arm-none-eabi/lib/armv7e-m/softfp/libc_nano.a(lib_a-mprec.o)
                0x0000000008007eca                __mdiff
 .text.__ulp    0x0000000008007f88       0x48 /usr/bin/../lib/gcc/arm-none-eabi/4.9.3/../../../../arm-none-eabi/lib/armv7e-m/softfp/libc_nano.a(lib_a-mprec.o)
                0x0000000008007f88                __ulp
 .text.__b2d    0x0000000008007fd0       0x9e /usr/bin/../lib/gcc/arm-none-eabi/4.9.3/../../../../arm-none-eabi/lib/armv7e-m/softfp/libc_nano.a(lib_a-mprec.o)
                0x0000000008007fd0                __b2d
 .text.__d2b    0x000000000800806e       0xa4 /usr/bin/../lib/gcc/arm-none-eabi/4.9.3/../../../../arm-none-eabi/lib/armv7e-m/softfp/libc_nano.a(lib_a-mprec.o)
                0x000000000800806e                __d2b
 .text.__ratio  0x0000000008008112       0x52 /usr/bin/../lib/gcc/arm-none-eabi/4.9.3/../../../../arm-none-eabi/lib/armv7e-m/softfp/libc_nano.a(lib_a-mprec.o)
                0x0000000008008112                __ratio
 .text.__copybits
                0x0000000008008164       0x34 /usr/bin/../lib/gcc/arm-none-eabi/4.9.3/../../../../arm-none-eabi/lib/armv7e-m/softfp/libc_nano.a(lib_a-mprec.o)
                0x0000000008008164                __copybits
 .text.__any_on
                0x0000000008008198       0x44 /usr/bin/../lib/gcc/arm-none-eabi/4.9.3/../../../../arm-none-eabi/lib/armv7e-m/softfp/libc_nano.a(lib_a-mprec.o)
                0x0000000008008198                __any_on
 .text._calloc_r
                0x00000000080081dc       0x1c /usr/bin/../lib/gcc/arm-none-eabi/4.9.3/../../../../arm-none-eabi/lib/armv7e-m/softfp/libc_nano.a(lib_a-nano-callocr.o)
                0x00000000080081dc                _calloc_r
 .text._realloc_r
                0x00000000080081f8       0x4c /usr/bin/../lib/gcc/arm-none-eabi/4.9.3/../../../../arm-none-eabi/lib/armv7e-m/softfp/libc_nano.a(lib_a-nano-reallocr.o)
                0x00000000080081f8                _realloc_r
 .text.__ssputs_r
                0x0000000008008244       0xb2 /usr/bin/../lib/gcc/arm-none-eabi/4.9.3/../../../../arm-none-eabi/lib/armv7e-m/softfp/libc_nano.a(lib_a-nano-svfprintf.o)
                0x0000000008008244                __ssputs_r
 *fill*         0x00000000080082f6        0x2 
 .text._svfprintf_r
                0x00000000080082f8      0x1e4 /usr/bin/../lib/gcc/arm-none-eabi/4.9.3/../../../../arm-none-eabi/lib/armv7e-m/softfp/libc_nano.a(lib_a-nano-svfprintf.o)
                0x00000000080082f8                _svfprintf_r
                0x00000000080082f8                _svfiprintf_r
 .text._sungetc_r
                0x00000000080084dc       0x7a /usr/bin/../lib/gcc/arm-none-eabi/4.9.3/../../../../arm-none-eabi/lib/armv7e-m/softfp/libc_nano.a(lib_a-nano-svfscanf.o)
                0x00000000080084dc                _sungetc_r
 .text.__ssrefill_r
                0x0000000008008556       0x3a /usr/bin/../lib/gcc/arm-none-eabi/4.9.3/../../../../arm-none-eabi/lib/armv7e-m/softfp/libc_nano.a(lib_a-nano-svfscanf.o)
                0x0000000008008556                __ssrefill_r
 .text.__ssvfscanf_r
                0x0000000008008590      0x29c /usr/bin/../lib/gcc/arm-none-eabi/4.9.3/../../../../arm-none-eabi/lib/armv7e-m/softfp/libc_nano.a(lib_a-nano-svfscanf.o)
                0x0000000008008590                __ssvfscanf_r
                0x0000000008008590                __ssvfiscanf_r
 .text._read_r  0x000000000800882c       0x24 /usr/bin/../lib/gcc/arm-none-eabi/4.9.3/../../../../arm-none-eabi/lib/armv7e-m/softfp/libc_nano.a(lib_a-readr.o)
                0x000000000800882c                _read_r
 .text._malloc_usable_size_r
                0x0000000008008850       0x14 /usr/bin/../lib/gcc/arm-none-eabi/4.9.3/../../../../arm-none-eabi/lib/armv7e-m/softfp/libc_nano.a(lib_a-nano-msizer.o)
                0x0000000008008850                _malloc_usable_size_r
 .text          0x0000000008008864      0x370 /usr/bin/../lib/gcc/arm-none-eabi/4.9.3/armv7e-m/softfp/libgcc.a(_arm_addsubdf3.o)
                0x0000000008008864                __aeabi_drsub
                0x000000000800886c                __aeabi_dsub
                0x000000000800886c                __subdf3
                0x0000000008008870                __adddf3
                0x0000000008008870                __aeabi_dadd
                0x0000000008008ae8                __aeabi_ui2d
                0x0000000008008ae8                __floatunsidf
                0x0000000008008b08                __floatsidf
                0x0000000008008b08                __aeabi_i2d
                0x0000000008008b2c                __extendsfdf2
                0x0000000008008b2c                __aeabi_f2d
                0x0000000008008b68                __aeabi_ul2d
                0x0000000008008b68                __floatundidf
                0x0000000008008b78                __floatdidf
                0x0000000008008b78                __aeabi_l2d
 .text          0x0000000008008bd4      0x424 /usr/bin/../lib/gcc/arm-none-eabi/4.9.3/armv7e-m/softfp/libgcc.a(_arm_muldivdf3.o)
                0x0000000008008bd4                __aeabi_dmul
                0x0000000008008bd4                __muldf3
                0x0000000008008e28                __aeabi_ddiv
                0x0000000008008e28                __divdf3
 .text          0x0000000008008ff8      0x110 /usr/bin/../lib/gcc/arm-none-eabi/4.9.3/armv7e-m/softfp/libgcc.a(_arm_cmpdf2.o)
                0x0000000008008ff8                __gtdf2
                0x0000000008008ff8                __gedf2
                0x0000000008009000                __ltdf2
                0x0000000008009000                __ledf2
                0x0000000008009008                __cmpdf2
                0x0000000008009008                __eqdf2
                0x0000000008009008                __nedf2
                0x0000000008009084                __aeabi_cdrcmple
                0x0000000008009094                __aeabi_cdcmple
                0x0000000008009094                __aeabi_cdcmpeq
                0x00000000080090a4                __aeabi_dcmpeq
                0x00000000080090b8                __aeabi_dcmplt
                0x00000000080090cc                __aeabi_dcmple
                0x00000000080090e0                __aeabi_dcmpge
                0x00000000080090f4                __aeabi_dcmpgt
 .text          0x0000000008009108       0x50 /usr/bin/../lib/gcc/arm-none-eabi/4.9.3/armv7e-m/softfp/libgcc.a(_arm_fixdfsi.o)
                0x0000000008009108                __fixdfsi
                0x0000000008009108                __aeabi_d2iz
 .text          0x0000000008009158       0x40 /usr/bin/../lib/gcc/arm-none-eabi/4.9.3/armv7e-m/softfp/libgcc.a(_arm_fixunsdfsi.o)
                0x0000000008009158                __fixunsdfsi
                0x0000000008009158                __aeabi_d2uiz
 .text          0x0000000008009198       0xa0 /usr/bin/../lib/gcc/arm-none-eabi/4.9.3/armv7e-m/softfp/libgcc.a(_arm_truncdfsf2.o)
                0x0000000008009198                __aeabi_d2f
                0x0000000008009198                __truncdfsf2
 .text._getpid  0x0000000008009238       0x10 /usr/bin/../lib/gcc/arm-none-eabi/4.9.3/../../../../arm-none-eabi/lib/armv7e-m/softfp/libnosys.a(getpid.o)
                0x0000000008009238                _getpid
 .text._kill    0x0000000008009248       0x10 /usr/bin/../lib/gcc/arm-none-eabi/4.9.3/../../../../arm-none-eabi/lib/armv7e-m/softfp/libnosys.a(kill.o)
                0x0000000008009248                _kill
 *(.init)
 .init          0x0000000008009258        0x4 /usr/bin/../lib/gcc/arm-none-eabi/4.9.3/armv7e-m/softfp/crti.o
                0x0000000008009258                _init
 .init          0x000000000800925c        0x8 /usr/bin/../lib/gcc/arm-none-eabi/4.9.3/armv7e-m/softfp/crtn.o
 *(.fini)
 .fini          0x0000000008009264        0x4 /usr/bin/../lib/gcc/arm-none-eabi/4.9.3/armv7e-m/softfp/crti.o
                0x0000000008009264                _fini
 .fini          0x0000000008009268        0x8 /usr/bin/../lib/gcc/arm-none-eabi/4.9.3/armv7e-m/softfp/crtn.o
 *crtbegin.o(.ctors)
 *crtbegin?.o(.ctors)
 *(EXCLUDE_FILE(*crtend.o *crtend?.o) .ctors)
 *(SORT(.ctors.*))
 *(.ctors)
 *crtbegin.o(.dtors)
 *crtbegin?.o(.dtors)
 *(EXCLUDE_FILE(*crtend.o *crtend?.o) .dtors)
 *(SORT(.dtors.*))
 *(.dtors)
 *(.rodata*)
 .rodata.os_clockrate
                0x0000000008009270        0x4 mbed-rtos/rtx/TARGET_CORTEX_M/RTX_Conf_CM.o
                0x0000000008009270                os_clockrate
 .rodata.mp_stk_size
                0x0000000008009274        0x4 mbed-rtos/rtx/TARGET_CORTEX_M/RTX_Conf_CM.o
                0x0000000008009274                mp_stk_size
 .rodata.os_stackinfo
                0x0000000008009278        0x4 mbed-rtos/rtx/TARGET_CORTEX_M/RTX_Conf_CM.o
                0x0000000008009278                os_stackinfo
 .rodata.os_maxtaskrun
                0x000000000800927c        0x2 mbed-rtos/rtx/TARGET_CORTEX_M/RTX_Conf_CM.o
                0x000000000800927c                os_maxtaskrun
 .rodata.mp_tcb_size
                0x000000000800927e        0x2 mbed-rtos/rtx/TARGET_CORTEX_M/RTX_Conf_CM.o
                0x000000000800927e                mp_tcb_size
 .rodata.os_thread_def_osTimerThread
                0x0000000008009280       0x14 mbed-rtos/rtx/TARGET_CORTEX_M/RTX_Conf_CM.o
                0x0000000008009280                os_thread_def_osTimerThread
 .rodata.os_flags
                0x0000000008009294        0x1 mbed-rtos/rtx/TARGET_CORTEX_M/RTX_Conf_CM.o
                0x0000000008009294                os_flags
 .rodata.str1.1
                0x0000000008009295       0x5b mbed-rtos/rtx/TARGET_CORTEX_M/RTX_Conf_CM.o
 .rodata.mp_tmr_size
                0x00000000080092f0        0x2 mbed-rtos/rtx/TARGET_CORTEX_M/RTX_Conf_CM.o
                0x00000000080092f0                mp_tmr_size
 *fill*         0x00000000080092f2        0x2 
 .rodata.os_rrobin
                0x00000000080092f4        0x4 mbed-rtos/rtx/TARGET_CORTEX_M/RTX_Conf_CM.o
                0x00000000080092f4                os_rrobin
 .rodata.os_messageQ_def_osTimerMessageQ
                0x00000000080092f8        0x8 mbed-rtos/rtx/TARGET_CORTEX_M/RTX_Conf_CM.o
                0x00000000080092f8                os_messageQ_def_osTimerMessageQ
 .rodata.os_trv
                0x0000000008009300        0x4 mbed-rtos/rtx/TARGET_CORTEX_M/RTX_Conf_CM.o
                0x0000000008009300                os_trv
 .rodata.os_fifo_size
                0x0000000008009304        0x1 mbed-rtos/rtx/TARGET_CORTEX_M/RTX_Conf_CM.o
                0x0000000008009304                os_fifo_size
 .rodata.str1.1
                0x0000000008009305       0x36 main.o
 *fill*         0x000000000800933b        0x5 
 .rodata._ZTVN4rtos6ThreadE
                0x0000000008009340       0x10 mbed-rtos/rtos/Thread.o
                0x0000000008009340                vtable for rtos::Thread
 .rodata.str1.4
                0x0000000008009350       0x8b mbed/TARGET_NUCLEO_F401RE/TOOLCHAIN_GCC_ARM/board.o
 *fill*         0x00000000080093db        0x1 
 .rodata.__stdin_name
                0x00000000080093dc        0x7 mbed/TARGET_NUCLEO_F401RE/TOOLCHAIN_GCC_ARM/retarget.o
                0x00000000080093dc                __stdin_name
 *fill*         0x00000000080093e3        0x1 
 .rodata.__stderr_name
                0x00000000080093e4        0x8 mbed/TARGET_NUCLEO_F401RE/TOOLCHAIN_GCC_ARM/retarget.o
                0x00000000080093e4                __stderr_name
 .rodata.__stdout_name
                0x00000000080093ec        0x8 mbed/TARGET_NUCLEO_F401RE/TOOLCHAIN_GCC_ARM/retarget.o
                0x00000000080093ec                __stdout_name
 *fill*         0x00000000080093f4        0x4 
 .rodata._ZTVN4mbed10FileHandleE
                0x00000000080093f8       0x2c mbed/TARGET_NUCLEO_F401RE/TOOLCHAIN_GCC_ARM/retarget.o
                0x00000000080093f8                vtable for mbed::FileHandle
 .rodata.str1.4
                0x0000000008009424        0xe mbed/TARGET_NUCLEO_F401RE/TOOLCHAIN_GCC_ARM/retarget.o
 *fill*         0x0000000008009432        0x2 
 .rodata.APBAHBPrescTable
                0x0000000008009434       0x10 mbed/TARGET_NUCLEO_F401RE/TOOLCHAIN_GCC_ARM/stm32f4xx_hal_rcc.o
                0x0000000008009434                APBAHBPrescTable
 .rodata.AHBPrescTable
                0x0000000008009444       0x10 mbed/TARGET_NUCLEO_F401RE/TOOLCHAIN_GCC_ARM/system_stm32f4xx.o
                0x0000000008009444                AHBPrescTable
 .rodata.str1.4
                0x0000000008009454       0xcd ./mbed/TARGET_NUCLEO_F401RE/TOOLCHAIN_GCC_ARM/libmbed.a(serial_api.o)
 *fill*         0x0000000008009521        0x7 
 .rodata._ZTVN4mbed6SerialE
                0x0000000008009528       0x5c ./mbed/TARGET_NUCLEO_F401RE/TOOLCHAIN_GCC_ARM/libmbed.a(Serial.o)
                0x0000000008009528                vtable for mbed::Serial
 *fill*         0x0000000008009584        0x4 
 .rodata._ZTVN4mbed10SerialBaseE
                0x0000000008009588       0x10 ./mbed/TARGET_NUCLEO_F401RE/TOOLCHAIN_GCC_ARM/libmbed.a(SerialBase.o)
                0x0000000008009588                vtable for mbed::SerialBase
 .rodata._ZTVN4mbed6StreamE
                0x0000000008009598       0x44 ./mbed/TARGET_NUCLEO_F401RE/TOOLCHAIN_GCC_ARM/libmbed.a(Stream.o)
                0x0000000008009598                vtable for mbed::Stream
 .rodata.str1.4
                0x00000000080095dc        0x3 ./mbed/TARGET_NUCLEO_F401RE/TOOLCHAIN_GCC_ARM/libmbed.a(Stream.o)
                                          0x7 (size before relaxing)
 *fill*         0x00000000080095df        0x1 
 .rodata.str1.4
                0x00000000080095e0       0x31 ./mbed/TARGET_NUCLEO_F401RE/TOOLCHAIN_GCC_ARM/libmbed.a(assert.o)
 .rodata.str1.4
                0x0000000000000000       0x8b ./mbed/TARGET_NUCLEO_F401RE/TOOLCHAIN_GCC_ARM/libmbed.a(gpio.o)
 *fill*         0x0000000008009611        0x3 
 .rodata.str1.4
                0x0000000008009614       0x66 ./mbed/TARGET_NUCLEO_F401RE/TOOLCHAIN_GCC_ARM/libmbed.a(pinmap_common.o)
 *fill*         0x000000000800967a        0x2 
 .rodata.us_interface
                0x000000000800967c       0x14 ./mbed/TARGET_NUCLEO_F401RE/TOOLCHAIN_GCC_ARM/libmbed.a(us_ticker_api.o)
 .rodata.us_data
                0x0000000008009690        0x8 ./mbed/TARGET_NUCLEO_F401RE/TOOLCHAIN_GCC_ARM/libmbed.a(us_ticker_api.o)
 .rodata.PinMap_UART_RX
                0x0000000008009698       0x48 ./mbed/TARGET_NUCLEO_F401RE/TOOLCHAIN_GCC_ARM/libmbed.a(PeripheralPins.o)
                0x0000000008009698                PinMap_UART_RX
 .rodata.PinMap_UART_TX
                0x00000000080096e0       0x48 ./mbed/TARGET_NUCLEO_F401RE/TOOLCHAIN_GCC_ARM/libmbed.a(PeripheralPins.o)
                0x00000000080096e0                PinMap_UART_TX
 .rodata.str1.4
                0x0000000008009728       0x73 ./mbed/TARGET_NUCLEO_F401RE/TOOLCHAIN_GCC_ARM/libmbed.a(gpio_api.o)
                                         0x8c (size before relaxing)
 *fill*         0x000000000800979b        0x1 
 .rodata.gpio_mode
                0x000000000800979c       0x34 ./mbed/TARGET_NUCLEO_F401RE/TOOLCHAIN_GCC_ARM/libmbed.a(pinmap.o)
 .rodata.str1.4
                0x00000000080097d0       0x84 ./mbed/TARGET_NUCLEO_F401RE/TOOLCHAIN_GCC_ARM/libmbed.a(pinmap.o)
                                         0x95 (size before relaxing)
 *fill*         0x0000000008009854        0x4 
 .rodata._ZTVN4mbed8FileBaseE
                0x0000000008009858       0x10 ./mbed/TARGET_NUCLEO_F401RE/TOOLCHAIN_GCC_ARM/libmbed.a(FileBase.o)
                0x0000000008009858                vtable for mbed::FileBase
 .rodata._ZTVN4mbed8FileLikeE
                0x0000000008009868       0x3c ./mbed/TARGET_NUCLEO_F401RE/TOOLCHAIN_GCC_ARM/libmbed.a(FileLike.o)
                0x0000000008009868                vtable for mbed::FileLike
 .rodata.__sf_fake_stdin
                0x00000000080098a4       0x20 /usr/bin/../lib/gcc/arm-none-eabi/4.9.3/../../../../arm-none-eabi/lib/armv7e-m/softfp/libc_nano.a(lib_a-findfp.o)
                0x00000000080098a4                __sf_fake_stdin
 .rodata.__sf_fake_stdout
                0x00000000080098c4       0x20 /usr/bin/../lib/gcc/arm-none-eabi/4.9.3/../../../../arm-none-eabi/lib/armv7e-m/softfp/libc_nano.a(lib_a-findfp.o)
                0x00000000080098c4                __sf_fake_stdout
 .rodata.__sf_fake_stderr
                0x00000000080098e4       0x20 /usr/bin/../lib/gcc/arm-none-eabi/4.9.3/../../../../arm-none-eabi/lib/armv7e-m/softfp/libc_nano.a(lib_a-findfp.o)
                0x00000000080098e4                __sf_fake_stderr
 .rodata.str1.1
                0x0000000008009904        0x2 /usr/bin/../lib/gcc/arm-none-eabi/4.9.3/../../../../arm-none-eabi/lib/armv7e-m/softfp/libc_nano.a(lib_a-impure.o)
 *fill*         0x0000000008009906        0x2 
 .rodata._global_impure_ptr
                0x0000000008009908        0x4 /usr/bin/../lib/gcc/arm-none-eabi/4.9.3/../../../../arm-none-eabi/lib/armv7e-m/softfp/libc_nano.a(lib_a-impure.o)
                0x0000000008009908                _global_impure_ptr
 .rodata.str1.1
                0x000000000800990c       0x11 /usr/bin/../lib/gcc/arm-none-eabi/4.9.3/../../../../arm-none-eabi/lib/armv7e-m/softfp/libc_nano.a(lib_a-nano-vfprintf.o)
 .rodata.str1.1
                0x000000000800991d       0x10 /usr/bin/../lib/gcc/arm-none-eabi/4.9.3/../../../../arm-none-eabi/lib/armv7e-m/softfp/libc_nano.a(lib_a-nano-vfprintf_float.o)
                                         0x12 (size before relaxing)
 .rodata.str1.1