Archive member included because of file (symbol)

./mbed/TARGET_NUCLEO_F401RE/TOOLCHAIN_GCC_ARM/libmbed.a(serial_api.o)
                              mbed/TARGET_NUCLEO_F401RE/TOOLCHAIN_GCC_ARM/retarget.o (serial_init)
./mbed/TARGET_NUCLEO_F401RE/TOOLCHAIN_GCC_ARM/libmbed.a(FilePath.o)
                              mbed/TARGET_NUCLEO_F401RE/TOOLCHAIN_GCC_ARM/retarget.o (mbed::FilePath::FilePath(char const*))
./mbed/TARGET_NUCLEO_F401RE/TOOLCHAIN_GCC_ARM/libmbed.a(I2C.o)
                              main.o (mbed::I2C::I2C(PinName, PinName))
./mbed/TARGET_NUCLEO_F401RE/TOOLCHAIN_GCC_ARM/libmbed.a(FileSystemLike.o)
                              mbed/TARGET_NUCLEO_F401RE/TOOLCHAIN_GCC_ARM/retarget.o (mbed::FileSystemLike::opendir())
./mbed/TARGET_NUCLEO_F401RE/TOOLCHAIN_GCC_ARM/libmbed.a(Serial.o)
                              main.o (mbed::Serial::Serial(PinName, PinName, char const*))
./mbed/TARGET_NUCLEO_F401RE/TOOLCHAIN_GCC_ARM/libmbed.a(SerialBase.o)
                              ./mbed/TARGET_NUCLEO_F401RE/TOOLCHAIN_GCC_ARM/libmbed.a(Serial.o) (mbed::SerialBase::SerialBase(PinName, PinName))
./mbed/TARGET_NUCLEO_F401RE/TOOLCHAIN_GCC_ARM/libmbed.a(Stream.o)
                              ./mbed/TARGET_NUCLEO_F401RE/TOOLCHAIN_GCC_ARM/libmbed.a(Serial.o) (mbed::Stream::close())
./mbed/TARGET_NUCLEO_F401RE/TOOLCHAIN_GCC_ARM/libmbed.a(assert.o)
                              mbed/TARGET_NUCLEO_F401RE/TOOLCHAIN_GCC_ARM/board.o (mbed_assert_internal)
./mbed/TARGET_NUCLEO_F401RE/TOOLCHAIN_GCC_ARM/libmbed.a(error.o)
                              mbed-rtos/rtos/Mutex.o (error)
./mbed/TARGET_NUCLEO_F401RE/TOOLCHAIN_GCC_ARM/libmbed.a(gpio.o)
                              main.o (gpio_init_out)
./mbed/TARGET_NUCLEO_F401RE/TOOLCHAIN_GCC_ARM/libmbed.a(pinmap_common.o)
                              ./mbed/TARGET_NUCLEO_F401RE/TOOLCHAIN_GCC_ARM/libmbed.a(serial_api.o) (pinmap_pinout)
./mbed/TARGET_NUCLEO_F401RE/TOOLCHAIN_GCC_ARM/libmbed.a(us_ticker_api.o)
                              mbed/TARGET_NUCLEO_F401RE/TOOLCHAIN_GCC_ARM/hal_tick.o (us_ticker_irq_handler)
./mbed/TARGET_NUCLEO_F401RE/TOOLCHAIN_GCC_ARM/libmbed.a(wait_api.o)
                              ./mbed/TARGET_NUCLEO_F401RE/TOOLCHAIN_GCC_ARM/libmbed.a(SerialBase.o) (wait_us)
./mbed/TARGET_NUCLEO_F401RE/TOOLCHAIN_GCC_ARM/libmbed.a(PeripheralPins.o)
                              ./mbed/TARGET_NUCLEO_F401RE/TOOLCHAIN_GCC_ARM/libmbed.a(serial_api.o) (PinMap_UART_CTS)
./mbed/TARGET_NUCLEO_F401RE/TOOLCHAIN_GCC_ARM/libmbed.a(gpio_api.o)
                              ./mbed/TARGET_NUCLEO_F401RE/TOOLCHAIN_GCC_ARM/libmbed.a(gpio.o) (gpio_init)
./mbed/TARGET_NUCLEO_F401RE/TOOLCHAIN_GCC_ARM/libmbed.a(i2c_api.o)
                              ./mbed/TARGET_NUCLEO_F401RE/TOOLCHAIN_GCC_ARM/libmbed.a(I2C.o) (i2c_frequency)
./mbed/TARGET_NUCLEO_F401RE/TOOLCHAIN_GCC_ARM/libmbed.a(pinmap.o)
                              ./mbed/TARGET_NUCLEO_F401RE/TOOLCHAIN_GCC_ARM/libmbed.a(gpio_api.o) (Set_GPIO_Clock)
./mbed/TARGET_NUCLEO_F401RE/TOOLCHAIN_GCC_ARM/libmbed.a(us_ticker.o)
                              ./mbed/TARGET_NUCLEO_F401RE/TOOLCHAIN_GCC_ARM/libmbed.a(us_ticker_api.o) (us_ticker_init)
./mbed/TARGET_NUCLEO_F401RE/TOOLCHAIN_GCC_ARM/libmbed.a(FileLike.o)
                              ./mbed/TARGET_NUCLEO_F401RE/TOOLCHAIN_GCC_ARM/libmbed.a(Stream.o) (mbed::FileLike::FileLike(char const*))
./mbed/TARGET_NUCLEO_F401RE/TOOLCHAIN_GCC_ARM/libmbed.a(FileBase.o)
                              ./mbed/TARGET_NUCLEO_F401RE/TOOLCHAIN_GCC_ARM/libmbed.a(FileSystemLike.o) (mbed::FileBase::~FileBase())
./mbed/TARGET_NUCLEO_F401RE/TOOLCHAIN_GCC_ARM/libmbed.a(ticker_api.o)
                              ./mbed/TARGET_NUCLEO_F401RE/TOOLCHAIN_GCC_ARM/libmbed.a(us_ticker_api.o) (ticker_irq_handler)
/usr/bin/../lib/gcc/arm-none-eabi/4.9.3/../../../../arm-none-eabi/lib/armv7e-m/softfp/libstdc++_nano.a(del_op.o)
                              main.o (operator delete(void*))
/usr/bin/../lib/gcc/arm-none-eabi/4.9.3/../../../../arm-none-eabi/lib/armv7e-m/softfp/libstdc++_nano.a(new_op.o)
                              ./mbed/TARGET_NUCLEO_F401RE/TOOLCHAIN_GCC_ARM/libmbed.a(FileSystemLike.o) (operator new(unsigned int))
/usr/bin/../lib/gcc/arm-none-eabi/4.9.3/../../../../arm-none-eabi/lib/armv7e-m/softfp/libstdc++_nano.a(del_opv.o)
                              mbed-rtos/rtos/Thread.o (operator delete[](void*))
/usr/bin/../lib/gcc/arm-none-eabi/4.9.3/../../../../arm-none-eabi/lib/armv7e-m/softfp/libstdc++_nano.a(atexit_arm.o)
                              main.o (__aeabi_atexit)
/usr/bin/../lib/gcc/arm-none-eabi/4.9.3/../../../../arm-none-eabi/lib/armv7e-m/softfp/libstdc++_nano.a(new_opv.o)
                              mbed-rtos/rtos/Thread.o (operator new[](unsigned int))
/usr/bin/../lib/gcc/arm-none-eabi/4.9.3/../../../../arm-none-eabi/lib/armv7e-m/softfp/libstdc++_nano.a(new_handler.o)
[...]
Memory Configuration

Name             Origin             Length             Attributes
FLASH            0x0000000008000000 0x0000000000080000 xr
RAM              0x0000000020000194 0x0000000000017e6c xrw
*default*        0x0000000000000000 0xffffffffffffffff

Linker script and memory map

LOAD /usr/bin/../lib/gcc/arm-none-eabi/4.9.3/armv7e-m/softfp/crti.o
LOAD /usr/bin/../lib/gcc/arm-none-eabi/4.9.3/armv7e-m/softfp/crtbegin.o
LOAD /usr/bin/../lib/gcc/arm-none-eabi/4.9.3/../../../../arm-none-eabi/lib/armv7e-m/softfp/crt0.o
LOAD mbed-rtos/rtx/TARGET_CORTEX_M/TARGET_RTOS_M4_M7/TOOLCHAIN_GCC/HAL_CM4.o
LOAD mbed-rtos/rtx/TARGET_CORTEX_M/TARGET_RTOS_M4_M7/TOOLCHAIN_GCC/SVC_Table.o
LOAD mbed-rtos/rtos/rtos_idle.o
LOAD mbed-rtos/rtx/TARGET_CORTEX_M/HAL_CM.o
LOAD mbed-rtos/rtx/TARGET_CORTEX_M/RTX_Conf_CM.o
LOAD mbed-rtos/rtx/TARGET_CORTEX_M/rt_CMSIS.o
LOAD mbed-rtos/rtx/TARGET_CORTEX_M/rt_Event.o
LOAD mbed-rtos/rtx/TARGET_CORTEX_M/rt_List.o
LOAD mbed-rtos/rtx/TARGET_CORTEX_M/rt_Mailbox.o
LOAD mbed-rtos/rtx/TARGET_CORTEX_M/rt_MemBox.o
LOAD mbed-rtos/rtx/TARGET_CORTEX_M/rt_Mutex.o
LOAD mbed-rtos/rtx/TARGET_CORTEX_M/rt_Robin.o
LOAD mbed-rtos/rtx/TARGET_CORTEX_M/rt_Semaphore.o
LOAD mbed-rtos/rtx/TARGET_CORTEX_M/rt_System.o
LOAD mbed-rtos/rtx/TARGET_CORTEX_M/rt_Task.o
LOAD mbed-rtos/rtx/TARGET_CORTEX_M/rt_Time.o
LOAD main.o
LOAD mbed-rtos/rtos/Mutex.o
LOAD mbed-rtos/rtos/RtosTimer.o
LOAD mbed-rtos/rtos/Semaphore.o
LOAD mbed-rtos/rtos/Thread.o
LOAD mbed/TARGET_NUCLEO_F401RE/TOOLCHAIN_GCC_ARM/stm32f4xx_hal_flash_ramfunc.o
LOAD mbed/TARGET_NUCLEO_F401RE/TOOLCHAIN_GCC_ARM/board.o
LOAD mbed/TARGET_NUCLEO_F401RE/TOOLCHAIN_GCC_ARM/cmsis_nvic.o
LOAD mbed/TARGET_NUCLEO_F401RE/TOOLCHAIN_GCC_ARM/hal_tick.o
LOAD mbed/TARGET_NUCLEO_F401RE/TOOLCHAIN_GCC_ARM/mbed_overrides.o
LOAD mbed/TARGET_NUCLEO_F401RE/TOOLCHAIN_GCC_ARM/retarget.o
LOAD mbed/TARGET_NUCLEO_F401RE/TOOLCHAIN_GCC_ARM/startup_stm32f401xe.o
LOAD mbed/TARGET_NUCLEO_F401RE/TOOLCHAIN_GCC_ARM/stm32f4xx_hal.o
LOAD mbed/TARGET_NUCLEO_F401RE/TOOLCHAIN_GCC_ARM/stm32f4xx_hal_adc.o
LOAD mbed/TARGET_NUCLEO_F401RE/TOOLCHAIN_GCC_ARM/stm32f4xx_hal_adc_ex.o
LOAD mbed/TARGET_NUCLEO_F401RE/TOOLCHAIN_GCC_ARM/stm32f4xx_hal_can.o
LOAD mbed/TARGET_NUCLEO_F401RE/TOOLCHAIN_GCC_ARM/stm32f4xx_hal_cec.o
LOAD mbed/TARGET_NUCLEO_F401RE/TOOLCHAIN_GCC_ARM/stm32f4xx_hal_cortex.o
LOAD mbed/TARGET_NUCLEO_F401RE/TOOLCHAIN_GCC_ARM/stm32f4xx_hal_crc.o
LOAD mbed/TARGET_NUCLEO_F401RE/TOOLCHAIN_GCC_ARM/stm32f4xx_hal_cryp.o
LOAD mbed/TARGET_NUCLEO_F401RE/TOOLCHAIN_GCC_ARM/stm32f4xx_hal_cryp_ex.o
LOAD mbed/TARGET_NUCLEO_F401RE/TOOLCHAIN_GCC_ARM/stm32f4xx_hal_dac.o
LOAD mbed/TARGET_NUCLEO_F401RE/TOOLCHAIN_GCC_ARM/stm32f4xx_hal_dac_ex.o
LOAD mbed/TARGET_NUCLEO_F401RE/TOOLCHAIN_GCC_ARM/stm32f4xx_hal_dcmi.o
LOAD mbed/TARGET_NUCLEO_F401RE/TOOLCHAIN_GCC_ARM/stm32f4xx_hal_dcmi_ex.o
LOAD mbed/TARGET_NUCLEO_F401RE/TOOLCHAIN_GCC_ARM/stm32f4xx_hal_dma.o
LOAD mbed/TARGET_NUCLEO_F401RE/TOOLCHAIN_GCC_ARM/stm32f4xx_hal_dma2d.o
LOAD mbed/TARGET_NUCLEO_F401RE/TOOLCHAIN_GCC_ARM/stm32f4xx_hal_dma_ex.o
LOAD mbed/TARGET_NUCLEO_F401RE/TOOLCHAIN_GCC_ARM/stm32f4xx_hal_dsi.o
LOAD mbed/TARGET_NUCLEO_F401RE/TOOLCHAIN_GCC_ARM/stm32f4xx_hal_eth.o
LOAD mbed/TARGET_NUCLEO_F401RE/TOOLCHAIN_GCC_ARM/stm32f4xx_hal_flash.o
LOAD mbed/TARGET_NUCLEO_F401RE/TOOLCHAIN_GCC_ARM/stm32f4xx_hal_flash_ex.o
LOAD mbed/TARGET_NUCLEO_F401RE/TOOLCHAIN_GCC_ARM/stm32f4xx_hal_fmpi2c_ex.o
LOAD mbed/TARGET_NUCLEO_F401RE/TOOLCHAIN_GCC_ARM/stm32f4xx_hal_fmpi2c.o
LOAD mbed/TARGET_NUCLEO_F401RE/TOOLCHAIN_GCC_ARM/stm32f4xx_hal_msp_template.o
LOAD mbed/TARGET_NUCLEO_F401RE/TOOLCHAIN_GCC_ARM/stm32f4xx_hal_gpio.o
LOAD mbed/TARGET_NUCLEO_F401RE/TOOLCHAIN_GCC_ARM/stm32f4xx_hal_hash.o
LOAD mbed/TARGET_NUCLEO_F401RE/TOOLCHAIN_GCC_ARM/stm32f4xx_hal_hash_ex.o
LOAD mbed/TARGET_NUCLEO_F401RE/TOOLCHAIN_GCC_ARM/stm32f4xx_hal_hcd.o
LOAD mbed/TARGET_NUCLEO_F401RE/TOOLCHAIN_GCC_ARM/stm32f4xx_hal_i2c.o
LOAD mbed/TARGET_NUCLEO_F401RE/TOOLCHAIN_GCC_ARM/stm32f4xx_hal_i2c_ex.o
LOAD mbed/TARGET_NUCLEO_F401RE/TOOLCHAIN_GCC_ARM/stm32f4xx_hal_i2s.o
LOAD mbed/TARGET_NUCLEO_F401RE/TOOLCHAIN_GCC_ARM/stm32f4xx_hal_i2s_ex.o
LOAD mbed/TARGET_NUCLEO_F401RE/TOOLCHAIN_GCC_ARM/stm32f4xx_hal_irda.o
LOAD mbed/TARGET_NUCLEO_F401RE/TOOLCHAIN_GCC_ARM/stm32f4xx_hal_iwdg.o
LOAD mbed/TARGET_NUCLEO_F401RE/TOOLCHAIN_GCC_ARM/stm32f4xx_hal_lptim.o
LOAD mbed/TARGET_NUCLEO_F401RE/TOOLCHAIN_GCC_ARM/stm32f4xx_hal_ltdc.o
LOAD mbed/TARGET_NUCLEO_F401RE/TOOLCHAIN_GCC_ARM/stm32f4xx_hal_ltdc_ex.o
LOAD mbed/TARGET_NUCLEO_F401RE/TOOLCHAIN_GCC_ARM/stm32f4xx_hal_smartcard.o
LOAD mbed/TARGET_NUCLEO_F401RE/TOOLCHAIN_GCC_ARM/stm32f4xx_hal_nand.o
LOAD mbed/TARGET_NUCLEO_F401RE/TOOLCHAIN_GCC_ARM/stm32f4xx_hal_nor.o
LOAD mbed/TARGET_NUCLEO_F401RE/TOOLCHAIN_GCC_ARM/stm32f4xx_hal_pccard.o
LOAD mbed/TARGET_NUCLEO_F401RE/TOOLCHAIN_GCC_ARM/stm32f4xx_hal_pcd.o
LOAD mbed/TARGET_NUCLEO_F401RE/TOOLCHAIN_GCC_ARM/stm32f4xx_hal_pcd_ex.o
LOAD mbed/TARGET_NUCLEO_F401RE/TOOLCHAIN_GCC_ARM/stm32f4xx_hal_pwr.o
LOAD mbed/TARGET_NUCLEO_F401RE/TOOLCHAIN_GCC_ARM/stm32f4xx_hal_pwr_ex.o
LOAD mbed/TARGET_NUCLEO_F401RE/TOOLCHAIN_GCC_ARM/stm32f4xx_hal_qspi.o
LOAD mbed/TARGET_NUCLEO_F401RE/TOOLCHAIN_GCC_ARM/stm32f4xx_hal_rcc.o
LOAD mbed/TARGET_NUCLEO_F401RE/TOOLCHAIN_GCC_ARM/stm32f4xx_hal_rcc_ex.o
LOAD mbed/TARGET_NUCLEO_F401RE/TOOLCHAIN_GCC_ARM/stm32f4xx_hal_rng.o
LOAD mbed/TARGET_NUCLEO_F401RE/TOOLCHAIN_GCC_ARM/stm32f4xx_hal_rtc.o
LOAD mbed/TARGET_NUCLEO_F401RE/TOOLCHAIN_GCC_ARM/stm32f4xx_hal_rtc_ex.o
LOAD mbed/TARGET_NUCLEO_F401RE/TOOLCHAIN_GCC_ARM/stm32f4xx_hal_sai.o
LOAD mbed/TARGET_NUCLEO_F401RE/TOOLCHAIN_GCC_ARM/stm32f4xx_hal_sai_ex.o
LOAD mbed/TARGET_NUCLEO_F401RE/TOOLCHAIN_GCC_ARM/stm32f4xx_hal_sd.o
LOAD mbed/TARGET_NUCLEO_F401RE/TOOLCHAIN_GCC_ARM/stm32f4xx_hal_sdram.o
LOAD mbed/TARGET_NUCLEO_F401RE/TOOLCHAIN_GCC_ARM/stm32f4xx_hal_spdifrx.o
LOAD mbed/TARGET_NUCLEO_F401RE/TOOLCHAIN_GCC_ARM/stm32f4xx_hal_spi.o
LOAD mbed/TARGET_NUCLEO_F401RE/TOOLCHAIN_GCC_ARM/stm32f4xx_hal_sram.o
LOAD mbed/TARGET_NUCLEO_F401RE/TOOLCHAIN_GCC_ARM/stm32f4xx_hal_tim.o
LOAD mbed/TARGET_NUCLEO_F401RE/TOOLCHAIN_GCC_ARM/stm32f4xx_hal_tim_ex.o
LOAD mbed/TARGET_NUCLEO_F401RE/TOOLCHAIN_GCC_ARM/stm32f4xx_hal_uart.o
LOAD mbed/TARGET_NUCLEO_F401RE/TOOLCHAIN_GCC_ARM/stm32f4xx_hal_usart.o
LOAD mbed/TARGET_NUCLEO_F401RE/TOOLCHAIN_GCC_ARM/stm32f4xx_hal_wwdg.o
LOAD mbed/TARGET_NUCLEO_F401RE/TOOLCHAIN_GCC_ARM/stm32f4xx_ll_fmc.o
LOAD mbed/TARGET_NUCLEO_F401RE/TOOLCHAIN_GCC_ARM/stm32f4xx_ll_fsmc.o
LOAD mbed/TARGET_NUCLEO_F401RE/TOOLCHAIN_GCC_ARM/stm32f4xx_ll_sdmmc.o
LOAD mbed/TARGET_NUCLEO_F401RE/TOOLCHAIN_GCC_ARM/stm32f4xx_ll_usb.o
LOAD mbed/TARGET_NUCLEO_F401RE/TOOLCHAIN_GCC_ARM/system_stm32f4xx.o
LOAD ./mbed/TARGET_NUCLEO_F401RE/TOOLCHAIN_GCC_ARM/libmbed.a
LOAD /usr/bin/../lib/gcc/arm-none-eabi/4.9.3/../../../../arm-none-eabi/lib/armv7e-m/softfp/libstdc++_nano.a
LOAD /usr/bin/../lib/gcc/arm-none-eabi/4.9.3/../../../../arm-none-eabi/lib/armv7e-m/softfp/libsupc++_nano.a
LOAD /usr/bin/../lib/gcc/arm-none-eabi/4.9.3/../../../../arm-none-eabi/lib/armv7e-m/softfp/libm.a
LOAD /usr/bin/../lib/gcc/arm-none-eabi/4.9.3/../../../../arm-none-eabi/lib/armv7e-m/softfp/libc_nano.a
LOAD /usr/bin/../lib/gcc/arm-none-eabi/4.9.3/armv7e-m/softfp/libgcc.a
LOAD /usr/bin/../lib/gcc/arm-none-eabi/4.9.3/../../../../arm-none-eabi/lib/armv7e-m/softfp/libnosys.a
LOAD ./mbed/TARGET_NUCLEO_F401RE/TOOLCHAIN_GCC_ARM/libmbed.a
LOAD /usr/bin/../lib/gcc/arm-none-eabi/4.9.3/../../../../arm-none-eabi/lib/armv7e-m/softfp/libstdc++_nano.a
LOAD /usr/bin/../lib/gcc/arm-none-eabi/4.9.3/../../../../arm-none-eabi/lib/armv7e-m/softfp/libsupc++_nano.a
LOAD /usr/bin/../lib/gcc/arm-none-eabi/4.9.3/../../../../arm-none-eabi/lib/armv7e-m/softfp/libm.a
LOAD /usr/bin/../lib/gcc/arm-none-eabi/4.9.3/../../../../arm-none-eabi/lib/armv7e-m/softfp/libc_nano.a
LOAD /usr/bin/../lib/gcc/arm-none-eabi/4.9.3/armv7e-m/softfp/libgcc.a
LOAD /usr/bin/../lib/gcc/arm-none-eabi/4.9.3/../../../../arm-none-eabi/lib/armv7e-m/softfp/libnosys.a
START GROUP
LOAD /usr/bin/../lib/gcc/arm-none-eabi/4.9.3/armv7e-m/softfp/libgcc.a
LOAD /usr/bin/../lib/gcc/arm-none-eabi/4.9.3/../../../../arm-none-eabi/lib/armv7e-m/softfp/libc_nano.a
END GROUP
START GROUP
LOAD /usr/bin/../lib/gcc/arm-none-eabi/4.9.3/armv7e-m/softfp/libgcc.a
LOAD /usr/bin/../lib/gcc/arm-none-eabi/4.9.3/../../../../arm-none-eabi/lib/armv7e-m/softfp/libc_nano.a
END GROUP
LOAD /usr/bin/../lib/gcc/arm-none-eabi/4.9.3/armv7e-m/softfp/crtend.o
LOAD /usr/bin/../lib/gcc/arm-none-eabi/4.9.3/armv7e-m/softfp/crtn.o

.text           0x0000000008000000     0xa090
 *(.isr_vector)
 .isr_vector    0x0000000008000000      0x194 mbed/TARGET_NUCLEO_F401RE/TOOLCHAIN_GCC_ARM/startup_stm32f401xe.o
                0x0000000008000000                g_pfnVectors
 *(.text*)
 .text          0x0000000008000194       0x5c /usr/bin/../lib/gcc/arm-none-eabi/4.9.3/armv7e-m/softfp/crtbegin.o
 .text          0x00000000080001f0       0x74 /usr/bin/../lib/gcc/arm-none-eabi/4.9.3/../../../../arm-none-eabi/lib/armv7e-m/softfp/crt0.o
                0x00000000080001f0                _mainCRTStartup
                0x00000000080001f0                _start
 .text          0x0000000008000264      0x170 mbed-rtos/rtx/TARGET_CORTEX_M/TARGET_RTOS_M4_M7/TOOLCHAIN_GCC/HAL_CM4.o
                0x0000000008000264                rt_set_PSP
                0x000000000800026a                rt_get_PSP
                0x0000000008000270                os_set_env
                0x0000000008000288                _alloc_box
                0x00000000080002a4                _free_box
                0x00000000080002c0                SVC_Handler
                0x000000000800034c                PendSV_Handler
                0x0000000008000352                Sys_Switch
                0x00000000080003a4                SysTick_Handler
                0x00000000080003ae                OS_Tick_Handler
 .text.default_idle_hook
                0x00000000080003d4        0x2 mbed-rtos/rtos/rtos_idle.o
 *fill*         0x00000000080003d6        0x2 
 .text.rtos_idle_loop
                0x00000000080003d8       0x10 mbed-rtos/rtos/rtos_idle.o
                0x00000000080003d8                rtos_idle_loop
 .text.rt_init_stack
                0x00000000080003e8       0x4c mbed-rtos/rtx/TARGET_CORTEX_M/HAL_CM.o
                0x00000000080003e8                rt_init_stack
 .text.rt_ret_val
                0x0000000008000434       0x12 mbed-rtos/rtx/TARGET_CORTEX_M/HAL_CM.o
                0x0000000008000434                rt_ret_val
 .text.rt_ret_val2
                0x0000000008000446       0x16 mbed-rtos/rtx/TARGET_CORTEX_M/HAL_CM.o
                0x0000000008000446                rt_ret_val2
 .text.os_idle_demon
                0x000000000800045c        0x4 mbed-rtos/rtx/TARGET_CORTEX_M/RTX_Conf_CM.o
                0x000000000800045c                os_idle_demon
 .text.os_error
                0x0000000008000460        0x4 mbed-rtos/rtx/TARGET_CORTEX_M/RTX_Conf_CM.o
                0x0000000008000460                os_error
 .text.sysThreadError
                0x0000000008000464        0x8 mbed-rtos/rtx/TARGET_CORTEX_M/RTX_Conf_CM.o
                0x0000000008000464                sysThreadError
 .text.set_main_stack
                0x000000000800046c       0x1c mbed-rtos/rtx/TARGET_CORTEX_M/RTX_Conf_CM.o
                0x000000000800046c                set_main_stack
 .text.software_init_hook
                0x0000000008000488       0x38 mbed-rtos/rtx/TARGET_CORTEX_M/RTX_Conf_CM.o
                0x0000000008000488                software_init_hook
 .text.rt_tid2ptcb
                0x00000000080004c0       0x14 mbed-rtos/rtx/TARGET_CORTEX_M/rt_CMSIS.o
 .text.osThreadExit
                0x00000000080004d4       0x18 mbed-rtos/rtx/TARGET_CORTEX_M/rt_CMSIS.o
                0x00000000080004d4                osThreadExit
 .text.rt_timer_insert
                0x00000000080004ec       0x34 mbed-rtos/rtx/TARGET_CORTEX_M/rt_CMSIS.o
 .text.rt_ms2tick
                0x0000000008000520       0x3c mbed-rtos/rtx/TARGET_CORTEX_M/rt_CMSIS.o
 .text.svcKernelInitialize
                0x000000000800055c       0x2c mbed-rtos/rtx/TARGET_CORTEX_M/rt_CMSIS.o
                0x000000000800055c                svcKernelInitialize
 .text.osKernelInitialize
                0x0000000008000588       0x28 mbed-rtos/rtx/TARGET_CORTEX_M/rt_CMSIS.o
                0x0000000008000588                osKernelInitialize
 .text.osKernelStart
                0x00000000080005b0       0x6c mbed-rtos/rtx/TARGET_CORTEX_M/rt_CMSIS.o
                0x00000000080005b0                osKernelStart
 .text.svcThreadCreate
                0x000000000800061c       0x70 mbed-rtos/rtx/TARGET_CORTEX_M/rt_CMSIS.o
                0x000000000800061c                svcThreadCreate
 .text.svcThreadGetId
                0x000000000800068c       0x18 mbed-rtos/rtx/TARGET_CORTEX_M/rt_CMSIS.o
                0x000000000800068c                svcThreadGetId
 .text.svcThreadTerminate
                0x00000000080006a4       0x1c mbed-rtos/rtx/TARGET_CORTEX_M/rt_CMSIS.o
                0x00000000080006a4                svcThreadTerminate
 .text.osThreadCreate
                0x00000000080006c0       0x3c mbed-rtos/rtx/TARGET_CORTEX_M/rt_CMSIS.o
                0x00000000080006c0                osThreadCreate
 .text.osThreadTerminate
                0x00000000080006fc       0x18 mbed-rtos/rtx/TARGET_CORTEX_M/rt_CMSIS.o
                0x00000000080006fc                osThreadTerminate
 .text.svcDelay
                0x0000000008000714       0x14 mbed-rtos/rtx/TARGET_CORTEX_M/rt_CMSIS.o
                0x0000000008000714                svcDelay
 .text.osDelay  0x0000000008000728       0x18 mbed-rtos/rtx/TARGET_CORTEX_M/rt_CMSIS.o
                0x0000000008000728                osDelay
 .text.svcTimerCall
                0x0000000008000740       0x1a mbed-rtos/rtx/TARGET_CORTEX_M/rt_CMSIS.o
                0x0000000008000740                svcTimerCall
 *fill*         0x000000000800075a        0x2 
 .text.sysTimerTick
                0x000000000800075c       0x58 mbed-rtos/rtx/TARGET_CORTEX_M/rt_CMSIS.o
                0x000000000800075c                sysTimerTick
 .text.osTimerCall
                0x00000000080007b4       0x18 mbed-rtos/rtx/TARGET_CORTEX_M/rt_CMSIS.o
                0x00000000080007b4                osTimerCall
 .text.svcMessageCreate
                0x00000000080007cc       0x2c mbed-rtos/rtx/TARGET_CORTEX_M/rt_CMSIS.o
                0x00000000080007cc                svcMessageCreate
 .text.svcKernelStart
                0x00000000080007f8       0x5c mbed-rtos/rtx/TARGET_CORTEX_M/rt_CMSIS.o
                0x00000000080007f8                svcKernelStart
 .text.svcMessageGet
                0x0000000008000854       0x68 mbed-rtos/rtx/TARGET_CORTEX_M/rt_CMSIS.o
                0x0000000008000854                svcMessageGet
 .text.osMessageGet
                0x00000000080008bc       0x50 mbed-rtos/rtx/TARGET_CORTEX_M/rt_CMSIS.o
                0x00000000080008bc                osMessageGet
 .text.osTimerThread
                0x000000000800090c       0x30 mbed-rtos/rtx/TARGET_CORTEX_M/rt_CMSIS.o
                0x000000000800090c                osTimerThread
 .text.rt_evt_psh
                0x000000000800093c       0x54 mbed-rtos/rtx/TARGET_CORTEX_M/rt_Event.o
                0x000000000800093c                rt_evt_psh
 .text.rt_put_prio
                0x0000000008000990       0x30 mbed-rtos/rtx/TARGET_CORTEX_M/rt_List.o
                0x0000000008000990                rt_put_prio
 .text.rt_get_first
                0x00000000080009c0       0x22 mbed-rtos/rtx/TARGET_CORTEX_M/rt_List.o
                0x00000000080009c0                rt_get_first
 *fill*         0x00000000080009e2        0x2 
 .text.rt_put_rdy_first
                0x00000000080009e4       0x14 mbed-rtos/rtx/TARGET_CORTEX_M/rt_List.o
                0x00000000080009e4                rt_put_rdy_first
 .text.rt_put_dly
                0x00000000080009f8       0x4c mbed-rtos/rtx/TARGET_CORTEX_M/rt_List.o
                0x00000000080009f8                rt_put_dly
 .text.rt_dec_dly
                0x0000000008000a44       0x74 mbed-rtos/rtx/TARGET_CORTEX_M/rt_List.o
                0x0000000008000a44                rt_dec_dly
 .text.rt_rmv_list
                0x0000000008000ab8       0x2c mbed-rtos/rtx/TARGET_CORTEX_M/rt_List.o
                0x0000000008000ab8                rt_rmv_list
 .text.rt_resort_prio
                0x0000000008000ae4       0x34 mbed-rtos/rtx/TARGET_CORTEX_M/rt_List.o
                0x0000000008000ae4                rt_resort_prio
 .text.rt_rmv_dly
                0x0000000008000b18       0x26 mbed-rtos/rtx/TARGET_CORTEX_M/rt_List.o
                0x0000000008000b18                rt_rmv_dly
 *fill*         0x0000000008000b3e        0x2 
 .text.rt_psq_enq
                0x0000000008000b40       0x40 mbed-rtos/rtx/TARGET_CORTEX_M/rt_List.o
                0x0000000008000b40                rt_psq_enq
 .text.rt_mbx_init
                0x0000000008000b80       0x1a mbed-rtos/rtx/TARGET_CORTEX_M/rt_Mailbox.o
                0x0000000008000b80                rt_mbx_init
 *fill*         0x0000000008000b9a        0x2 
 .text.rt_mbx_wait
                0x0000000008000b9c       0xa4 mbed-rtos/rtx/TARGET_CORTEX_M/rt_Mailbox.o
                0x0000000008000b9c                rt_mbx_wait
 .text.rt_mbx_check
                0x0000000008000c40        0x8 mbed-rtos/rtx/TARGET_CORTEX_M/rt_Mailbox.o
                0x0000000008000c40                rt_mbx_check
 .text.isr_mbx_send
                0x0000000008000c48        0xe mbed-rtos/rtx/TARGET_CORTEX_M/rt_Mailbox.o
                0x0000000008000c48                isr_mbx_send
 .text.isr_mbx_receive
                0x0000000008000c56       0x4c mbed-rtos/rtx/TARGET_CORTEX_M/rt_Mailbox.o
                0x0000000008000c56                isr_mbx_receive
 *fill*         0x0000000008000ca2        0x2 
 .text.rt_mbx_psh
                0x0000000008000ca4       0xdc mbed-rtos/rtx/TARGET_CORTEX_M/rt_Mailbox.o
                0x0000000008000ca4                rt_mbx_psh
 .text.rt_alloc_box
                0x0000000008000d80       0x1a mbed-rtos/rtx/TARGET_CORTEX_M/rt_MemBox.o
                0x0000000008000d80                rt_alloc_box
 .text.rt_free_box
                0x0000000008000d9a       0x28 mbed-rtos/rtx/TARGET_CORTEX_M/rt_MemBox.o
                0x0000000008000d9a                rt_free_box
 *fill*         0x0000000008000dc2        0x2 
 .text.rt_init_robin
                0x0000000008000dc4       0x18 mbed-rtos/rtx/TARGET_CORTEX_M/rt_Robin.o
                0x0000000008000dc4                rt_init_robin
 .text.rt_chk_robin
                0x0000000008000ddc       0x50 mbed-rtos/rtx/TARGET_CORTEX_M/rt_Robin.o
                0x0000000008000ddc                rt_chk_robin
 .text.rt_sem_psh
                0x0000000008000e2c       0x34 mbed-rtos/rtx/TARGET_CORTEX_M/rt_Semaphore.o
                0x0000000008000e2c                rt_sem_psh
 .text.rt_psh_req
                0x0000000008000e60       0x24 mbed-rtos/rtx/TARGET_CORTEX_M/rt_System.o
                0x0000000008000e60                rt_psh_req
 .text.rt_pop_req
                0x0000000008000e84       0x70 mbed-rtos/rtx/TARGET_CORTEX_M/rt_System.o
                0x0000000008000e84                rt_pop_req
 .text.os_tick_init
                0x0000000008000ef4       0x30 mbed-rtos/rtx/TARGET_CORTEX_M/rt_System.o
                0x0000000008000ef4                os_tick_init
 .text.os_tick_irqack
                0x0000000008000f24        0x2 mbed-rtos/rtx/TARGET_CORTEX_M/rt_System.o
                0x0000000008000f24                os_tick_irqack
 *fill*         0x0000000008000f26        0x2 
 .text.rt_systick
                0x0000000008000f28       0x3c mbed-rtos/rtx/TARGET_CORTEX_M/rt_System.o
                0x0000000008000f28                rt_systick
 .text.rt_stk_check
                0x0000000008000f64       0x2c mbed-rtos/rtx/TARGET_CORTEX_M/rt_System.o
                0x0000000008000f64                rt_stk_check
 .text.rt_dispatch.part.0
                0x0000000008000f90       0x1c mbed-rtos/rtx/TARGET_CORTEX_M/rt_Task.o
 .text.rt_get_TID
                0x0000000008000fac       0x24 mbed-rtos/rtx/TARGET_CORTEX_M/rt_Task.o
                0x0000000008000fac                rt_get_TID
 .text.rt_init_context
                0x0000000008000fd0       0x2a mbed-rtos/rtx/TARGET_CORTEX_M/rt_Task.o
                0x0000000008000fd0                rt_init_context
 *fill*         0x0000000008000ffa        0x2 
 .text.rt_switch_req
                0x0000000008000ffc       0x10 mbed-rtos/rtx/TARGET_CORTEX_M/rt_Task.o
                0x0000000008000ffc                rt_switch_req
 .text.rt_dispatch
                0x000000000800100c       0x44 mbed-rtos/rtx/TARGET_CORTEX_M/rt_Task.o
                0x000000000800100c                rt_dispatch
 .text.rt_block
                0x0000000008001050       0x34 mbed-rtos/rtx/TARGET_CORTEX_M/rt_Task.o
                0x0000000008001050                rt_block
 .text.rt_tsk_self
                0x0000000008001084       0x10 mbed-rtos/rtx/TARGET_CORTEX_M/rt_Task.o
                0x0000000008001084                rt_tsk_self
 .text.rt_tsk_prio
                0x0000000008001094       0x74 mbed-rtos/rtx/TARGET_CORTEX_M/rt_Task.o
                0x0000000008001094                rt_tsk_prio
 .text.rt_tsk_delete
                0x0000000008001108       0x70 mbed-rtos/rtx/TARGET_CORTEX_M/rt_Task.o
                0x0000000008001108                rt_tsk_delete
 .text.rt_sys_init
                0x0000000008001178       0xdc mbed-rtos/rtx/TARGET_CORTEX_M/rt_Task.o
                0x0000000008001178                rt_sys_init
 .text.rt_sys_start
                0x0000000008001254       0x3c mbed-rtos/rtx/TARGET_CORTEX_M/rt_Task.o
                0x0000000008001254                rt_sys_start
 .text.rt_dly_wait
                0x0000000008001290        0x6 mbed-rtos/rtx/TARGET_CORTEX_M/rt_Time.o
                0x0000000008001290                rt_dly_wait
 .text._ZN4mbed10SerialBaseD2Ev
                0x0000000008001296        0x2 main.o
                0x0000000008001296                mbed::SerialBase::~SerialBase()
                0x0000000008001296                mbed::SerialBase::~SerialBase()
 .text._ZN4mbed6SerialD2Ev
                0x0000000008001298       0x20 main.o
                0x0000000008001298                mbed::Serial::~Serial()
                0x0000000008001298                mbed::Serial::~Serial()
 .text._ZN4mbed6SerialD1Ev
                0x00000000080012b8       0x10 main.o
                0x00000000080012b8                non-virtual thunk to mbed::Serial::~Serial()
                0x00000000080012c0                non-virtual thunk to mbed::Serial::~Serial()
 .text._ZN4mbed10SerialBaseD0Ev
                0x00000000080012c8        0xc main.o
                0x00000000080012c8                mbed::SerialBase::~SerialBase()
 .text._Z10print_charc
                0x00000000080012d4       0x34 main.o
                0x00000000080012d4                print_char(char)
 .text._Z9read_charv
                0x0000000008001308       0x10 main.o
                0x0000000008001308                read_char()
 .text._Z11echo_threadPKv
                0x0000000008001318       0x24 main.o
                0x0000000008001318                echo_thread(void const*)
 .text.startup.main
                0x000000000800133c       0x30 main.o
                0x000000000800133c                main
 .text._ZN4mbed6SerialD0Ev
                0x000000000800136c       0x1e main.o
                0x000000000800136c                mbed::Serial::~Serial()
                0x000000000800137e                non-virtual thunk to mbed::Serial::~Serial()
                0x0000000008001384                non-virtual thunk to mbed::Serial::~Serial()
 *fill*         0x000000000800138a        0x6 
 .text.startup._GLOBAL__sub_I_Gscale
                0x0000000008001390       0xec main.o
 .text._ZN4rtos6ThreadC2EPFvPKvEPv10osPrioritymPh
                0x000000000800147c       0x60 mbed-rtos/rtos/Thread.o
                0x000000000800147c                rtos::Thread::Thread(void (*)(void const*), void*, osPriority, unsigned long, unsigned char*)
                0x000000000800147c                rtos::Thread::Thread(void (*)(void const*), void*, osPriority, unsigned long, unsigned char*)
 .text._ZN4rtos6Thread9terminateEv
                0x00000000080014dc        0x6 mbed-rtos/rtos/Thread.o
                0x00000000080014dc                rtos::Thread::terminate()
 *fill*         0x00000000080014e2        0x2 
 .text._ZN4rtos6ThreadD2Ev
                0x00000000080014e4       0x24 mbed-rtos/rtos/Thread.o
                0x00000000080014e4                rtos::Thread::~Thread()
                0x00000000080014e4                rtos::Thread::~Thread()
 .text._ZN4rtos6ThreadD0Ev
                0x0000000008001508       0x12 mbed-rtos/rtos/Thread.o
                0x0000000008001508                rtos::Thread::~Thread()
 .text._ZN4rtos6Thread4waitEm
                0x000000000800151a        0x4 mbed-rtos/rtos/Thread.o
                0x000000000800151a                rtos::Thread::wait(unsigned long)
 *fill*         0x000000000800151e        0x2 
 .text.mbed_die
                0x0000000008001520       0x5c mbed/TARGET_NUCLEO_F401RE/TOOLCHAIN_GCC_ARM/board.o
                0x0000000008001520                mbed_die
 .text.NVIC_SetVector
                0x000000000800157c       0x48 mbed/TARGET_NUCLEO_F401RE/TOOLCHAIN_GCC_ARM/cmsis_nvic.o
                0x000000000800157c                NVIC_SetVector
 .text.timer_irq_handler
                0x00000000080015c4       0x50 mbed/TARGET_NUCLEO_F401RE/TOOLCHAIN_GCC_ARM/hal_tick.o
                0x00000000080015c4                timer_irq_handler
 .text.HAL_InitTick
                0x0000000008001614       0xb4 mbed/TARGET_NUCLEO_F401RE/TOOLCHAIN_GCC_ARM/hal_tick.o
                0x0000000008001614                HAL_InitTick
 .text.mbed_sdk_init
                0x00000000080016c8       0x10 mbed/TARGET_NUCLEO_F401RE/TOOLCHAIN_GCC_ARM/mbed_overrides.o
                0x00000000080016c8                mbed_sdk_init
 .text._ZN4mbed10FileHandle4flenEv
                0x00000000080016d8       0x34 mbed/TARGET_NUCLEO_F401RE/TOOLCHAIN_GCC_ARM/retarget.o
                0x00000000080016d8                mbed::FileHandle::flen()
 .text._ZL11init_serialv.part.0
                0x000000000800170c       0x10 mbed/TARGET_NUCLEO_F401RE/TOOLCHAIN_GCC_ARM/retarget.o
 .text._ZN4mbed10FileHandleD2Ev
                0x000000000800171c       0x2c mbed/TARGET_NUCLEO_F401RE/TOOLCHAIN_GCC_ARM/retarget.o
                0x000000000800171c                mbed::FileHandle::~FileHandle()
                0x000000000800171c                mbed::FileHandle::~FileHandle()
 .text._open    0x0000000008001748       0xfc mbed/TARGET_NUCLEO_F401RE/TOOLCHAIN_GCC_ARM/retarget.o
                0x0000000008001748                _open
 .text._close   0x0000000008001844       0x28 mbed/TARGET_NUCLEO_F401RE/TOOLCHAIN_GCC_ARM/retarget.o
                0x0000000008001844                _close
 .text._write   0x000000000800186c       0x4c mbed/TARGET_NUCLEO_F401RE/TOOLCHAIN_GCC_ARM/retarget.o
                0x000000000800186c                _write
 .text._read    0x00000000080018b8       0x44 mbed/TARGET_NUCLEO_F401RE/TOOLCHAIN_GCC_ARM/retarget.o
                0x00000000080018b8                _read
 .text._isatty  0x00000000080018fc       0x24 mbed/TARGET_NUCLEO_F401RE/TOOLCHAIN_GCC_ARM/retarget.o
                0x00000000080018fc                _isatty
 .text._lseek   0x0000000008001920       0x24 mbed/TARGET_NUCLEO_F401RE/TOOLCHAIN_GCC_ARM/retarget.o
                0x0000000008001920                _lseek
 .text._fstat   0x0000000008001944       0x20 mbed/TARGET_NUCLEO_F401RE/TOOLCHAIN_GCC_ARM/retarget.o
                0x0000000008001944                _fstat
 .text.__cxa_pure_virtual
                0x0000000008001964        0x8 mbed/TARGET_NUCLEO_F401RE/TOOLCHAIN_GCC_ARM/retarget.o
                0x0000000008001964                __cxa_pure_virtual
 .text.mbed_main
                0x000000000800196c        0x4 mbed/TARGET_NUCLEO_F401RE/TOOLCHAIN_GCC_ARM/retarget.o
                0x000000000800196c                mbed_main
 .text.__wrap_main
                0x0000000008001970       0x14 mbed/TARGET_NUCLEO_F401RE/TOOLCHAIN_GCC_ARM/retarget.o
                0x0000000008001970                __wrap_main
 .text._sbrk    0x0000000008001984       0x28 mbed/TARGET_NUCLEO_F401RE/TOOLCHAIN_GCC_ARM/retarget.o
                0x0000000008001984                _sbrk
 .text._exit    0x00000000080019ac       0x24 mbed/TARGET_NUCLEO_F401RE/TOOLCHAIN_GCC_ARM/retarget.o
                0x00000000080019ac                _exit
 .text._ZN4mbed26mbed_set_unbuffered_streamEP7__sFILE
                0x00000000080019d0        0x8 mbed/TARGET_NUCLEO_F401RE/TOOLCHAIN_GCC_ARM/retarget.o
                0x00000000080019d0                mbed::mbed_set_unbuffered_stream(__sFILE*)
 .text._ZN4mbed9mbed_getcEP7__sFILE
                0x00000000080019d8        0x4 mbed/TARGET_NUCLEO_F401RE/TOOLCHAIN_GCC_ARM/retarget.o
                0x00000000080019d8                mbed::mbed_getc(__sFILE*)
 .text.Reset_Handler
                0x00000000080019dc       0x4c mbed/TARGET_NUCLEO_F401RE/TOOLCHAIN_GCC_ARM/startup_stm32f401xe.o
                0x00000000080019dc                Reset_Handler
 .text.Default_Handler
                0x0000000008001a28        0x2 mbed/TARGET_NUCLEO_F401RE/TOOLCHAIN_GCC_ARM/startup_stm32f401xe.o
                0x0000000008001a28                RTC_Alarm_IRQHandler
                0x0000000008001a28                EXTI2_IRQHandler
                0x0000000008001a28                DebugMon_Handler
                0x0000000008001a28                SPI4_IRQHandler
                0x0000000008001a28                TIM1_CC_IRQHandler
                0x0000000008001a28                DMA2_Stream5_IRQHandler
                0x0000000008001a28                HardFault_Handler
                0x0000000008001a28                DMA1_Stream5_IRQHandler
                0x0000000008001a28                PVD_IRQHandler
                0x0000000008001a28                SDIO_IRQHandler
                0x0000000008001a28                TAMP_STAMP_IRQHandler
                0x0000000008001a28                NMI_Handler
                0x0000000008001a28                EXTI3_IRQHandler
                0x0000000008001a28                TIM1_UP_TIM10_IRQHandler
                0x0000000008001a28                I2C3_ER_IRQHandler
                0x0000000008001a28                EXTI0_IRQHandler
                0x0000000008001a28                I2C2_EV_IRQHandler
                0x0000000008001a28                DMA1_Stream2_IRQHandler
                0x0000000008001a28                FPU_IRQHandler
                0x0000000008001a28                UsageFault_Handler
                0x0000000008001a28                DMA2_Stream2_IRQHandler
                0x0000000008001a28                SPI1_IRQHandler
                0x0000000008001a28                TIM1_BRK_TIM9_IRQHandler
                0x0000000008001a28                DMA2_Stream3_IRQHandler
                0x0000000008001a28                USART6_IRQHandler
                0x0000000008001a28                DMA2_Stream0_IRQHandler
                0x0000000008001a28                TIM4_IRQHandler
                0x0000000008001a28                I2C1_EV_IRQHandler
                0x0000000008001a28                DMA1_Stream6_IRQHandler
                0x0000000008001a28                DMA1_Stream1_IRQHandler
                0x0000000008001a28                TIM3_IRQHandler
                0x0000000008001a28                RCC_IRQHandler
                0x0000000008001a28                Default_Handler
                0x0000000008001a28                EXTI15_10_IRQHandler
                0x0000000008001a28                ADC_IRQHandler
                0x0000000008001a28                DMA1_Stream7_IRQHandler
                0x0000000008001a28                TIM5_IRQHandler
                0x0000000008001a28                DMA2_Stream7_IRQHandler
                0x0000000008001a28                I2C3_EV_IRQHandler
                0x0000000008001a28                EXTI9_5_IRQHandler
                0x0000000008001a28                RTC_WKUP_IRQHandler
                0x0000000008001a28                SPI2_IRQHandler
                0x0000000008001a28                MemManage_Handler
                0x0000000008001a28                DMA1_Stream0_IRQHandler
                0x0000000008001a28                EXTI4_IRQHandler
                0x0000000008001a28                WWDG_IRQHandler
                0x0000000008001a28                TIM2_IRQHandler
                0x0000000008001a28                OTG_FS_WKUP_IRQHandler
                0x0000000008001a28                TIM1_TRG_COM_TIM11_IRQHandler
                0x0000000008001a28                EXTI1_IRQHandler
                0x0000000008001a28                USART2_IRQHandler
                0x0000000008001a28                I2C2_ER_IRQHandler
                0x0000000008001a28                DMA2_Stream1_IRQHandler
                0x0000000008001a28                FLASH_IRQHandler
                0x0000000008001a28                DMA2_Stream4_IRQHandler
                0x0000000008001a28                BusFault_Handler
                0x0000000008001a28                USART1_IRQHandler
                0x0000000008001a28                OTG_FS_IRQHandler
                0x0000000008001a28                SPI3_IRQHandler
                0x0000000008001a28                DMA1_Stream4_IRQHandler
                0x0000000008001a28                I2C1_ER_IRQHandler
                0x0000000008001a28                DMA2_Stream6_IRQHandler
                0x0000000008001a28                DMA1_Stream3_IRQHandler
 *fill*         0x0000000008001a2a        0x2 
 .text.HAL_Init
                0x0000000008001a2c       0x34 mbed/TARGET_NUCLEO_F401RE/TOOLCHAIN_GCC_ARM/stm32f4xx_hal.o
                0x0000000008001a2c                HAL_Init
 .text.HAL_IncTick
                0x0000000008001a60       0x10 mbed/TARGET_NUCLEO_F401RE/TOOLCHAIN_GCC_ARM/stm32f4xx_hal.o
                0x0000000008001a60                HAL_IncTick
 .text.HAL_GetTick
                0x0000000008001a70        0xc mbed/TARGET_NUCLEO_F401RE/TOOLCHAIN_GCC_ARM/stm32f4xx_hal.o
                0x0000000008001a70                HAL_GetTick
 .text.HAL_NVIC_SetPriorityGrouping
                0x0000000008001a7c       0x24 mbed/TARGET_NUCLEO_F401RE/TOOLCHAIN_GCC_ARM/stm32f4xx_hal_cortex.o
                0x0000000008001a7c                HAL_NVIC_SetPriorityGrouping
 .text.HAL_MspInit
                0x0000000008001aa0        0x4 mbed/TARGET_NUCLEO_F401RE/TOOLCHAIN_GCC_ARM/stm32f4xx_hal_msp_template.o
                0x0000000008001aa0                HAL_MspInit
 .text.HAL_GPIO_Init
                0x0000000008001aa4      0x1dc mbed/TARGET_NUCLEO_F401RE/TOOLCHAIN_GCC_ARM/stm32f4xx_hal_gpio.o
                0x0000000008001aa4                HAL_GPIO_Init
 .text.HAL_I2C_MspInit
                0x0000000008001c80        0x4 mbed/TARGET_NUCLEO_F401RE/TOOLCHAIN_GCC_ARM/stm32f4xx_hal_i2c.o
                0x0000000008001c80                HAL_I2C_MspInit
 .text.HAL_I2C_Init
                0x0000000008001c84       0xe8 mbed/TARGET_NUCLEO_F401RE/TOOLCHAIN_GCC_ARM/stm32f4xx_hal_i2c.o
                0x0000000008001c84                HAL_I2C_Init
 .text.HAL_RCC_OscConfig
                0x0000000008001d6c      0x358 mbed/TARGET_NUCLEO_F401RE/TOOLCHAIN_GCC_ARM/stm32f4xx_hal_rcc.o
                0x0000000008001d6c                HAL_RCC_OscConfig
 .text.HAL_RCC_ClockConfig
                0x00000000080020c4      0x1fc mbed/TARGET_NUCLEO_F401RE/TOOLCHAIN_GCC_ARM/stm32f4xx_hal_rcc.o
                0x00000000080020c4                HAL_RCC_ClockConfig
 .text.HAL_RCC_GetSysClockFreq
                0x00000000080022c0       0x80 mbed/TARGET_NUCLEO_F401RE/TOOLCHAIN_GCC_ARM/stm32f4xx_hal_rcc.o
                0x00000000080022c0                HAL_RCC_GetSysClockFreq
 .text.HAL_RCC_GetHCLKFreq
                0x0000000008002340       0x34 mbed/TARGET_NUCLEO_F401RE/TOOLCHAIN_GCC_ARM/stm32f4xx_hal_rcc.o
                0x0000000008002340                HAL_RCC_GetHCLKFreq
 .text.HAL_RCC_GetPCLK1Freq
                0x0000000008002374       0x2c mbed/TARGET_NUCLEO_F401RE/TOOLCHAIN_GCC_ARM/stm32f4xx_hal_rcc.o
                0x0000000008002374                HAL_RCC_GetPCLK1Freq
 .text.HAL_RCC_GetPCLK2Freq
                0x00000000080023a0       0x2c mbed/TARGET_NUCLEO_F401RE/TOOLCHAIN_GCC_ARM/stm32f4xx_hal_rcc.o
                0x00000000080023a0                HAL_RCC_GetPCLK2Freq
 .text.HAL_TIM_OC_MspInit
                0x00000000080023cc        0x4 mbed/TARGET_NUCLEO_F401RE/TOOLCHAIN_GCC_ARM/stm32f4xx_hal_tim.o
                0x00000000080023cc                HAL_TIM_OC_MspInit
 .text.HAL_TIM_OC_Start
                0x00000000080023d0       0x3c mbed/TARGET_NUCLEO_F401RE/TOOLCHAIN_GCC_ARM/stm32f4xx_hal_tim.o
                0x00000000080023d0                HAL_TIM_OC_Start
 .text.TIM_Base_SetConfig
                0x000000000800240c       0xa0 mbed/TARGET_NUCLEO_F401RE/TOOLCHAIN_GCC_ARM/stm32f4xx_hal_tim.o
                0x000000000800240c                TIM_Base_SetConfig
 .text.HAL_TIM_OC_Init
                0x00000000080024ac       0x38 mbed/TARGET_NUCLEO_F401RE/TOOLCHAIN_GCC_ARM/stm32f4xx_hal_tim.o
                0x00000000080024ac                HAL_TIM_OC_Init
 .text.UART_SetConfig
                0x00000000080024e4      0x194 mbed/TARGET_NUCLEO_F401RE/TOOLCHAIN_GCC_ARM/stm32f4xx_hal_uart.o
 .text.HAL_UART_MspInit
                0x0000000008002678        0x4 mbed/TARGET_NUCLEO_F401RE/TOOLCHAIN_GCC_ARM/stm32f4xx_hal_uart.o
                0x0000000008002678                HAL_UART_MspInit
 .text.HAL_UART_Init
                0x000000000800267c       0x5c mbed/TARGET_NUCLEO_F401RE/TOOLCHAIN_GCC_ARM/stm32f4xx_hal_uart.o
                0x000000000800267c                HAL_UART_Init
 .text.SystemCoreClockUpdate
                0x00000000080026d8       0x78 mbed/TARGET_NUCLEO_F401RE/TOOLCHAIN_GCC_ARM/system_stm32f4xx.o
                0x00000000080026d8                SystemCoreClockUpdate
 .text.SetSysClock_PLL_HSE
                0x0000000008002750       0x90 mbed/TARGET_NUCLEO_F401RE/TOOLCHAIN_GCC_ARM/system_stm32f4xx.o
                0x0000000008002750                SetSysClock_PLL_HSE
 .text.SetSysClock_PLL_HSI
                0x00000000080027e0       0x98 mbed/TARGET_NUCLEO_F401RE/TOOLCHAIN_GCC_ARM/system_stm32f4xx.o
                0x00000000080027e0                SetSysClock_PLL_HSI
 .text.SetSysClock
                0x0000000008002878       0x20 mbed/TARGET_NUCLEO_F401RE/TOOLCHAIN_GCC_ARM/system_stm32f4xx.o
                0x0000000008002878                SetSysClock
 .text.SystemInit
                0x0000000008002898       0x74 mbed/TARGET_NUCLEO_F401RE/TOOLCHAIN_GCC_ARM/system_stm32f4xx.o
                0x0000000008002898                SystemInit
 .text.init_uart
                0x000000000800290c       0x80 ./mbed/TARGET_NUCLEO_F401RE/TOOLCHAIN_GCC_ARM/libmbed.a(serial_api.o)
 .text.serial_init
                0x000000000800298c      0x128 ./mbed/TARGET_NUCLEO_F401RE/TOOLCHAIN_GCC_ARM/libmbed.a(serial_api.o)
                0x000000000800298c                serial_init
 .text.serial_irq_handler
                0x0000000008002ab4       0x1c ./mbed/TARGET_NUCLEO_F401RE/TOOLCHAIN_GCC_ARM/libmbed.a(serial_api.o)
                0x0000000008002ab4                serial_irq_handler
 .text.serial_getc
                0x0000000008002ad0       0x1c ./mbed/TARGET_NUCLEO_F401RE/TOOLCHAIN_GCC_ARM/libmbed.a(serial_api.o)
                0x0000000008002ad0                serial_getc
 .text.serial_putc
                0x0000000008002aec       0x1c ./mbed/TARGET_NUCLEO_F401RE/TOOLCHAIN_GCC_ARM/libmbed.a(serial_api.o)
                0x0000000008002aec                serial_putc
 .text.serial_readable
                0x0000000008002b08       0x14 ./mbed/TARGET_NUCLEO_F401RE/TOOLCHAIN_GCC_ARM/libmbed.a(serial_api.o)
                0x0000000008002b08                serial_readable
 .text._ZN4mbed8FilePathC2EPKc
                0x0000000008002b1c       0x54 ./mbed/TARGET_NUCLEO_F401RE/TOOLCHAIN_GCC_ARM/libmbed.a(FilePath.o)
                0x0000000008002b1c                mbed::FilePath::FilePath(char const*)
                0x0000000008002b1c                mbed::FilePath::FilePath(char const*)
 .text._ZN4mbed8FilePath8fileNameEv
                0x0000000008002b70        0x4 ./mbed/TARGET_NUCLEO_F401RE/TOOLCHAIN_GCC_ARM/libmbed.a(FilePath.o)
                0x0000000008002b70                mbed::FilePath::fileName()
 .text._ZN4mbed8FilePath10fileSystemEv
                0x0000000008002b74       0x20 ./mbed/TARGET_NUCLEO_F401RE/TOOLCHAIN_GCC_ARM/libmbed.a(FilePath.o)
                0x0000000008002b74                mbed::FilePath::fileSystem()
 .text._ZN4mbed8FilePath6isFileEv
                0x0000000008002b94       0x14 ./mbed/TARGET_NUCLEO_F401RE/TOOLCHAIN_GCC_ARM/libmbed.a(FilePath.o)
                0x0000000008002b94                mbed::FilePath::isFile()
 .text._ZN4mbed8FilePath4fileEv
                0x0000000008002ba8       0x20 ./mbed/TARGET_NUCLEO_F401RE/TOOLCHAIN_GCC_ARM/libmbed.a(FilePath.o)
                0x0000000008002ba8                mbed::FilePath::file()
 .text._ZN4mbed8FilePath6existsEv
                0x0000000008002bc8        0xc ./mbed/TARGET_NUCLEO_F401RE/TOOLCHAIN_GCC_ARM/libmbed.a(FilePath.o)
                0x0000000008002bc8                mbed::FilePath::exists()
 .text._ZN4mbed3I2CC2E7PinNameS1_
                0x0000000008002bd4       0x24 ./mbed/TARGET_NUCLEO_F401RE/TOOLCHAIN_GCC_ARM/libmbed.a(I2C.o)
                0x0000000008002bd4                mbed::I2C::I2C(PinName, PinName)
                0x0000000008002bd4                mbed::I2C::I2C(PinName, PinName)
 .text._ZN4mbed6Serial5_getcEv
                0x0000000008002bf8        0x4 ./mbed/TARGET_NUCLEO_F401RE/TOOLCHAIN_GCC_ARM/libmbed.a(Serial.o)
                0x0000000008002bf8                mbed::Serial::_getc()
 .text._ZThn92_N4mbed6Serial5_getcEv
                0x0000000008002bfc        0x8 ./mbed/TARGET_NUCLEO_F401RE/TOOLCHAIN_GCC_ARM/libmbed.a(Serial.o)
                0x0000000008002bfc                non-virtual thunk to mbed::Serial::_getc()
 .text._ZN4mbed6Serial5_putcEi
                0x0000000008002c04        0x4 ./mbed/TARGET_NUCLEO_F401RE/TOOLCHAIN_GCC_ARM/libmbed.a(Serial.o)
                0x0000000008002c04                mbed::Serial::_putc(int)
 .text._ZThn92_N4mbed6Serial5_putcEi
                0x0000000008002c08        0x8 ./mbed/TARGET_NUCLEO_F401RE/TOOLCHAIN_GCC_ARM/libmbed.a(Serial.o)
                0x0000000008002c08                non-virtual thunk to mbed::Serial::_putc(int)
 .text._ZN4mbed6SerialC2E7PinNameS1_PKc
                0x0000000008002c10       0x30 ./mbed/TARGET_NUCLEO_F401RE/TOOLCHAIN_GCC_ARM/libmbed.a(Serial.o)
                0x0000000008002c10                mbed::Serial::Serial(PinName, PinName, char const*)
                0x0000000008002c10                mbed::Serial::Serial(PinName, PinName, char const*)
 .text._ZN4mbed10SerialBase12_irq_handlerEm9SerialIrq
                0x0000000008002c40       0x20 ./mbed/TARGET_NUCLEO_F401RE/TOOLCHAIN_GCC_ARM/libmbed.a(SerialBase.o)
                0x0000000008002c40                mbed::SerialBase::_irq_handler(unsigned long, SerialIrq)
 .text._ZN4mbed10SerialBaseC2E7PinNameS1_
                0x0000000008002c60       0x50 ./mbed/TARGET_NUCLEO_F401RE/TOOLCHAIN_GCC_ARM/libmbed.a(SerialBase.o)
                0x0000000008002c60                mbed::SerialBase::SerialBase(PinName, PinName)
                0x0000000008002c60                mbed::SerialBase::SerialBase(PinName, PinName)
 .text._ZN4mbed10SerialBase8readableEv
                0x0000000008002cb0        0x8 ./mbed/TARGET_NUCLEO_F401RE/TOOLCHAIN_GCC_ARM/libmbed.a(SerialBase.o)
                0x0000000008002cb0                mbed::SerialBase::readable()
 .text._ZN4mbed10SerialBase10_base_getcEv
                0x0000000008002cb8        0x8 ./mbed/TARGET_NUCLEO_F401RE/TOOLCHAIN_GCC_ARM/libmbed.a(SerialBase.o)
                0x0000000008002cb8                mbed::SerialBase::_base_getc()
 .text._ZN4mbed10SerialBase10_base_putcEi
                0x0000000008002cc0       0x10 ./mbed/TARGET_NUCLEO_F401RE/TOOLCHAIN_GCC_ARM/libmbed.a(SerialBase.o)
                0x0000000008002cc0                mbed::SerialBase::_base_putc(int)
 .text._ZN4mbed6Stream5closeEv
                0x0000000008002cd0        0x4 ./mbed/TARGET_NUCLEO_F401RE/TOOLCHAIN_GCC_ARM/libmbed.a(Stream.o)
                0x0000000008002cd0                mbed::Stream::close()
 .text._ZN4mbed6Stream5writeEPKvj
                0x0000000008002cd4       0x2c ./mbed/TARGET_NUCLEO_F401RE/TOOLCHAIN_GCC_ARM/libmbed.a(Stream.o)
                0x0000000008002cd4                mbed::Stream::write(void const*, unsigned int)
 .text._ZN4mbed6Stream4readEPvj
                0x0000000008002d00       0x2c ./mbed/TARGET_NUCLEO_F401RE/TOOLCHAIN_GCC_ARM/libmbed.a(Stream.o)
                0x0000000008002d00                mbed::Stream::read(void*, unsigned int)
 .text._ZN4mbed6Stream5lseekEli
                0x0000000008002d2c        0x4 ./mbed/TARGET_NUCLEO_F401RE/TOOLCHAIN_GCC_ARM/libmbed.a(Stream.o)
                0x0000000008002d2c                mbed::Stream::lseek(long, int)
 .text._ZN4mbed6Stream6isattyEv
                0x0000000008002d30        0x4 ./mbed/TARGET_NUCLEO_F401RE/TOOLCHAIN_GCC_ARM/libmbed.a(Stream.o)
                0x0000000008002d30                mbed::Stream::isatty()
 .text._ZN4mbed6Stream5fsyncEv
                0x0000000008002d34        0x4 ./mbed/TARGET_NUCLEO_F401RE/TOOLCHAIN_GCC_ARM/libmbed.a(Stream.o)
                0x0000000008002d34                mbed::Stream::fsync()
 .text._ZN4mbed6Stream4flenEv
                0x0000000008002d38        0x4 ./mbed/TARGET_NUCLEO_F401RE/TOOLCHAIN_GCC_ARM/libmbed.a(Stream.o)
                0x0000000008002d38                mbed::Stream::flen()
 .text._ZN4mbed6StreamC2EPKc
                0x0000000008002d3c       0x44 ./mbed/TARGET_NUCLEO_F401RE/TOOLCHAIN_GCC_ARM/libmbed.a(Stream.o)
                0x0000000008002d3c                mbed::Stream::Stream(char const*)
                0x0000000008002d3c                mbed::Stream::Stream(char const*)
 .text._ZN4mbed6StreamD2Ev
                0x0000000008002d80       0x24 ./mbed/TARGET_NUCLEO_F401RE/TOOLCHAIN_GCC_ARM/libmbed.a(Stream.o)
                0x0000000008002d80                mbed::Stream::~Stream()
                0x0000000008002d80                mbed::Stream::~Stream()
 .text._ZN4mbed6Stream4getcEv
                0x0000000008002da4       0x14 ./mbed/TARGET_NUCLEO_F401RE/TOOLCHAIN_GCC_ARM/libmbed.a(Stream.o)
                0x0000000008002da4                mbed::Stream::getc()
 .text.mbed_assert_internal
                0x0000000008002db8       0x18 ./mbed/TARGET_NUCLEO_F401RE/TOOLCHAIN_GCC_ARM/libmbed.a(assert.o)
                0x0000000008002db8                mbed_assert_internal
 .text.error    0x0000000008002dd0       0x24 ./mbed/TARGET_NUCLEO_F401RE/TOOLCHAIN_GCC_ARM/libmbed.a(error.o)
                0x0000000008002dd0                error
 .text.gpio_init_out
                0x0000000008002df4       0x48 ./mbed/TARGET_NUCLEO_F401RE/TOOLCHAIN_GCC_ARM/libmbed.a(gpio.o)
                0x0000000008002df4                gpio_init_out
 .text.pinmap_pinout
                0x0000000008002e3c       0x44 ./mbed/TARGET_NUCLEO_F401RE/TOOLCHAIN_GCC_ARM/libmbed.a(pinmap_common.o)
                0x0000000008002e3c                pinmap_pinout
 .text.pinmap_merge
                0x0000000008002e80       0x24 ./mbed/TARGET_NUCLEO_F401RE/TOOLCHAIN_GCC_ARM/libmbed.a(pinmap_common.o)
                0x0000000008002e80                pinmap_merge
 .text.pinmap_peripheral
                0x0000000008002ea4       0x38 ./mbed/TARGET_NUCLEO_F401RE/TOOLCHAIN_GCC_ARM/libmbed.a(pinmap_common.o)
                0x0000000008002ea4                pinmap_peripheral
 .text.us_ticker_irq_handler
                0x0000000008002edc        0xc ./mbed/TARGET_NUCLEO_F401RE/TOOLCHAIN_GCC_ARM/libmbed.a(us_ticker_api.o)
                0x0000000008002edc                us_ticker_irq_handler
 .text.wait_us  0x0000000008002ee8       0x18 ./mbed/TARGET_NUCLEO_F401RE/TOOLCHAIN_GCC_ARM/libmbed.a(wait_api.o)
                0x0000000008002ee8                wait_us
 .text.wait_ms  0x0000000008002f00        0xc ./mbed/TARGET_NUCLEO_F401RE/TOOLCHAIN_GCC_ARM/libmbed.a(wait_api.o)
                0x0000000008002f00                wait_ms
 .text.gpio_set
                0x0000000008002f0c       0x30 ./mbed/TARGET_NUCLEO_F401RE/TOOLCHAIN_GCC_ARM/libmbed.a(gpio_api.o)
                0x0000000008002f0c                gpio_set
 .text.gpio_init
                0x0000000008002f3c       0x2c ./mbed/TARGET_NUCLEO_F401RE/TOOLCHAIN_GCC_ARM/libmbed.a(gpio_api.o)
                0x0000000008002f3c                gpio_init
 .text.gpio_mode
                0x0000000008002f68        0x8 ./mbed/TARGET_NUCLEO_F401RE/TOOLCHAIN_GCC_ARM/libmbed.a(gpio_api.o)
                0x0000000008002f68                gpio_mode
 .text.gpio_dir
                0x0000000008002f70       0x40 ./mbed/TARGET_NUCLEO_F401RE/TOOLCHAIN_GCC_ARM/libmbed.a(gpio_api.o)
                0x0000000008002f70                gpio_dir
 .text.i2c_frequency
                0x0000000008002fb0       0x70 ./mbed/TARGET_NUCLEO_F401RE/TOOLCHAIN_GCC_ARM/libmbed.a(i2c_api.o)
                0x0000000008002fb0                i2c_frequency
 .text.i2c_reset
                0x0000000008003020       0x78 ./mbed/TARGET_NUCLEO_F401RE/TOOLCHAIN_GCC_ARM/libmbed.a(i2c_api.o)
                0x0000000008003020                i2c_reset
 .text.i2c_init
                0x0000000008003098      0x15c ./mbed/TARGET_NUCLEO_F401RE/TOOLCHAIN_GCC_ARM/libmbed.a(i2c_api.o)
                0x0000000008003098                i2c_init
 .text.Set_GPIO_Clock
                0x00000000080031f4       0xec ./mbed/TARGET_NUCLEO_F401RE/TOOLCHAIN_GCC_ARM/libmbed.a(pinmap.o)
                0x00000000080031f4                Set_GPIO_Clock
 .text.pin_function
                0x00000000080032e0       0x5c ./mbed/TARGET_NUCLEO_F401RE/TOOLCHAIN_GCC_ARM/libmbed.a(pinmap.o)
                0x00000000080032e0                pin_function
 .text.pin_mode
                0x000000000800333c       0x48 ./mbed/TARGET_NUCLEO_F401RE/TOOLCHAIN_GCC_ARM/libmbed.a(pinmap.o)
                0x000000000800333c                pin_mode
 .text.us_ticker_init
                0x0000000008003384       0x24 ./mbed/TARGET_NUCLEO_F401RE/TOOLCHAIN_GCC_ARM/libmbed.a(us_ticker.o)
                0x0000000008003384                us_ticker_init
 .text.us_ticker_read
                0x00000000080033a8       0x28 ./mbed/TARGET_NUCLEO_F401RE/TOOLCHAIN_GCC_ARM/libmbed.a(us_ticker.o)
                0x00000000080033a8                us_ticker_read
 .text.us_ticker_set_interrupt
                0x00000000080033d0       0x14 ./mbed/TARGET_NUCLEO_F401RE/TOOLCHAIN_GCC_ARM/libmbed.a(us_ticker.o)
                0x00000000080033d0                us_ticker_set_interrupt
 .text.us_ticker_disable_interrupt
                0x00000000080033e4       0x14 ./mbed/TARGET_NUCLEO_F401RE/TOOLCHAIN_GCC_ARM/libmbed.a(us_ticker.o)
                0x00000000080033e4                us_ticker_disable_interrupt
 .text.us_ticker_clear_interrupt
                0x00000000080033f8       0x10 ./mbed/TARGET_NUCLEO_F401RE/TOOLCHAIN_GCC_ARM/libmbed.a(us_ticker.o)
                0x00000000080033f8                us_ticker_clear_interrupt
 .text._ZN4mbed8FileLikeC2EPKc
                0x0000000008003408       0x28 ./mbed/TARGET_NUCLEO_F401RE/TOOLCHAIN_GCC_ARM/libmbed.a(FileLike.o)
                0x0000000008003408                mbed::FileLike::FileLike(char const*)
                0x0000000008003408                mbed::FileLike::FileLike(char const*)
 .text._ZN4mbed8FileLikeD2Ev
                0x0000000008003430       0x24 ./mbed/TARGET_NUCLEO_F401RE/TOOLCHAIN_GCC_ARM/libmbed.a(FileLike.o)
                0x0000000008003430                mbed::FileLike::~FileLike()
                0x0000000008003430                mbed::FileLike::~FileLike()
 .text._ZN4mbed8FileBaseD2Ev
                0x0000000008003454       0x30 ./mbed/TARGET_NUCLEO_F401RE/TOOLCHAIN_GCC_ARM/libmbed.a(FileBase.o)
                0x0000000008003454                mbed::FileBase::~FileBase()
                0x0000000008003454                mbed::FileBase::~FileBase()
 .text._ZN4mbed8FileBaseD0Ev
                0x0000000008003484       0x3c ./mbed/TARGET_NUCLEO_F401RE/TOOLCHAIN_GCC_ARM/libmbed.a(FileBase.o)
                0x0000000008003484                mbed::FileBase::~FileBase()
 .text._ZN4mbed8FileBaseC2EPKcNS_8PathTypeE
                0x00000000080034c0       0x28 ./mbed/TARGET_NUCLEO_F401RE/TOOLCHAIN_GCC_ARM/libmbed.a(FileBase.o)
                0x00000000080034c0                mbed::FileBase::FileBase(char const*, mbed::PathType)
                0x00000000080034c0                mbed::FileBase::FileBase(char const*, mbed::PathType)
 .text._ZN4mbed8FileBase6lookupEPKcj
                0x00000000080034e8       0x3c ./mbed/TARGET_NUCLEO_F401RE/TOOLCHAIN_GCC_ARM/libmbed.a(FileBase.o)
                0x00000000080034e8                mbed::FileBase::lookup(char const*, unsigned int)
 .text._ZN4mbed8FileBase11getPathTypeEv
                0x0000000008003524        0x4 ./mbed/TARGET_NUCLEO_F401RE/TOOLCHAIN_GCC_ARM/libmbed.a(FileBase.o)
                0x0000000008003524                mbed::FileBase::getPathType()
 .text.ticker_irq_handler
                0x0000000008003528       0x4c ./mbed/TARGET_NUCLEO_F401RE/TOOLCHAIN_GCC_ARM/libmbed.a(ticker_api.o)
                0x0000000008003528                ticker_irq_handler
 .text._ZdlPv   0x0000000008003574        0x4 /usr/bin/../lib/gcc/arm-none-eabi/4.9.3/../../../../arm-none-eabi/lib/armv7e-m/softfp/libstdc++_nano.a(del_op.o)
                0x0000000008003574                operator delete(void*)
 .text._Znwj    0x0000000008003578       0x22 /usr/bin/../lib/gcc/arm-none-eabi/4.9.3/../../../../arm-none-eabi/lib/armv7e-m/softfp/libstdc++_nano.a(new_op.o)
                0x0000000008003578                operator new(unsigned int)
 .text._ZdaPv   0x000000000800359a        0x4 /usr/bin/../lib/gcc/arm-none-eabi/4.9.3/../../../../arm-none-eabi/lib/armv7e-m/softfp/libstdc++_nano.a(del_opv.o)
                0x000000000800359a                operator delete[](void*)
 .text.__aeabi_atexit
                0x000000000800359e        0xa /usr/bin/../lib/gcc/arm-none-eabi/4.9.3/../../../../arm-none-eabi/lib/armv7e-m/softfp/libstdc++_nano.a(atexit_arm.o)
                0x000000000800359e                __aeabi_atexit
 .text._Znaj    0x00000000080035a8        0x4 /usr/bin/../lib/gcc/arm-none-eabi/4.9.3/../../../../arm-none-eabi/lib/armv7e-m/softfp/libstdc++_nano.a(new_opv.o)
                0x00000000080035a8                operator new[](unsigned int)
 .text._ZSt15get_new_handlerv
                0x00000000080035ac       0x10 /usr/bin/../lib/gcc/arm-none-eabi/4.9.3/../../../../arm-none-eabi/lib/armv7e-m/softfp/libstdc++_nano.a(new_handler.o)
                0x00000000080035ac                std::get_new_handler()
 .text.abort    0x00000000080035bc        0xe /usr/bin/../lib/gcc/arm-none-eabi/4.9.3/../../../../arm-none-eabi/lib/armv7e-m/softfp/libc_nano.a(lib_a-abort.o)
                0x00000000080035bc                abort
 .text.atexit   0x00000000080035ca        0xc /usr/bin/../lib/gcc/arm-none-eabi/4.9.3/../../../../arm-none-eabi/lib/armv7e-m/softfp/libc_nano.a(lib_a-atexit.o)
                0x00000000080035ca                atexit
 *fill*         0x00000000080035d6        0x2 
 .text.__cxa_atexit
                0x00000000080035d8       0x1c /usr/bin/../lib/gcc/arm-none-eabi/4.9.3/../../../../arm-none-eabi/lib/armv7e-m/softfp/libc_nano.a(lib_a-cxa_atexit.o)
                0x00000000080035d8                __cxa_atexit
 .text.__errno  0x00000000080035f4        0xc /usr/bin/../lib/gcc/arm-none-eabi/4.9.3/../../../../arm-none-eabi/lib/armv7e-m/softfp/libc_nano.a(lib_a-errno.o)
                0x00000000080035f4                __errno
 .text.exit     0x0000000008003600       0x28 /usr/bin/../lib/gcc/arm-none-eabi/4.9.3/../../../../arm-none-eabi/lib/armv7e-m/softfp/libc_nano.a(lib_a-exit.o)
                0x0000000008003600                exit
 .text._fclose_r
                0x0000000008003628       0xa4 /usr/bin/../lib/gcc/arm-none-eabi/4.9.3/../../../../arm-none-eabi/lib/armv7e-m/softfp/libc_nano.a(lib_a-fclose.o)
                0x0000000008003628                _fclose_r
 .text.fclose   0x00000000080036cc       0x10 /usr/bin/../lib/gcc/arm-none-eabi/4.9.3/../../../../arm-none-eabi/lib/armv7e-m/softfp/libc_nano.a(lib_a-fclose.o)
                0x00000000080036cc                fclose
 .text.__sflush_r
                0x00000000080036dc      0x108 /usr/bin/../lib/gcc/arm-none-eabi/4.9.3/../../../../arm-none-eabi/lib/armv7e-m/softfp/libc_nano.a(lib_a-fflush.o)
                0x00000000080036dc                __sflush_r
 .text._fflush_r
                0x00000000080037e4       0x54 /usr/bin/../lib/gcc/arm-none-eabi/4.9.3/../../../../arm-none-eabi/lib/armv7e-m/softfp/libc_nano.a(lib_a-fflush.o)
                0x00000000080037e4                _fflush_r
 .text.fflush   0x0000000008003838       0x24 /usr/bin/../lib/gcc/arm-none-eabi/4.9.3/../../../../arm-none-eabi/lib/armv7e-m/softfp/libc_nano.a(lib_a-fflush.o)
                0x0000000008003838                fflush
 .text._fgetc_r
                0x000000000800385c       0x58 /usr/bin/../lib/gcc/arm-none-eabi/4.9.3/../../../../arm-none-eabi/lib/armv7e-m/softfp/libc_nano.a(lib_a-fgetc.o)
                0x000000000800385c                _fgetc_r
 .text.fgetc    0x00000000080038b4       0x10 /usr/bin/../lib/gcc/arm-none-eabi/4.9.3/../../../../arm-none-eabi/lib/armv7e-m/softfp/libc_nano.a(lib_a-fgetc.o)
                0x00000000080038b4                fgetc
 .text._cleanup_r
                0x00000000080038c4        0xc /usr/bin/../lib/gcc/arm-none-eabi/4.9.3/../../../../arm-none-eabi/lib/armv7e-m/softfp/libc_nano.a(lib_a-findfp.o)
                0x00000000080038c4                _cleanup_r
 .text.std.isra.0
                0x00000000080038d0       0x48 /usr/bin/../lib/gcc/arm-none-eabi/4.9.3/../../../../arm-none-eabi/lib/armv7e-m/softfp/libc_nano.a(lib_a-findfp.o)
 .text.__sfmoreglue
                0x0000000008003918       0x2c /usr/bin/../lib/gcc/arm-none-eabi/4.9.3/../../../../arm-none-eabi/lib/armv7e-m/softfp/libc_nano.a(lib_a-findfp.o)
                0x0000000008003918                __sfmoreglue
 .text.__sinit  0x0000000008003944       0x60 /usr/bin/../lib/gcc/arm-none-eabi/4.9.3/../../../../arm-none-eabi/lib/armv7e-m/softfp/libc_nano.a(lib_a-findfp.o)
                0x0000000008003944                __sinit
 .text.__sfp    0x00000000080039a4       0x74 /usr/bin/../lib/gcc/arm-none-eabi/4.9.3/../../../../arm-none-eabi/lib/armv7e-m/softfp/libc_nano.a(lib_a-findfp.o)
                0x00000000080039a4                __sfp
 .text.__sfp_lock_acquire
                0x0000000008003a18        0x2 /usr/bin/../lib/gcc/arm-none-eabi/4.9.3/../../../../arm-none-eabi/lib/armv7e-m/softfp/libc_nano.a(lib_a-findfp.o)
                0x0000000008003a18                __sfp_lock_acquire
 .text.__sfp_lock_release
                0x0000000008003a1a        0x2 /usr/bin/../lib/gcc/arm-none-eabi/4.9.3/../../../../arm-none-eabi/lib/armv7e-m/softfp/libc_nano.a(lib_a-findfp.o)
                0x0000000008003a1a                __sfp_lock_release
 .text.__libc_fini_array
                0x0000000008003a1c       0x28 /usr/bin/../lib/gcc/arm-none-eabi/4.9.3/../../../../arm-none-eabi/lib/armv7e-m/softfp/libc_nano.a(lib_a-fini.o)
                0x0000000008003a1c                __libc_fini_array
 .text._fopen_r
                0x0000000008003a44       0x80 /usr/bin/../lib/gcc/arm-none-eabi/4.9.3/../../../../arm-none-eabi/lib/armv7e-m/softfp/libc_nano.a(lib_a-fopen.o)
                0x0000000008003a44                _fopen_r
 .text.fopen    0x0000000008003ac4       0x14 /usr/bin/../lib/gcc/arm-none-eabi/4.9.3/../../../../arm-none-eabi/lib/armv7e-m/softfp/libc_nano.a(lib_a-fopen.o)
                0x0000000008003ac4                fopen
 .text._fseek_r
                0x0000000008003ad8        0x4 /usr/bin/../lib/gcc/arm-none-eabi/4.9.3/../../../../arm-none-eabi/lib/armv7e-m/softfp/libc_nano.a(lib_a-fseek.o)
                0x0000000008003ad8                _fseek_r
 .text._fseeko_r
                0x0000000008003adc      0x118 /usr/bin/../lib/gcc/arm-none-eabi/4.9.3/../../../../arm-none-eabi/lib/armv7e-m/softfp/libc_nano.a(lib_a-fseeko.o)
                0x0000000008003adc                _fseeko_r
 .text._fwalk   0x0000000008003bf4       0x38 /usr/bin/../lib/gcc/arm-none-eabi/4.9.3/../../../../arm-none-eabi/lib/armv7e-m/softfp/libc_nano.a(lib_a-fwalk.o)
                0x0000000008003bf4                _fwalk
 .text._fwalk_reent
                0x0000000008003c2c       0x3c /usr/bin/../lib/gcc/arm-none-eabi/4.9.3/../../../../arm-none-eabi/lib/armv7e-m/softfp/libc_nano.a(lib_a-fwalk.o)
                0x0000000008003c2c                _fwalk_reent
 .text.__libc_init_array
                0x0000000008003c68       0x4c /usr/bin/../lib/gcc/arm-none-eabi/4.9.3/../../../../arm-none-eabi/lib/armv7e-m/softfp/libc_nano.a(lib_a-init.o)
                0x0000000008003c68                __libc_init_array
 .text.__smakebuf_r
                0x0000000008003cb4       0x9c /usr/bin/../lib/gcc/arm-none-eabi/4.9.3/../../../../arm-none-eabi/lib/armv7e-m/softfp/libc_nano.a(lib_a-makebuf.o)
                0x0000000008003cb4                __smakebuf_r
 .text.malloc   0x0000000008003d50       0x10 /usr/bin/../lib/gcc/arm-none-eabi/4.9.3/../../../../arm-none-eabi/lib/armv7e-m/softfp/libc_nano.a(lib_a-malloc.o)
                0x0000000008003d50                malloc
 .text.free     0x0000000008003d60       0x10 /usr/bin/../lib/gcc/arm-none-eabi/4.9.3/../../../../arm-none-eabi/lib/armv7e-m/softfp/libc_nano.a(lib_a-malloc.o)
                0x0000000008003d60                free
 .text.memchr   0x0000000008003d70       0x1e /usr/bin/../lib/gcc/arm-none-eabi/4.9.3/../../../../arm-none-eabi/lib/armv7e-m/softfp/libc_nano.a(lib_a-memchr.o)
                0x0000000008003d70                memchr
 .text.memcpy   0x0000000008003d8e       0x16 /usr/bin/../lib/gcc/arm-none-eabi/4.9.3/../../../../arm-none-eabi/lib/armv7e-m/softfp/libc_nano.a(lib_a-memcpy.o)
                0x0000000008003d8e                memcpy
 .text.memset   0x0000000008003da4       0x10 /usr/bin/../lib/gcc/arm-none-eabi/4.9.3/../../../../arm-none-eabi/lib/armv7e-m/softfp/libc_nano.a(lib_a-memset.o)
                0x0000000008003da4                memset
 .text._free_r  0x0000000008003db4       0x88 /usr/bin/../lib/gcc/arm-none-eabi/4.9.3/../../../../arm-none-eabi/lib/armv7e-m/softfp/libc_nano.a(lib_a-nano-freer.o)
                0x0000000008003db4                _free_r
 .text._malloc_r
                0x0000000008003e3c       0xac /usr/bin/../lib/gcc/arm-none-eabi/4.9.3/../../../../arm-none-eabi/lib/armv7e-m/softfp/libc_nano.a(lib_a-nano-mallocr.o)
                0x0000000008003e3c                _malloc_r
 .text.__sfputc_r
                0x0000000008003ee8       0x2c /usr/bin/../lib/gcc/arm-none-eabi/4.9.3/../../../../arm-none-eabi/lib/armv7e-m/softfp/libc_nano.a(lib_a-nano-vfprintf.o)
 .text.__sfputs_r
                0x0000000008003f14       0x24 /usr/bin/../lib/gcc/arm-none-eabi/4.9.3/../../../../arm-none-eabi/lib/armv7e-m/softfp/libc_nano.a(lib_a-nano-vfprintf.o)
                0x0000000008003f14                __sfputs_r
 .text._vfprintf_r
                0x0000000008003f38      0x210 /usr/bin/../lib/gcc/arm-none-eabi/4.9.3/../../../../arm-none-eabi/lib/armv7e-m/softfp/libc_nano.a(lib_a-nano-vfprintf.o)
                0x0000000008003f38                _vfiprintf_r
                0x0000000008003f38                _vfprintf_r
 .text.vfprintf
                0x0000000008004148       0x1c /usr/bin/../lib/gcc/arm-none-eabi/4.9.3/../../../../arm-none-eabi/lib/armv7e-m/softfp/libc_nano.a(lib_a-nano-vfprintf.o)
                0x0000000008004148                vfiprintf
                0x0000000008004148                vfprintf
 .text.__cvt    0x0000000008004164       0xc0 /usr/bin/../lib/gcc/arm-none-eabi/4.9.3/../../../../arm-none-eabi/lib/armv7e-m/softfp/libc_nano.a(lib_a-nano-vfprintf_float.o)
                0x0000000008004164                __cvt
 .text.__exponent
                0x0000000008004224       0x60 /usr/bin/../lib/gcc/arm-none-eabi/4.9.3/../../../../arm-none-eabi/lib/armv7e-m/softfp/libc_nano.a(lib_a-nano-vfprintf_float.o)
                0x0000000008004224                __exponent
 .text._printf_float
                0x0000000008004284      0x48c /usr/bin/../lib/gcc/arm-none-eabi/4.9.3/../../../../arm-none-eabi/lib/armv7e-m/softfp/libc_nano.a(lib_a-nano-vfprintf_float.o)
                0x0000000008004284                _printf_float
 .text._printf_common
                0x0000000008004710       0xea /usr/bin/../lib/gcc/arm-none-eabi/4.9.3/../../../../arm-none-eabi/lib/armv7e-m/softfp/libc_nano.a(lib_a-nano-vfprintf_i.o)
                0x0000000008004710                _printf_common
 *fill*         0x00000000080047fa        0x2 
 .text._printf_i
                0x00000000080047fc      0x240 /usr/bin/../lib/gcc/arm-none-eabi/4.9.3/../../../../arm-none-eabi/lib/armv7e-m/softfp/libc_nano.a(lib_a-nano-vfprintf_i.o)
                0x00000000080047fc                _printf_i
 .text._scanf_float
                0x0000000008004a3c      0x3cc /usr/bin/../lib/gcc/arm-none-eabi/4.9.3/../../../../arm-none-eabi/lib/armv7e-m/softfp/libc_nano.a(lib_a-nano-vfscanf_float.o)
                0x0000000008004a3c                _scanf_float
 .text._scanf_chars
                0x0000000008004e08       0xc0 /usr/bin/../lib/gcc/arm-none-eabi/4.9.3/../../../../arm-none-eabi/lib/armv7e-m/softfp/libc_nano.a(lib_a-nano-vfscanf_i.o)
                0x0000000008004e08                _scanf_chars
 .text._scanf_i
                0x0000000008004ec8      0x1e4 /usr/bin/../lib/gcc/arm-none-eabi/4.9.3/../../../../arm-none-eabi/lib/armv7e-m/softfp/libc_nano.a(lib_a-nano-vfscanf_i.o)
                0x0000000008004ec8                _scanf_i
 .text._open_r  0x00000000080050ac       0x24 /usr/bin/../lib/gcc/arm-none-eabi/4.9.3/../../../../arm-none-eabi/lib/armv7e-m/softfp/libc_nano.a(lib_a-openr.o)
                0x00000000080050ac                _open_r
 .text.printf   0x00000000080050d0       0x30 /usr/bin/../lib/gcc/arm-none-eabi/4.9.3/../../../../arm-none-eabi/lib/armv7e-m/softfp/libc_nano.a(lib_a-printf.o)
                0x00000000080050d0                printf
                0x00000000080050d0                iprintf
 .text._puts_r  0x0000000008005100       0xf0 /usr/bin/../lib/gcc/arm-none-eabi/4.9.3/../../../../arm-none-eabi/lib/armv7e-m/softfp/libc_nano.a(lib_a-puts.o)
                0x0000000008005100                _puts_r
 .text.puts     0x00000000080051f0       0x10 /usr/bin/../lib/gcc/arm-none-eabi/4.9.3/../../../../arm-none-eabi/lib/armv7e-m/softfp/libc_nano.a(lib_a-puts.o)
                0x00000000080051f0                puts
 .text.lflush   0x0000000008005200       0x12 /usr/bin/../lib/gcc/arm-none-eabi/4.9.3/../../../../arm-none-eabi/lib/armv7e-m/softfp/libc_nano.a(lib_a-refill.o)
 *fill*         0x0000000008005212        0x2 
 .text.__srefill_r
                0x0000000008005214      0x10c /usr/bin/../lib/gcc/arm-none-eabi/4.9.3/../../../../arm-none-eabi/lib/armv7e-m/softfp/libc_nano.a(lib_a-refill.o)
                0x0000000008005214                __srefill_r
 .text.__srget_r
                0x0000000008005320       0x58 /usr/bin/../lib/gcc/arm-none-eabi/4.9.3/../../../../arm-none-eabi/lib/armv7e-m/softfp/libc_nano.a(lib_a-rget.o)
                0x0000000008005320                __srget_r
 .text.__fpclassifyd
                0x0000000008005378       0x54 /usr/bin/../lib/gcc/arm-none-eabi/4.9.3/../../../../arm-none-eabi/lib/armv7e-m/softfp/libc_nano.a(lib_a-s_fpclassify.o)
                0x0000000008005378                __fpclassifyd
 .text._sbrk_r  0x00000000080053cc       0x20 /usr/bin/../lib/gcc/arm-none-eabi/4.9.3/../../../../arm-none-eabi/lib/armv7e-m/softfp/libc_nano.a(lib_a-sbrkr.o)
                0x00000000080053cc                _sbrk_r
 .text.__sccl   0x00000000080053ec       0x64 /usr/bin/../lib/gcc/arm-none-eabi/4.9.3/../../../../arm-none-eabi/lib/armv7e-m/softfp/libc_nano.a(lib_a-sccl.o)
                0x00000000080053ec                __sccl
 .text.setbuf   0x0000000008005450       0x10 /usr/bin/../lib/gcc/arm-none-eabi/4.9.3/../../../../arm-none-eabi/lib/armv7e-m/softfp/libc_nano.a(lib_a-setbuf.o)
                0x0000000008005450                setbuf
 .text.setvbuf  0x0000000008005460      0x110 /usr/bin/../lib/gcc/arm-none-eabi/4.9.3/../../../../arm-none-eabi/lib/armv7e-m/softfp/libc_nano.a(lib_a-setvbuf.o)
                0x0000000008005460                setvbuf
 .text.nanf     0x0000000008005570        0x8 /usr/bin/../lib/gcc/arm-none-eabi/4.9.3/../../../../arm-none-eabi/lib/armv7e-m/softfp/libc_nano.a(lib_a-sf_nan.o)
                0x0000000008005570                nanf
 .text._raise_r
                0x0000000008005578       0x50 /usr/bin/../lib/gcc/arm-none-eabi/4.9.3/../../../../arm-none-eabi/lib/armv7e-m/softfp/libc_nano.a(lib_a-signal.o)
                0x0000000008005578                _raise_r
 .text.raise    0x00000000080055c8       0x10 /usr/bin/../lib/gcc/arm-none-eabi/4.9.3/../../../../arm-none-eabi/lib/armv7e-m/softfp/libc_nano.a(lib_a-signal.o)
                0x00000000080055c8                raise
 .text._kill_r  0x00000000080055d8       0x24 /usr/bin/../lib/gcc/arm-none-eabi/4.9.3/../../../../arm-none-eabi/lib/armv7e-m/softfp/libc_nano.a(lib_a-signalr.o)
                0x00000000080055d8                _kill_r
 .text._getpid_r
                0x00000000080055fc        0x4 /usr/bin/../lib/gcc/arm-none-eabi/4.9.3/../../../../arm-none-eabi/lib/armv7e-m/softfp/libc_nano.a(lib_a-signalr.o)
                0x00000000080055fc                _getpid_r
 .text.sprintf  0x0000000008005600       0x48 /usr/bin/../lib/gcc/arm-none-eabi/4.9.3/../../../../arm-none-eabi/lib/armv7e-m/softfp/libc_nano.a(lib_a-sprintf.o)
                0x0000000008005600                sprintf
                0x0000000008005600                siprintf
 .text.sscanf   0x0000000008005648       0x54 /usr/bin/../lib/gcc/arm-none-eabi/4.9.3/../../../../arm-none-eabi/lib/armv7e-m/softfp/libc_nano.a(lib_a-sscanf.o)
                0x0000000008005648                sscanf
                0x0000000008005648                siscanf
 .text.__sread  0x000000000800569c       0x22 /usr/bin/../lib/gcc/arm-none-eabi/4.9.3/../../../../arm-none-eabi/lib/armv7e-m/softfp/libc_nano.a(lib_a-stdio.o)
                0x000000000800569c                __sread
 .text.__seofread
                0x00000000080056be        0x4 /usr/bin/../lib/gcc/arm-none-eabi/4.9.3/../../../../arm-none-eabi/lib/armv7e-m/softfp/libc_nano.a(lib_a-stdio.o)
                0x00000000080056be                __seofread
 .text.__swrite
                0x00000000080056c2       0x38 /usr/bin/../lib/gcc/arm-none-eabi/4.9.3/../../../../arm-none-eabi/lib/armv7e-m/softfp/libc_nano.a(lib_a-stdio.o)
                0x00000000080056c2                __swrite
 .text.__sseek  0x00000000080056fa       0x24 /usr/bin/../lib/gcc/arm-none-eabi/4.9.3/../../../../arm-none-eabi/lib/armv7e-m/softfp/libc_nano.a(lib_a-stdio.o)
                0x00000000080056fa                __sseek
 .text.__sclose
                0x000000000800571e        0x8 /usr/bin/../lib/gcc/arm-none-eabi/4.9.3/../../../../arm-none-eabi/lib/armv7e-m/softfp/libc_nano.a(lib_a-stdio.o)
                0x000000000800571e                __sclose
 .text          0x0000000008005726       0x14 /usr/bin/../lib/gcc/arm-none-eabi/4.9.3/../../../../arm-none-eabi/lib/armv7e-m/softfp/libc_nano.a(lib_a-strcmp.o)
                0x0000000008005726                strcmp
 .text.strlen   0x000000000800573a       0x10 /usr/bin/../lib/gcc/arm-none-eabi/4.9.3/../../../../arm-none-eabi/lib/armv7e-m/softfp/libc_nano.a(lib_a-strlen.o)
                0x000000000800573a                strlen
 .text.strncmp  0x000000000800574a       0x34 /usr/bin/../lib/gcc/arm-none-eabi/4.9.3/../../../../arm-none-eabi/lib/armv7e-m/softfp/libc_nano.a(lib_a-strncmp.o)
                0x000000000800574a                strncmp
 .text.match    0x000000000800577e       0x26 /usr/bin/../lib/gcc/arm-none-eabi/4.9.3/../../../../arm-none-eabi/lib/armv7e-m/softfp/libc_nano.a(lib_a-strtod.o)
 .text.sulp     0x00000000080057a4       0x42 /usr/bin/../lib/gcc/arm-none-eabi/4.9.3/../../../../arm-none-eabi/lib/armv7e-m/softfp/libc_nano.a(lib_a-strtod.o)
 *fill*         0x00000000080057e6        0x2 
 .text._strtod_r
                0x00000000080057e8      0xc24 /usr/bin/../lib/gcc/arm-none-eabi/4.9.3/../../../../arm-none-eabi/lib/armv7e-m/softfp/libc_nano.a(lib_a-strtod.o)
                0x00000000080057e8                _strtod_r
 .text._strtol_r
                0x000000000800640c      0x10c /usr/bin/../lib/gcc/arm-none-eabi/4.9.3/../../../../arm-none-eabi/lib/armv7e-m/softfp/libc_nano.a(lib_a-strtol.o)
                0x000000000800640c                _strtol_r
 .text._strtoul_r
                0x0000000008006518       0xf8 /usr/bin/../lib/gcc/arm-none-eabi/4.9.3/../../../../arm-none-eabi/lib/armv7e-m/softfp/libc_nano.a(lib_a-strtoul.o)
                0x0000000008006518                _strtoul_r
 .text.__submore
                0x0000000008006610       0x76 /usr/bin/../lib/gcc/arm-none-eabi/4.9.3/../../../../arm-none-eabi/lib/armv7e-m/softfp/libc_nano.a(lib_a-ungetc.o)
                0x0000000008006610                __submore
 *fill*         0x0000000008006686        0x2 
 .text.__swbuf_r
                0x0000000008006688       0xa8 /usr/bin/../lib/gcc/arm-none-eabi/4.9.3/../../../../arm-none-eabi/lib/armv7e-m/softfp/libc_nano.a(lib_a-wbuf.o)
                0x0000000008006688                __swbuf_r
 .text._write_r
                0x0000000008006730       0x24 /usr/bin/../lib/gcc/arm-none-eabi/4.9.3/../../../../arm-none-eabi/lib/armv7e-m/softfp/libc_nano.a(lib_a-writer.o)
                0x0000000008006730                _write_r
 .text.__swsetup_r
                0x0000000008006754       0xd8 /usr/bin/../lib/gcc/arm-none-eabi/4.9.3/../../../../arm-none-eabi/lib/armv7e-m/softfp/libc_nano.a(lib_a-wsetup.o)
                0x0000000008006754                __swsetup_r
 .text.__register_exitproc
                0x000000000800682c       0xb8 /usr/bin/../lib/gcc/arm-none-eabi/4.9.3/../../../../arm-none-eabi/lib/armv7e-m/softfp/libc_nano.a(lib_a-__atexit.o)
                0x000000000800682c                __register_exitproc
 .text.__call_exitprocs
                0x00000000080068e4       0xd4 /usr/bin/../lib/gcc/arm-none-eabi/4.9.3/../../../../arm-none-eabi/lib/armv7e-m/softfp/libc_nano.a(lib_a-__call_atexit.o)
                0x00000000080068e4                __call_exitprocs
 .text._close_r
                0x00000000080069b8       0x20 /usr/bin/../lib/gcc/arm-none-eabi/4.9.3/../../../../arm-none-eabi/lib/armv7e-m/softfp/libc_nano.a(lib_a-closer.o)
                0x00000000080069b8                _close_r
 .text.quorem   0x00000000080069d8      0x11a /usr/bin/../lib/gcc/arm-none-eabi/4.9.3/../../../../arm-none-eabi/lib/armv7e-m/softfp/libc_nano.a(lib_a-dtoa.o)
 *fill*         0x0000000008006af2        0x6 
 .text._dtoa_r  0x0000000008006af8      0xb88 /usr/bin/../lib/gcc/arm-none-eabi/4.9.3/../../../../arm-none-eabi/lib/armv7e-m/softfp/libc_nano.a(lib_a-dtoa.o)
                0x0000000008006af8                _dtoa_r
 .text.__sflags
                0x0000000008007680       0x6e /usr/bin/../lib/gcc/arm-none-eabi/4.9.3/../../../../arm-none-eabi/lib/armv7e-m/softfp/libc_nano.a(lib_a-flags.o)
                0x0000000008007680                __sflags
 *fill*         0x00000000080076ee        0x2 
 .text._fstat_r
                0x00000000080076f0       0x24 /usr/bin/../lib/gcc/arm-none-eabi/4.9.3/../../../../arm-none-eabi/lib/armv7e-m/softfp/libc_nano.a(lib_a-fstatr.o)
                0x00000000080076f0                _fstat_r
 .text.rshift   0x0000000008007714       0x6c /usr/bin/../lib/gcc/arm-none-eabi/4.9.3/../../../../arm-none-eabi/lib/armv7e-m/softfp/libc_nano.a(lib_a-gdtoa-gethex.o)
 .text.__hexdig_fun
                0x0000000008007780       0x2a /usr/bin/../lib/gcc/arm-none-eabi/4.9.3/../../../../arm-none-eabi/lib/armv7e-m/softfp/libc_nano.a(lib_a-gdtoa-gethex.o)
                0x0000000008007780                __hexdig_fun
 .text.__gethex
                0x00000000080077aa      0x44a /usr/bin/../lib/gcc/arm-none-eabi/4.9.3/../../../../arm-none-eabi/lib/armv7e-m/softfp/libc_nano.a(lib_a-gdtoa-gethex.o)
                0x00000000080077aa                __gethex
 .text.L_shift  0x0000000008007bf4       0x24 /usr/bin/../lib/gcc/arm-none-eabi/4.9.3/../../../../arm-none-eabi/lib/armv7e-m/softfp/libc_nano.a(lib_a-gdtoa-hexnan.o)
 .text.__hexnan
                0x0000000008007c18      0x114 /usr/bin/../lib/gcc/arm-none-eabi/4.9.3/../../../../arm-none-eabi/lib/armv7e-m/softfp/libc_nano.a(lib_a-gdtoa-hexnan.o)
                0x0000000008007c18                __hexnan
 .text._isatty_r
                0x0000000008007d2c       0x20 /usr/bin/../lib/gcc/arm-none-eabi/4.9.3/../../../../arm-none-eabi/lib/armv7e-m/softfp/libc_nano.a(lib_a-isattyr.o)
                0x0000000008007d2c                _isatty_r
 .text._localeconv_r
                0x0000000008007d4c        0x8 /usr/bin/../lib/gcc/arm-none-eabi/4.9.3/../../../../arm-none-eabi/lib/armv7e-m/softfp/libc_nano.a(lib_a-locale.o)
                0x0000000008007d4c                _localeconv_r
 .text._lseek_r
                0x0000000008007d54       0x24 /usr/bin/../lib/gcc/arm-none-eabi/4.9.3/../../../../arm-none-eabi/lib/armv7e-m/softfp/libc_nano.a(lib_a-lseekr.o)
                0x0000000008007d54                _lseek_r
 .text.memmove  0x0000000008007d78       0x36 /usr/bin/../lib/gcc/arm-none-eabi/4.9.3/../../../../arm-none-eabi/lib/armv7e-m/softfp/libc_nano.a(lib_a-memmove.o)
                0x0000000008007d78                memmove
 .text._Balloc  0x0000000008007dae       0x6a /usr/bin/../lib/gcc/arm-none-eabi/4.9.3/../../../../arm-none-eabi/lib/armv7e-m/softfp/libc_nano.a(lib_a-mprec.o)
                0x0000000008007dae                _Balloc
 .text._Bfree   0x0000000008007e18       0x2e /usr/bin/../lib/gcc/arm-none-eabi/4.9.3/../../../../arm-none-eabi/lib/armv7e-m/softfp/libc_nano.a(lib_a-mprec.o)
                0x0000000008007e18                _Bfree
 .text.__multadd
                0x0000000008007e46       0x7c /usr/bin/../lib/gcc/arm-none-eabi/4.9.3/../../../../arm-none-eabi/lib/armv7e-m/softfp/libc_nano.a(lib_a-mprec.o)
                0x0000000008007e46                __multadd
 .text.__s2b    0x0000000008007ec2       0x80 /usr/bin/../lib/gcc/arm-none-eabi/4.9.3/../../../../arm-none-eabi/lib/armv7e-m/softfp/libc_nano.a(lib_a-mprec.o)
                0x0000000008007ec2                __s2b
 .text.__hi0bits
                0x0000000008007f42       0x40 /usr/bin/../lib/gcc/arm-none-eabi/4.9.3/../../../../arm-none-eabi/lib/armv7e-m/softfp/libc_nano.a(lib_a-mprec.o)
                0x0000000008007f42                __hi0bits
 .text.__lo0bits
                0x0000000008007f82       0x5a /usr/bin/../lib/gcc/arm-none-eabi/4.9.3/../../../../arm-none-eabi/lib/armv7e-m/softfp/libc_nano.a(lib_a-mprec.o)
                0x0000000008007f82                __lo0bits
 .text.__i2b    0x0000000008007fdc       0x12 /usr/bin/../lib/gcc/arm-none-eabi/4.9.3/../../../../arm-none-eabi/lib/armv7e-m/softfp/libc_nano.a(lib_a-mprec.o)
                0x0000000008007fdc                __i2b
 .text.__multiply
                0x0000000008007fee      0x122 /usr/bin/../lib/gcc/arm-none-eabi/4.9.3/../../../../arm-none-eabi/lib/armv7e-m/softfp/libc_nano.a(lib_a-mprec.o)
                0x0000000008007fee                __multiply
 .text.__pow5mult
                0x0000000008008110       0x9c /usr/bin/../lib/gcc/arm-none-eabi/4.9.3/../../../../arm-none-eabi/lib/armv7e-m/softfp/libc_nano.a(lib_a-mprec.o)
                0x0000000008008110                __pow5mult
 .text.__lshift
                0x00000000080081ac       0xa6 /usr/bin/../lib/gcc/arm-none-eabi/4.9.3/../../../../arm-none-eabi/lib/armv7e-m/softfp/libc_nano.a(lib_a-mprec.o)
                0x00000000080081ac                __lshift
 .text.__mcmp   0x0000000008008252       0x38 /usr/bin/../lib/gcc/arm-none-eabi/4.9.3/../../../../arm-none-eabi/lib/armv7e-m/softfp/libc_nano.a(lib_a-mprec.o)
                0x0000000008008252                __mcmp
 .text.__mdiff  0x000000000800828a       0xbe /usr/bin/../lib/gcc/arm-none-eabi/4.9.3/../../../../arm-none-eabi/lib/armv7e-m/softfp/libc_nano.a(lib_a-mprec.o)
                0x000000000800828a                __mdiff
 .text.__ulp    0x0000000008008348       0x48 /usr/bin/../lib/gcc/arm-none-eabi/4.9.3/../../../../arm-none-eabi/lib/armv7e-m/softfp/libc_nano.a(lib_a-mprec.o)
                0x0000000008008348                __ulp
 .text.__b2d    0x0000000008008390       0x9e /usr/bin/../lib/gcc/arm-none-eabi/4.9.3/../../../../arm-none-eabi/lib/armv7e-m/softfp/libc_nano.a(lib_a-mprec.o)
                0x0000000008008390                __b2d
 .text.__d2b    0x000000000800842e       0xa4 /usr/bin/../lib/gcc/arm-none-eabi/4.9.3/../../../../arm-none-eabi/lib/armv7e-m/softfp/libc_nano.a(lib_a-mprec.o)
                0x000000000800842e                __d2b
 .text.__ratio  0x00000000080084d2       0x52 /usr/bin/../lib/gcc/arm-none-eabi/4.9.3/../../../../arm-none-eabi/lib/armv7e-m/softfp/libc_nano.a(lib_a-mprec.o)
                0x00000000080084d2                __ratio
 .text.__copybits
                0x0000000008008524       0x34 /usr/bin/../lib/gcc/arm-none-eabi/4.9.3/../../../../arm-none-eabi/lib/armv7e-m/softfp/libc_nano.a(lib_a-mprec.o)
                0x0000000008008524                __copybits
 .text.__any_on
                0x0000000008008558       0x44 /usr/bin/../lib/gcc/arm-none-eabi/4.9.3/../../../../arm-none-eabi/lib/armv7e-m/softfp/libc_nano.a(lib_a-mprec.o)
                0x0000000008008558                __any_on
 .text._calloc_r
                0x000000000800859c       0x1c /usr/bin/../lib/gcc/arm-none-eabi/4.9.3/../../../../arm-none-eabi/lib/armv7e-m/softfp/libc_nano.a(lib_a-nano-callocr.o)
                0x000000000800859c                _calloc_r
 .text._realloc_r
                0x00000000080085b8       0x4c /usr/bin/../lib/gcc/arm-none-eabi/4.9.3/../../../../arm-none-eabi/lib/armv7e-m/softfp/libc_nano.a(lib_a-nano-reallocr.o)
                0x00000000080085b8                _realloc_r
 .text.__ssputs_r
                0x0000000008008604       0xb2 /usr/bin/../lib/gcc/arm-none-eabi/4.9.3/../../../../arm-none-eabi/lib/armv7e-m/softfp/libc_nano.a(lib_a-nano-svfprintf.o)
                0x0000000008008604                __ssputs_r
 *fill*         0x00000000080086b6        0x2 
 .text._svfprintf_r
                0x00000000080086b8      0x1e4 /usr/bin/../lib/gcc/arm-none-eabi/4.9.3/../../../../arm-none-eabi/lib/armv7e-m/softfp/libc_nano.a(lib_a-nano-svfprintf.o)
                0x00000000080086b8                _svfprintf_r
                0x00000000080086b8                _svfiprintf_r
 .text._sungetc_r
                0x000000000800889c       0x7a /usr/bin/../lib/gcc/arm-none-eabi/4.9.3/../../../../arm-none-eabi/lib/armv7e-m/softfp/libc_nano.a(lib_a-nano-svfscanf.o)
                0x000000000800889c                _sungetc_r
 .text.__ssrefill_r
                0x0000000008008916       0x3a /usr/bin/../lib/gcc/arm-none-eabi/4.9.3/../../../../arm-none-eabi/lib/armv7e-m/softfp/libc_nano.a(lib_a-nano-svfscanf.o)
                0x0000000008008916                __ssrefill_r
 .text.__ssvfscanf_r
                0x0000000008008950      0x29c /usr/bin/../lib/gcc/arm-none-eabi/4.9.3/../../../../arm-none-eabi/lib/armv7e-m/softfp/libc_nano.a(lib_a-nano-svfscanf.o)
                0x0000000008008950                __ssvfscanf_r
                0x0000000008008950                __ssvfiscanf_r
 .text._read_r  0x0000000008008bec       0x24 /usr/bin/../lib/gcc/arm-none-eabi/4.9.3/../../../../arm-none-eabi/lib/armv7e-m/softfp/libc_nano.a(lib_a-readr.o)
                0x0000000008008bec                _read_r
 .text._malloc_usable_size_r
                0x0000000008008c10       0x14 /usr/bin/../lib/gcc/arm-none-eabi/4.9.3/../../../../arm-none-eabi/lib/armv7e-m/softfp/libc_nano.a(lib_a-nano-msizer.o)
                0x0000000008008c10                _malloc_usable_size_r
 .text          0x0000000008008c24      0x370 /usr/bin/../lib/gcc/arm-none-eabi/4.9.3/armv7e-m/softfp/libgcc.a(_arm_addsubdf3.o)
                0x0000000008008c24                __aeabi_drsub
                0x0000000008008c2c                __aeabi_dsub
                0x0000000008008c2c                __subdf3
                0x0000000008008c30                __adddf3
                0x0000000008008c30                __aeabi_dadd
                0x0000000008008ea8                __aeabi_ui2d
                0x0000000008008ea8                __floatunsidf
                0x0000000008008ec8                __floatsidf
                0x0000000008008ec8                __aeabi_i2d
                0x0000000008008eec                __extendsfdf2
                0x0000000008008eec                __aeabi_f2d
                0x0000000008008f28                __aeabi_ul2d
                0x0000000008008f28                __floatundidf
                0x0000000008008f38                __floatdidf
                0x0000000008008f38                __aeabi_l2d
 .text          0x0000000008008f94      0x424 /usr/bin/../lib/gcc/arm-none-eabi/4.9.3/armv7e-m/softfp/libgcc.a(_arm_muldivdf3.o)
                0x0000000008008f94                __aeabi_dmul
                0x0000000008008f94                __muldf3
                0x00000000080091e8                __aeabi_ddiv
                0x00000000080091e8                __divdf3
 .text          0x00000000080093b8      0x110 /usr/bin/../lib/gcc/arm-none-eabi/4.9.3/armv7e-m/softfp/libgcc.a(_arm_cmpdf2.o)
                0x00000000080093b8                __gtdf2
                0x00000000080093b8                __gedf2
                0x00000000080093c0                __ltdf2
                0x00000000080093c0                __ledf2
                0x00000000080093c8                __cmpdf2
                0x00000000080093c8                __eqdf2
                0x00000000080093c8                __nedf2
                0x0000000008009444                __aeabi_cdrcmple
                0x0000000008009454                __aeabi_cdcmple
                0x0000000008009454                __aeabi_cdcmpeq
                0x0000000008009464                __aeabi_dcmpeq
                0x0000000008009478                __aeabi_dcmplt
                0x000000000800948c                __aeabi_dcmple
                0x00000000080094a0                __aeabi_dcmpge
                0x00000000080094b4                __aeabi_dcmpgt
 .text          0x00000000080094c8       0x50 /usr/bin/../lib/gcc/arm-none-eabi/4.9.3/armv7e-m/softfp/libgcc.a(_arm_fixdfsi.o)
                0x00000000080094c8                __fixdfsi
                0x00000000080094c8                __aeabi_d2iz
 .text          0x0000000008009518       0x40 /usr/bin/../lib/gcc/arm-none-eabi/4.9.3/armv7e-m/softfp/libgcc.a(_arm_fixunsdfsi.o)
                0x0000000008009518                __fixunsdfsi
                0x0000000008009518                __aeabi_d2uiz
 .text          0x0000000008009558       0xa0 /usr/bin/../lib/gcc/arm-none-eabi/4.9.3/armv7e-m/softfp/libgcc.a(_arm_truncdfsf2.o)
                0x0000000008009558                __aeabi_d2f
                0x0000000008009558                __truncdfsf2
 .text._getpid  0x00000000080095f8       0x10 /usr/bin/../lib/gcc/arm-none-eabi/4.9.3/../../../../arm-none-eabi/lib/armv7e-m/softfp/libnosys.a(getpid.o)
                0x00000000080095f8                _getpid
 .text._kill    0x0000000008009608       0x10 /usr/bin/../lib/gcc/arm-none-eabi/4.9.3/../../../../arm-none-eabi/lib/armv7e-m/softfp/libnosys.a(kill.o)
                0x0000000008009608                _kill
 *(.init)
 .init          0x0000000008009618        0x4 /usr/bin/../lib/gcc/arm-none-eabi/4.9.3/armv7e-m/softfp/crti.o
                0x0000000008009618                _init
 .init          0x000000000800961c        0x8 /usr/bin/../lib/gcc/arm-none-eabi/4.9.3/armv7e-m/softfp/crtn.o
 *(.fini)
 .fini          0x0000000008009624        0x4 /usr/bin/../lib/gcc/arm-none-eabi/4.9.3/armv7e-m/softfp/crti.o
                0x0000000008009624                _fini
 .fini          0x0000000008009628        0x8 /usr/bin/../lib/gcc/arm-none-eabi/4.9.3/armv7e-m/softfp/crtn.o
 *crtbegin.o(.ctors)
 *crtbegin?.o(.ctors)
 *(EXCLUDE_FILE(*crtend.o *crtend?.o) .ctors)
 *(SORT(.ctors.*))
 *(.ctors)
 *crtbegin.o(.dtors)
 *crtbegin?.o(.dtors)
 *(EXCLUDE_FILE(*crtend.o *crtend?.o) .dtors)
 *(SORT(.dtors.*))
 *(.dtors)
 *(.rodata*)
 .rodata.os_maxtaskrun
                0x0000000008009630        0x2 mbed-rtos/rtx/TARGET_CORTEX_M/RTX_Conf_CM.o
                0x0000000008009630                os_maxtaskrun
 .rodata.os_flags
                0x0000000008009632        0x1 mbed-rtos/rtx/TARGET_CORTEX_M/RTX_Conf_CM.o
                0x0000000008009632                os_flags
 *fill*         0x0000000008009633        0x1 
 .rodata.os_clockrate
                0x0000000008009634        0x4 mbed-rtos/rtx/TARGET_CORTEX_M/RTX_Conf_CM.o
                0x0000000008009634                os_clockrate
 .rodata.idle_task_stack_size
                0x0000000008009638        0x2 mbed-rtos/rtx/TARGET_CORTEX_M/RTX_Conf_CM.o
                0x0000000008009638                idle_task_stack_size
 .rodata.os_fifo_size
                0x000000000800963a        0x1 mbed-rtos/rtx/TARGET_CORTEX_M/RTX_Conf_CM.o
                0x000000000800963a                os_fifo_size
 *fill*         0x000000000800963b        0x1 
 .rodata.os_trv
                0x000000000800963c        0x4 mbed-rtos/rtx/TARGET_CORTEX_M/RTX_Conf_CM.o
                0x000000000800963c                os_trv
 .rodata.os_rrobin
                0x0000000008009640        0x4 mbed-rtos/rtx/TARGET_CORTEX_M/RTX_Conf_CM.o
                0x0000000008009640                os_rrobin
 .rodata.str1.1
                0x0000000008009644       0x52 main.o
 *fill*         0x0000000008009696        0x2 
 .rodata._ZTVN4rtos6ThreadE
                0x0000000008009698       0x10 mbed-rtos/rtos/Thread.o
                0x0000000008009698                vtable for rtos::Thread
 .rodata.str1.4
                0x00000000080096a8       0x86 mbed/TARGET_NUCLEO_F401RE/TOOLCHAIN_GCC_ARM/board.o
 *fill*         0x000000000800972e        0x2 
 .rodata.__stdin_name
                0x0000000008009730        0x7 mbed/TARGET_NUCLEO_F401RE/TOOLCHAIN_GCC_ARM/retarget.o
                0x0000000008009730                __stdin_name
 *fill*         0x0000000008009737        0x1 
 .rodata.__stderr_name
                0x0000000008009738        0x8 mbed/TARGET_NUCLEO_F401RE/TOOLCHAIN_GCC_ARM/retarget.o
                0x0000000008009738                __stderr_name
 .rodata.__stdout_name
                0x0000000008009740        0x8 mbed/TARGET_NUCLEO_F401RE/TOOLCHAIN_GCC_ARM/retarget.o
                0x0000000008009740                __stdout_name
 .rodata._ZTVN4mbed10FileHandleE
                0x0000000008009748       0x2c mbed/TARGET_NUCLEO_F401RE/TOOLCHAIN_GCC_ARM/retarget.o
                0x0000000008009748                vtable for mbed::FileHandle
 .rodata.str1.4
                0x0000000008009774        0xe mbed/TARGET_NUCLEO_F401RE/TOOLCHAIN_GCC_ARM/retarget.o
 *fill*         0x0000000008009782        0x2 
 .rodata.APBAHBPrescTable
                0x0000000008009784       0x10 mbed/TARGET_NUCLEO_F401RE/TOOLCHAIN_GCC_ARM/stm32f4xx_hal_rcc.o
                0x0000000008009784                APBAHBPrescTable
 .rodata.AHBPrescTable
                0x0000000008009794       0x10 mbed/TARGET_NUCLEO_F401RE/TOOLCHAIN_GCC_ARM/system_stm32f4xx.o
                0x0000000008009794                AHBPrescTable
 .rodata.str1.4
                0x00000000080097a4       0xd1 ./mbed/TARGET_NUCLEO_F401RE/TOOLCHAIN_GCC_ARM/libmbed.a(serial_api.o)
 *fill*         0x0000000008009875        0x3 
 .rodata._ZTVN4mbed6SerialE
                0x0000000008009878       0x5c ./mbed/TARGET_NUCLEO_F401RE/TOOLCHAIN_GCC_ARM/libmbed.a(Serial.o)
                0x0000000008009878                vtable for mbed::Serial
 *fill*         0x00000000080098d4        0x4 
 .rodata._ZTVN4mbed10SerialBaseE
                0x00000000080098d8       0x10 ./mbed/TARGET_NUCLEO_F401RE/TOOLCHAIN_GCC_ARM/libmbed.a(SerialBase.o)
                0x00000000080098d8                vtable for mbed::SerialBase
 .rodata._ZTVN4mbed6StreamE
                0x00000000080098e8       0x44 ./mbed/TARGET_NUCLEO_F401RE/TOOLCHAIN_GCC_ARM/libmbed.a(Stream.o)
                0x00000000080098e8                vtable for mbed::Stream
 .rodata.str1.4
                0x000000000800992c        0x3 ./mbed/TARGET_NUCLEO_F401RE/TOOLCHAIN_GCC_ARM/libmbed.a(Stream.o)
                                          0x7 (size before relaxing)
 *fill*         0x000000000800992f        0x1 
 .rodata.str1.4
                0x0000000008009930       0x31 ./mbed/TARGET_NUCLEO_F401RE/TOOLCHAIN_GCC_ARM/libmbed.a(assert.o)
 .rodata.str1.4
                0x0000000000000000       0x86 ./mbed/TARGET_NUCLEO_F401RE/TOOLCHAIN_GCC_ARM/libmbed.a(gpio.o)
 *fill*         0x0000000008009961        0x3 
 .rodata.str1.4
                0x0000000008009964       0x66 ./mbed/TARGET_NUCLEO_F401RE/TOOLCHAIN_GCC_ARM/libmbed.a(pinmap_common.o)
 *fill*         0x00000000080099ca        0x2 
 .rodata.us_interface
                0x00000000080099cc       0x14 ./mbed/TARGET_NUCLEO_F401RE/TOOLCHAIN_GCC_ARM/libmbed.a(us_ticker_api.o)
 .rodata.us_data
                0x00000000080099e0        0x8 ./mbed/TARGET_NUCLEO_F401RE/TOOLCHAIN_GCC_ARM/libmbed.a(us_ticker_api.o)
 .rodata.PinMap_I2C_SDA
                0x00000000080099e8       0x48 ./mbed/TARGET_NUCLEO_F401RE/TOOLCHAIN_GCC_ARM/libmbed.a(PeripheralPins.o)
                0x00000000080099e8                PinMap_I2C_SDA
 .rodata.PinMap_UART_RX
                0x0000000008009a30       0x48 ./mbed/TARGET_NUCLEO_F401RE/TOOLCHAIN_GCC_ARM/libmbed.a(PeripheralPins.o)
                0x0000000008009a30                PinMap_UART_RX
 .rodata.PinMap_I2C_SCL